<html>
<body>
<pre>
<h1>µVision Build Log</h1>
<h2>Tool Versions:</h2>
IDE-Version: µVision V5.36.0.0
Copyright (C) 2021 ARM Ltd and ARM Germany GmbH. All rights reserved.
License Information: adem marangoz, xxxx, LIC=MPPLD-8728T-DYKV3-AHKXQ-VDYAA-QQKDE
 
Tool Versions:
Toolchain:       MDK-ARM Plus  Version: 5.36.0.0
Toolchain Path:  C:\Keil_v5\ARM\ARMCC\Bin
C Compiler:      Armcc.exe V5.06 update 7 (build 960)
Assembler:       Armasm.exe V5.06 update 7 (build 960)
Linker/Locator:  ArmLink.exe V5.06 update 7 (build 960)
Library Manager: ArmAr.exe V5.06 update 7 (build 960)
Hex Converter:   FromElf.exe V5.06 update 7 (build 960)
CPU DLL:         SARMCM3.DLL V5.36.0.0
Dialog DLL:      DARMCM1.DLL V1.19.4.0
Target DLL:      STLink\ST-LINKIII-KEIL_SWO.dll V3.0.9.0
Dialog DLL:      TARMCM1.DLL V1.14.4.0
 
<h2>Project:</h2>
C:\Users\Adem M\Desktop\Barfas Project\Smart_Lock_V1.06\MDK-ARM\Smart_Lock.uvprojx
Project File Date:  04/06/2024

<h2>Output:</h2>
*** Using Compiler 'V5.06 update 7 (build 960)', folder: 'C:\Keil_v5\ARM\ARMCC\Bin'
Build target 'smart_lock'
compiling main.c...
../Core/Inc/main.h(218): warning:  #1295-D: Deprecated declaration Smart_Lock_IO - give arg types
  void Smart_Lock_IO();
../lib/inc/FP_Driver.h(398): warning:  #1295-D: Deprecated declaration Get_FP_Active_State - give arg types
  FP_Active_State Get_FP_Active_State();
../lib/inc/MFRC522.h(128): warning:  #1295-D: Deprecated declaration AntennaOn - give arg types
  void AntennaOn();
../lib/inc/MFRC522.h(129): warning:  #1295-D: Deprecated declaration AntennaOff - give arg types
  void AntennaOff();
../lib/inc/MFRC522.h(130): warning:  #1295-D: Deprecated declaration MFRC522_Reset - give arg types
  void MFRC522_Reset();
../lib/inc/MFRC522.h(131): warning:  #1295-D: Deprecated declaration MFRC522_Init - give arg types
  void MFRC522_Init();
../lib/inc/MFRC522.h(140): warning:  #1295-D: Deprecated declaration MFRC522_Halt - give arg types
  void MFRC522_Halt();
../lib/inc/MFRC522.h(142): warning:  #1295-D: Deprecated declaration Get_MFRC522_Active_State - give arg types
  RFID_Active_State Get_MFRC522_Active_State();
../lib/inc/Tsm12.h(234): warning:  #1295-D: Deprecated declaration TSM_Data_Process - give arg types
  uint8_t TSM_Data_Process();
../lib/inc/Flash.h(78): warning:  #1295-D: Deprecated declaration Get_Flash_Write_Active - give arg types
  uint8_t Get_Flash_Write_Active();
../lib/inc/Flash.h(79): warning:  #1295-D: Deprecated declaration Erase_and_Write - give arg types
  HAL_StatusTypeDef Erase_and_Write();
../lib/inc/Flash.h(80): warning:  #1295-D: Deprecated declaration Read_When_Run - give arg types
  void Read_When_Run();
../lib/inc/AP23xxx_G0x.h(148): warning:  #1295-D: Deprecated declaration Get_Voice_Add - give arg types
  uint16_t Get_Voice_Add();
../lib/inc/AP23xxx_G0x.h(150): warning:  #1295-D: Deprecated declaration Play_Voice - give arg types
  HAL_StatusTypeDef Play_Voice();
../lib/inc/AP23xxx_G0x.h(153): warning:  #1295-D: Deprecated declaration Get_AP23xxx_Active_State - give arg types
  uint8_t Get_AP23xxx_Active_State();
../lib/inc/Motor_Driver.h(42): warning:  #1295-D: Deprecated declaration Get_Motor_Active_State - give arg types
  Motor_Typedef Get_Motor_Active_State();
../lib/inc/Motor_Driver.h(43): warning:  #1295-D: Deprecated declaration Run_Motor - give arg types
  void Run_Motor();
../lib/inc/Leds.h(44): warning:  #1295-D: Deprecated declaration Run_RGB - give arg types
  void Run_RGB();
../lib/inc/Leds.h(45): warning:  #1295-D: Deprecated declaration get_temp_pass - give arg types
  void get_temp_pass();
../lib/inc/Leds.h(54): warning:  #1-D: last line of file ends without a newline
  #endif
../lib/inc/common.h(67): warning:  #1-D: last line of file ends without a newline
  #endif
../lib/inc/Battery.h(31): warning:  #1295-D: Deprecated declaration Get_BAT - give arg types
  uint8_t Get_BAT();
../lib/inc/Tuya_App.h(38): warning:  #1295-D: Deprecated declaration Tuya_loop - give arg types
  uint8_t Tuya_loop();
../Core/Src/main.c: 23 warnings, 0 errors
linking...
Program Size: Code=59144 RO-data=672 RW-data=672 ZI-data=12616  
FromELF: creating hex file...
".\Smart_Lock\Smart_Lock.axf" - 0 Error(s), 23 Warning(s).

<h2>Software Packages used:</h2>

Package Vendor: ARM
                http://www.keil.com/pack/ARM.CMSIS.5.8.0.pack
                ARM.CMSIS.5.8.0
                CMSIS (Common Microcontroller Software Interface Standard)
   * Component: CORE Version: 5.5.0

Package Vendor: Keil
                http://www.keil.com/pack/Keil.STM32G0xx_DFP.1.3.0.pack
                Keil.STM32G0xx_DFP.1.3.0
                STMicroelectronics STM32G0 Series Device Support

<h2>Collection of Component include folders:</h2>
  .\RTE\_smart_lock
  C:\Users\Adem M\AppData\Local\Arm\Packs\ARM\CMSIS\5.8.0\CMSIS\Core\Include
  C:\Users\Adem M\AppData\Local\Arm\Packs\Keil\STM32G0xx_DFP\1.3.0\Drivers\CMSIS\Device\ST\STM32G0xx\Include

<h2>Collection of Component Files used:</h2>

   * Component: ARM::CMSIS:CORE:5.5.0
      Include file:  CMSIS\Core\Include\tz_context.h
Build Time Elapsed:  00:00:03
</pre>
</body>
</html>
