<html>
<body>
<pre>
<h1>µVision Build Log</h1>
<h2>Tool Versions:</h2>
IDE-Version: µVision V5.36.0.0
Copyright (C) 2021 ARM Ltd and ARM Germany GmbH. All rights reserved.
License Information: Hasan Hüseyin ASLAN, MeasTech Elektronik, LIC=G6F5U-S2L2W-IWAJA-E1V1X-62JWP-CFLZ6
 
Tool Versions:
Toolchain:       MDK-ARM Cortex-M0/M0+ for ST  Version: 5.36.0.0
Toolchain Path:  C:\Keil_v5\ARM\ARMCC\Bin
C Compiler:      Armcc.exe V5.06 update 7 (build 960)
Assembler:       Armasm.exe V5.06 update 7 (build 960)
Linker/Locator:  ArmLink.exe V5.06 update 7 (build 960)
Library Manager: ArmAr.exe V5.06 update 7 (build 960)
Hex Converter:   FromElf.exe V5.06 update 7 (build 960)
CPU DLL:         SARMCM3.DLL V5.36.0.0
Dialog DLL:      DARMCM1.DLL V1.19.4.0
Target DLL:      STLink\ST-LINKIII-KEIL_SWO.dll V3.0.9.0
Dialog DLL:      TARMCM1.DLL V1.14.4.0
 
<h2>Project:</h2>
D:\Barfas_Otomasyon\Project\Smart_Lock\OK0310_Akilli_Kapi_Kilidi_ParmakIzi_Sifre_Kart\Software\Smart_Lock_Tuya\Smart_Lock_TFC\MDK-ARM\Smart_Lock.uvprojx
Project File Date:  01/10/2026

<h2>Output:</h2>
*** Using Compiler 'V5.06 update 7 (build 960)', folder: 'C:\Keil_v5\ARM\ARMCC\Bin'
Build target 'smart_lock'
assembling startup_stm32g070xx.s...
compiling gpio.c...
../Core/Inc/main.h(220): warning:  #1295-D: Deprecated declaration Smart_Lock_IO - give arg types
  void Smart_Lock_IO();
../Core/Src/gpio.c: 1 warning, 0 errors
compiling dma.c...
../Core/Inc/main.h(220): warning:  #1295-D: Deprecated declaration Smart_Lock_IO - give arg types
  void Smart_Lock_IO();
../Core/Src/dma.c: 1 warning, 0 errors
compiling usart.c...
../Core/Inc/main.h(220): warning:  #1295-D: Deprecated declaration Smart_Lock_IO - give arg types
  void Smart_Lock_IO();
../Core/Src/usart.c: 1 warning, 0 errors
compiling spi.c...
../Core/Inc/main.h(220): warning:  #1295-D: Deprecated declaration Smart_Lock_IO - give arg types
  void Smart_Lock_IO();
../Core/Src/spi.c: 1 warning, 0 errors
compiling rtc.c...
../Core/Inc/main.h(220): warning:  #1295-D: Deprecated declaration Smart_Lock_IO - give arg types
  void Smart_Lock_IO();
../Core/Src/rtc.c: 1 warning, 0 errors
compiling i2c.c...
../Core/Inc/main.h(220): warning:  #1295-D: Deprecated declaration Smart_Lock_IO - give arg types
  void Smart_Lock_IO();
../Core/Src/i2c.c: 1 warning, 0 errors
compiling adc.c...
../Core/Inc/main.h(220): warning:  #1295-D: Deprecated declaration Smart_Lock_IO - give arg types
  void Smart_Lock_IO();
../Core/Src/adc.c: 1 warning, 0 errors
compiling iwdg.c...
../Core/Inc/main.h(220): warning:  #1295-D: Deprecated declaration Smart_Lock_IO - give arg types
  void Smart_Lock_IO();
../Core/Src/iwdg.c: 1 warning, 0 errors
compiling tim.c...
../Core/Inc/main.h(220): warning:  #1295-D: Deprecated declaration Smart_Lock_IO - give arg types
  void Smart_Lock_IO();
../Core/Src/tim.c: 1 warning, 0 errors
compiling stm32g0xx_ll_adc.c...
compiling stm32g0xx_ll_rcc.c...
compiling stm32g0xx_it.c...
../Core/Inc/main.h(220): warning:  #1295-D: Deprecated declaration Smart_Lock_IO - give arg types
  void Smart_Lock_IO();
../lib/inc/FP_Driver.h(398): warning:  #1295-D: Deprecated declaration Get_FP_Active_State - give arg types
  FP_Active_State Get_FP_Active_State();
../lib/inc/AP23xxx_G0x.h(148): warning:  #1295-D: Deprecated declaration Get_Voice_Add - give arg types
  uint16_t Get_Voice_Add();
../lib/inc/AP23xxx_G0x.h(150): warning:  #1295-D: Deprecated declaration Play_Voice - give arg types
  HAL_StatusTypeDef Play_Voice();
../lib/inc/AP23xxx_G0x.h(153): warning:  #1295-D: Deprecated declaration Get_AP23xxx_Active_State - give arg types
  uint8_t Get_AP23xxx_Active_State();
../lib/inc/TSM12.h(234): warning:  #1295-D: Deprecated declaration TSM_Data_Process - give arg types
  uint8_t TSM_Data_Process();
../lib/inc/Leds.h(44): warning:  #1295-D: Deprecated declaration Run_RGB - give arg types
  void Run_RGB();
../lib/inc/Leds.h(45): warning:  #1295-D: Deprecated declaration get_temp_pass - give arg types
  void get_temp_pass();
../lib/inc/Leds.h(54): warning:  #1-D: last line of file ends without a newline
  #endif
../lib/inc/Tuya_App.h(38): warning:  #1295-D: Deprecated declaration Tuya_loop - give arg types
  uint8_t Tuya_loop();
../Core/Src/stm32g0xx_it.c(122): warning:  #128-D: loop is not reachable
    while (1)
../Core/Src/stm32g0xx_it.c: 11 warnings, 0 errors
compiling main.c...
../Core/Inc/main.h(220): warning:  #1295-D: Deprecated declaration Smart_Lock_IO - give arg types
  void Smart_Lock_IO();
../lib/inc/FP_Driver.h(398): warning:  #1295-D: Deprecated declaration Get_FP_Active_State - give arg types
  FP_Active_State Get_FP_Active_State();
../lib/inc/MFRC522.h(128): warning:  #1295-D: Deprecated declaration AntennaOn - give arg types
  void AntennaOn();
../lib/inc/MFRC522.h(129): warning:  #1295-D: Deprecated declaration AntennaOff - give arg types
  void AntennaOff();
../lib/inc/MFRC522.h(130): warning:  #1295-D: Deprecated declaration MFRC522_Reset - give arg types
  void MFRC522_Reset();
../lib/inc/MFRC522.h(131): warning:  #1295-D: Deprecated declaration MFRC522_Init - give arg types
  void MFRC522_Init();
../lib/inc/MFRC522.h(140): warning:  #1295-D: Deprecated declaration MFRC522_Halt - give arg types
  void MFRC522_Halt();
../lib/inc/MFRC522.h(142): warning:  #1295-D: Deprecated declaration Get_MFRC522_Active_State - give arg types
  RFID_Active_State Get_MFRC522_Active_State();
../lib/inc/Tsm12.h(234): warning:  #1295-D: Deprecated declaration TSM_Data_Process - give arg types
  uint8_t TSM_Data_Process();
../lib/inc/Flash.h(78): warning:  #1295-D: Deprecated declaration Get_Flash_Write_Active - give arg types
  uint8_t Get_Flash_Write_Active();
../lib/inc/Flash.h(79): warning:  #1295-D: Deprecated declaration Erase_and_Write - give arg types
  HAL_StatusTypeDef Erase_and_Write();
../lib/inc/Flash.h(80): warning:  #1295-D: Deprecated declaration Read_When_Run - give arg types
  void Read_When_Run();
../lib/inc/AP23xxx_G0x.h(148): warning:  #1295-D: Deprecated declaration Get_Voice_Add - give arg types
  uint16_t Get_Voice_Add();
../lib/inc/AP23xxx_G0x.h(150): warning:  #1295-D: Deprecated declaration Play_Voice - give arg types
  HAL_StatusTypeDef Play_Voice();
../lib/inc/AP23xxx_G0x.h(153): warning:  #1295-D: Deprecated declaration Get_AP23xxx_Active_State - give arg types
  uint8_t Get_AP23xxx_Active_State();
../lib/inc/Motor_Driver.h(42): warning:  #1295-D: Deprecated declaration Get_Motor_Active_State - give arg types
  Motor_Typedef Get_Motor_Active_State();
../lib/inc/Motor_Driver.h(43): warning:  #1295-D: Deprecated declaration Run_Motor - give arg types
  void Run_Motor();
../lib/inc/Leds.h(44): warning:  #1295-D: Deprecated declaration Run_RGB - give arg types
  void Run_RGB();
../lib/inc/Leds.h(45): warning:  #1295-D: Deprecated declaration get_temp_pass - give arg types
  void get_temp_pass();
../lib/inc/Leds.h(54): warning:  #1-D: last line of file ends without a newline
  #endif
../lib/inc/common.h(67): warning:  #1-D: last line of file ends without a newline
  #endif
../lib/inc/Battery.h(31): warning:  #1295-D: Deprecated declaration Get_BAT - give arg types
  uint8_t Get_BAT();
../lib/inc/Tuya_App.h(38): warning:  #1295-D: Deprecated declaration Tuya_loop - give arg types
  uint8_t Tuya_loop();
../Core/Src/main.c(59): warning:  #1295-D: Deprecated declaration wait_blinking - give arg types
  extern uint8_t wait_blinking();
../Core/Src/main.c(105): warning:  #550-D: variable "battery_cal_start"  was set but never used
  static uint8_t battery_cal_start = 0;
../Core/Src/main.c: 25 warnings, 0 errors
compiling stm32g0xx_hal_gpio.c...
compiling stm32g0xx_hal_dma_ex.c...
compiling stm32g0xx_hal_dma.c...
compiling stm32g0xx_hal_flash_ex.c...
compiling stm32g0xx_hal_rcc_ex.c...
compiling stm32g0xx_hal_adc_ex.c...
compiling stm32g0xx_hal_flash.c...
compiling stm32g0xx_hal_pwr.c...
compiling stm32g0xx_hal_msp.c...
../Core/Inc/main.h(220): warning:  #1295-D: Deprecated declaration Smart_Lock_IO - give arg types
  void Smart_Lock_IO();
../Core/Src/stm32g0xx_hal_msp.c: 1 warning, 0 errors
compiling stm32g0xx_hal_rcc.c...
compiling stm32g0xx_hal_adc.c...
compiling stm32g0xx_hal_spi_ex.c...
compiling stm32g0xx_hal_exti.c...
compiling stm32g0xx_hal.c...
compiling stm32g0xx_hal_rtc_ex.c...
compiling stm32g0xx_hal_iwdg.c...
compiling stm32g0xx_hal_rtc.c...
compiling stm32g0xx_hal_i2c_ex.c...
compiling stm32g0xx_hal_cortex.c...
compiling stm32g0xx_hal_pwr_ex.c...
compiling stm32g0xx_hal_spi.c...
compiling stm32g0xx_hal_i2c.c...
compiling system_stm32g0xx.c...
compiling stm32g0xx_hal_uart_ex.c...
compiling stm32g0xx_hal_tim_ex.c...
compiling AP23xxx_G0x.c...
../Core/Inc/main.h(220): warning:  #1295-D: Deprecated declaration Smart_Lock_IO - give arg types
  void Smart_Lock_IO();
../lib/inc/AP23xxx_G0x.h(148): warning:  #1295-D: Deprecated declaration Get_Voice_Add - give arg types
  uint16_t Get_Voice_Add();
../lib/inc/AP23xxx_G0x.h(150): warning:  #1295-D: Deprecated declaration Play_Voice - give arg types
  HAL_StatusTypeDef Play_Voice();
../lib/inc/AP23xxx_G0x.h(153): warning:  #1295-D: Deprecated declaration Get_AP23xxx_Active_State - give arg types
  uint8_t Get_AP23xxx_Active_State();
../lib/inc/FP_Driver.h(398): warning:  #1295-D: Deprecated declaration Get_FP_Active_State - give arg types
  FP_Active_State Get_FP_Active_State();
../lib/inc/MFRC522.h(128): warning:  #1295-D: Deprecated declaration AntennaOn - give arg types
  void AntennaOn();
../lib/inc/MFRC522.h(129): warning:  #1295-D: Deprecated declaration AntennaOff - give arg types
  void AntennaOff();
../lib/inc/MFRC522.h(130): warning:  #1295-D: Deprecated declaration MFRC522_Reset - give arg types
  void MFRC522_Reset();
../lib/inc/MFRC522.h(131): warning:  #1295-D: Deprecated declaration MFRC522_Init - give arg types
  void MFRC522_Init();
../lib/inc/MFRC522.h(140): warning:  #1295-D: Deprecated declaration MFRC522_Halt - give arg types
  void MFRC522_Halt();
../lib/inc/MFRC522.h(142): warning:  #1295-D: Deprecated declaration Get_MFRC522_Active_State - give arg types
  RFID_Active_State Get_MFRC522_Active_State();
../lib/inc/Tsm12.h(234): warning:  #1295-D: Deprecated declaration TSM_Data_Process - give arg types
  uint8_t TSM_Data_Process();
../lib/inc/Flash.h(78): warning:  #1295-D: Deprecated declaration Get_Flash_Write_Active - give arg types
  uint8_t Get_Flash_Write_Active();
../lib/inc/Flash.h(79): warning:  #1295-D: Deprecated declaration Erase_and_Write - give arg types
  HAL_StatusTypeDef Erase_and_Write();
../lib/inc/Flash.h(80): warning:  #1295-D: Deprecated declaration Read_When_Run - give arg types
  void Read_When_Run();
..\lib\src\AP23xxx_G0x.c: 15 warnings, 0 errors
compiling Battery.c...
../Core/Inc/main.h(220): warning:  #1295-D: Deprecated declaration Smart_Lock_IO - give arg types
  void Smart_Lock_IO();
../lib/inc/battery.h(31): warning:  #1295-D: Deprecated declaration Get_BAT - give arg types
  uint8_t Get_BAT();
..\lib\src\Battery.c(44): warning:  #69-D: integer conversion resulted in truncation
  static uint16_t BAT_Buf[BAT_BUF_LEN] = {0xFFFFFFFF};        // Battery buffer
..\lib\src\Battery.c(126): warning:  #167-D: argument of type "volatile uint16_t *" is incompatible with parameter of type "data_type *"
  	movingAvg( adc_sequentialBuffer, 10,  adc_buf_count);
..\lib\src\Battery.c(164): warning:  #940-D: missing return statement at end of non-void function "Calc_BAT_Level" 
  }
..\lib\src\Battery.c(205): warning:  #167-D: argument of type "volatile uint16_t *" is incompatible with parameter of type "void *"
  	memset(adc_sequentialBuffer, 0, sizeof(adc_sequentialBuffer));
..\lib\src\Battery.c(82): warning:  #177-D: function "Cal_BAT"  was declared but never referenced
  static uint8_t Cal_BAT(uint32_t buf)
..\lib\src\Battery.c: 7 warnings, 0 errors
compiling Flash.c...
../Core/Inc/main.h(220): warning:  #1295-D: Deprecated declaration Smart_Lock_IO - give arg types
  void Smart_Lock_IO();
../lib/inc/FP_Driver.h(398): warning:  #1295-D: Deprecated declaration Get_FP_Active_State - give arg types
  FP_Active_State Get_FP_Active_State();
../lib/inc/MFRC522.h(128): warning:  #1295-D: Deprecated declaration AntennaOn - give arg types
  void AntennaOn();
../lib/inc/MFRC522.h(129): warning:  #1295-D: Deprecated declaration AntennaOff - give arg types
  void AntennaOff();
../lib/inc/MFRC522.h(130): warning:  #1295-D: Deprecated declaration MFRC522_Reset - give arg types
  void MFRC522_Reset();
../lib/inc/MFRC522.h(131): warning:  #1295-D: Deprecated declaration MFRC522_Init - give arg types
  void MFRC522_Init();
../lib/inc/MFRC522.h(140): warning:  #1295-D: Deprecated declaration MFRC522_Halt - give arg types
  void MFRC522_Halt();
../lib/inc/MFRC522.h(142): warning:  #1295-D: Deprecated declaration Get_MFRC522_Active_State - give arg types
  RFID_Active_State Get_MFRC522_Active_State();
../lib/inc/Tsm12.h(234): warning:  #1295-D: Deprecated declaration TSM_Data_Process - give arg types
  uint8_t TSM_Data_Process();
../lib/inc/Flash.h(78): warning:  #1295-D: Deprecated declaration Get_Flash_Write_Active - give arg types
  uint8_t Get_Flash_Write_Active();
../lib/inc/Flash.h(79): warning:  #1295-D: Deprecated declaration Erase_and_Write - give arg types
  HAL_StatusTypeDef Erase_and_Write();
../lib/inc/Flash.h(80): warning:  #1295-D: Deprecated declaration Read_When_Run - give arg types
  void Read_When_Run();
../lib/inc/common.h(67): warning:  #1-D: last line of file ends without a newline
  #endif
..\lib\src\Flash.c: 13 warnings, 0 errors
compiling buffer.c...
../Core/Inc/main.h(220): warning:  #1295-D: Deprecated declaration Smart_Lock_IO - give arg types
  void Smart_Lock_IO();
../lib/inc/FP_Driver.h(398): warning:  #1295-D: Deprecated declaration Get_FP_Active_State - give arg types
  FP_Active_State Get_FP_Active_State();
../lib/inc/MFRC522.h(128): warning:  #1295-D: Deprecated declaration AntennaOn - give arg types
  void AntennaOn();
../lib/inc/MFRC522.h(129): warning:  #1295-D: Deprecated declaration AntennaOff - give arg types
  void AntennaOff();
../lib/inc/MFRC522.h(130): warning:  #1295-D: Deprecated declaration MFRC522_Reset - give arg types
  void MFRC522_Reset();
../lib/inc/MFRC522.h(131): warning:  #1295-D: Deprecated declaration MFRC522_Init - give arg types
  void MFRC522_Init();
../lib/inc/MFRC522.h(140): warning:  #1295-D: Deprecated declaration MFRC522_Halt - give arg types
  void MFRC522_Halt();
../lib/inc/MFRC522.h(142): warning:  #1295-D: Deprecated declaration Get_MFRC522_Active_State - give arg types
  RFID_Active_State Get_MFRC522_Active_State();
../lib/inc/Tsm12.h(234): warning:  #1295-D: Deprecated declaration TSM_Data_Process - give arg types
  uint8_t TSM_Data_Process();
../lib/inc/Flash.h(78): warning:  #1295-D: Deprecated declaration Get_Flash_Write_Active - give arg types
  uint8_t Get_Flash_Write_Active();
../lib/inc/Flash.h(79): warning:  #1295-D: Deprecated declaration Erase_and_Write - give arg types
  HAL_StatusTypeDef Erase_and_Write();
../lib/inc/Flash.h(80): warning:  #1295-D: Deprecated declaration Read_When_Run - give arg types
  void Read_When_Run();
..\lib\src\buffer.c(90): warning:  #111-D: statement is unreachable
                      break;
..\lib\src\buffer.c: 13 warnings, 0 errors
compiling stm32g0xx_hal_uart.c...
compiling FP_Driver.c...
../Core/Inc/main.h(220): warning:  #1295-D: Deprecated declaration Smart_Lock_IO - give arg types
  void Smart_Lock_IO();
../lib/inc/FP_Driver.h(398): warning:  #1295-D: Deprecated declaration Get_FP_Active_State - give arg types
  FP_Active_State Get_FP_Active_State();
../lib/inc/MFRC522.h(128): warning:  #1295-D: Deprecated declaration AntennaOn - give arg types
  void AntennaOn();
../lib/inc/MFRC522.h(129): warning:  #1295-D: Deprecated declaration AntennaOff - give arg types
  void AntennaOff();
../lib/inc/MFRC522.h(130): warning:  #1295-D: Deprecated declaration MFRC522_Reset - give arg types
  void MFRC522_Reset();
../lib/inc/MFRC522.h(131): warning:  #1295-D: Deprecated declaration MFRC522_Init - give arg types
  void MFRC522_Init();
../lib/inc/MFRC522.h(140): warning:  #1295-D: Deprecated declaration MFRC522_Halt - give arg types
  void MFRC522_Halt();
../lib/inc/MFRC522.h(142): warning:  #1295-D: Deprecated declaration Get_MFRC522_Active_State - give arg types
  RFID_Active_State Get_MFRC522_Active_State();
../lib/inc/Tsm12.h(234): warning:  #1295-D: Deprecated declaration TSM_Data_Process - give arg types
  uint8_t TSM_Data_Process();
../lib/inc/Flash.h(78): warning:  #1295-D: Deprecated declaration Get_Flash_Write_Active - give arg types
  uint8_t Get_Flash_Write_Active();
../lib/inc/Flash.h(79): warning:  #1295-D: Deprecated declaration Erase_and_Write - give arg types
  HAL_StatusTypeDef Erase_and_Write();
../lib/inc/Flash.h(80): warning:  #1295-D: Deprecated declaration Read_When_Run - give arg types
  void Read_When_Run();
../lib/inc/Motor_Driver.h(42): warning:  #1295-D: Deprecated declaration Get_Motor_Active_State - give arg types
  Motor_Typedef Get_Motor_Active_State();
../lib/inc/Motor_Driver.h(43): warning:  #1295-D: Deprecated declaration Run_Motor - give arg types
  void Run_Motor();
../lib/inc/AP23xxx_G0x.h(148): warning:  #1295-D: Deprecated declaration Get_Voice_Add - give arg types
  uint16_t Get_Voice_Add();
../lib/inc/AP23xxx_G0x.h(150): warning:  #1295-D: Deprecated declaration Play_Voice - give arg types
  HAL_StatusTypeDef Play_Voice();
../lib/inc/AP23xxx_G0x.h(153): warning:  #1295-D: Deprecated declaration Get_AP23xxx_Active_State - give arg types
  uint8_t Get_AP23xxx_Active_State();
../lib/inc/Leds.h(44): warning:  #1295-D: Deprecated declaration Run_RGB - give arg types
  void Run_RGB();
../lib/inc/Leds.h(45): warning:  #1295-D: Deprecated declaration get_temp_pass - give arg types
  void get_temp_pass();
../lib/inc/Leds.h(54): warning:  #1-D: last line of file ends without a newline
  #endif
../lib/inc/common.h(67): warning:  #1-D: last line of file ends without a newline
  #endif
..\lib\src\FP_Driver.c(90): warning:  #1295-D: Deprecated declaration get_blink_color - give arg types
  static FP_Color get_blink_color();
..\lib\src\FP_Driver.c(92): warning:  #1295-D: Deprecated declaration wait_blinking - give arg types
  uint8_t wait_blinking();
..\lib\src\FP_Driver.c(146): warning:  #188-D: enumerated type mixed with another type
      return FP_ACK_SUCCESS;
..\lib\src\FP_Driver.c(332): warning:  #111-D: statement is unreachable
      return FP_DATA_CORRECT;
..\lib\src\FP_Driver.c(684): warning:  #940-D: missing return statement at end of non-void function "wait_blinking" 
  }
..\lib\src\FP_Driver.c: 26 warnings, 0 errors
compiling stm32g0xx_hal_tim.c...
compiling common.c...
../Core/Inc/main.h(220): warning:  #1295-D: Deprecated declaration Smart_Lock_IO - give arg types
  void Smart_Lock_IO();
../lib/inc/common.h(67): warning:  #1-D: last line of file ends without a newline
  #endif
../lib/inc/FP_Driver.h(398): warning:  #1295-D: Deprecated declaration Get_FP_Active_State - give arg types
  FP_Active_State Get_FP_Active_State();
../lib/inc/Tsm12.h(234): warning:  #1295-D: Deprecated declaration TSM_Data_Process - give arg types
  uint8_t TSM_Data_Process();
../lib/inc/Motor_Driver.h(42): warning:  #1295-D: Deprecated declaration Get_Motor_Active_State - give arg types
  Motor_Typedef Get_Motor_Active_State();
../lib/inc/Motor_Driver.h(43): warning:  #1295-D: Deprecated declaration Run_Motor - give arg types
  void Run_Motor();
../lib/inc/MFRC522.h(128): warning:  #1295-D: Deprecated declaration AntennaOn - give arg types
  void AntennaOn();
../lib/inc/MFRC522.h(129): warning:  #1295-D: Deprecated declaration AntennaOff - give arg types
  void AntennaOff();
../lib/inc/MFRC522.h(130): warning:  #1295-D: Deprecated declaration MFRC522_Reset - give arg types
  void MFRC522_Reset();
../lib/inc/MFRC522.h(131): warning:  #1295-D: Deprecated declaration MFRC522_Init - give arg types
  void MFRC522_Init();
../lib/inc/MFRC522.h(140): warning:  #1295-D: Deprecated declaration MFRC522_Halt - give arg types
  void MFRC522_Halt();
../lib/inc/MFRC522.h(142): warning:  #1295-D: Deprecated declaration Get_MFRC522_Active_State - give arg types
  RFID_Active_State Get_MFRC522_Active_State();
../lib/inc/Leds.h(44): warning:  #1295-D: Deprecated declaration Run_RGB - give arg types
  void Run_RGB();
../lib/inc/Leds.h(45): warning:  #1295-D: Deprecated declaration get_temp_pass - give arg types
  void get_temp_pass();
../lib/inc/Leds.h(54): warning:  #1-D: last line of file ends without a newline
  #endif
../lib/inc/Flash.h(78): warning:  #1295-D: Deprecated declaration Get_Flash_Write_Active - give arg types
  uint8_t Get_Flash_Write_Active();
../lib/inc/Flash.h(79): warning:  #1295-D: Deprecated declaration Erase_and_Write - give arg types
  HAL_StatusTypeDef Erase_and_Write();
../lib/inc/Flash.h(80): warning:  #1295-D: Deprecated declaration Read_When_Run - give arg types
  void Read_When_Run();
../lib/inc/AP23xxx_G0x.h(148): warning:  #1295-D: Deprecated declaration Get_Voice_Add - give arg types
  uint16_t Get_Voice_Add();
../lib/inc/AP23xxx_G0x.h(150): warning:  #1295-D: Deprecated declaration Play_Voice - give arg types
  HAL_StatusTypeDef Play_Voice();
../lib/inc/AP23xxx_G0x.h(153): warning:  #1295-D: Deprecated declaration Get_AP23xxx_Active_State - give arg types
  uint8_t Get_AP23xxx_Active_State();
../lib/inc/Battery.h(31): warning:  #1295-D: Deprecated declaration Get_BAT - give arg types
  uint8_t Get_BAT();
..\lib\src\common.c: 22 warnings, 0 errors
compiling w25qxx.c...
../Core/Inc/main.h(220): warning:  #1295-D: Deprecated declaration Smart_Lock_IO - give arg types
  void Smart_Lock_IO();
..\lib\src\w25qxx.c: 1 warning, 0 errors
compiling system.c...
../Core/Inc/main.h(220): warning:  #1295-D: Deprecated declaration Smart_Lock_IO - give arg types
  void Smart_Lock_IO();
..\lib\src\system.c(261): warning:  #177-D: variable "result"  was declared but never referenced
      unsigned char result;
..\lib\src\system.c(262): warning:  #177-D: variable "dp_num"  was declared but never referenced
      unsigned char dp_num;
..\lib\src\system.c: 3 warnings, 0 errors
compiling mcu_api.c...
../Core/Inc/main.h(220): warning:  #1295-D: Deprecated declaration Smart_Lock_IO - give arg types
  void Smart_Lock_IO();
..\lib\src\mcu_api.c: 1 warning, 0 errors
compiling MFRC522.c...
../Core/Inc/main.h(220): warning:  #1295-D: Deprecated declaration Smart_Lock_IO - give arg types
  void Smart_Lock_IO();
../lib/inc/MFRC522.h(128): warning:  #1295-D: Deprecated declaration AntennaOn - give arg types
  void AntennaOn();
../lib/inc/MFRC522.h(129): warning:  #1295-D: Deprecated declaration AntennaOff - give arg types
  void AntennaOff();
../lib/inc/MFRC522.h(130): warning:  #1295-D: Deprecated declaration MFRC522_Reset - give arg types
  void MFRC522_Reset();
../lib/inc/MFRC522.h(131): warning:  #1295-D: Deprecated declaration MFRC522_Init - give arg types
  void MFRC522_Init();
../lib/inc/MFRC522.h(140): warning:  #1295-D: Deprecated declaration MFRC522_Halt - give arg types
  void MFRC522_Halt();
../lib/inc/MFRC522.h(142): warning:  #1295-D: Deprecated declaration Get_MFRC522_Active_State - give arg types
  RFID_Active_State Get_MFRC522_Active_State();
../lib/inc/Tsm12.h(234): warning:  #1295-D: Deprecated declaration TSM_Data_Process - give arg types
  uint8_t TSM_Data_Process();
../lib/inc/Motor_Driver.h(42): warning:  #1295-D: Deprecated declaration Get_Motor_Active_State - give arg types
  Motor_Typedef Get_Motor_Active_State();
../lib/inc/Motor_Driver.h(43): warning:  #1295-D: Deprecated declaration Run_Motor - give arg types
  void Run_Motor();
../lib/inc/AP23xxx_G0x.h(148): warning:  #1295-D: Deprecated declaration Get_Voice_Add - give arg types
  uint16_t Get_Voice_Add();
../lib/inc/AP23xxx_G0x.h(150): warning:  #1295-D: Deprecated declaration Play_Voice - give arg types
  HAL_StatusTypeDef Play_Voice();
../lib/inc/AP23xxx_G0x.h(153): warning:  #1295-D: Deprecated declaration Get_AP23xxx_Active_State - give arg types
  uint8_t Get_AP23xxx_Active_State();
../lib/inc/FP_Driver.h(398): warning:  #1295-D: Deprecated declaration Get_FP_Active_State - give arg types
  FP_Active_State Get_FP_Active_State();
../lib/inc/Flash.h(78): warning:  #1295-D: Deprecated declaration Get_Flash_Write_Active - give arg types
  uint8_t Get_Flash_Write_Active();
../lib/inc/Flash.h(79): warning:  #1295-D: Deprecated declaration Erase_and_Write - give arg types
  HAL_StatusTypeDef Erase_and_Write();
../lib/inc/Flash.h(80): warning:  #1295-D: Deprecated declaration Read_When_Run - give arg types
  void Read_When_Run();
../lib/inc/Leds.h(44): warning:  #1295-D: Deprecated declaration Run_RGB - give arg types
  void Run_RGB();
../lib/inc/Leds.h(45): warning:  #1295-D: Deprecated declaration get_temp_pass - give arg types
  void get_temp_pass();
../lib/inc/Leds.h(54): warning:  #1-D: last line of file ends without a newline
  #endif
../lib/inc/common.h(67): warning:  #1-D: last line of file ends without a newline
  #endif
..\lib\src\MFRC522.c(618): warning:  #550-D: variable "status"  was set but never used
    uint8_t status;
..\lib\src\MFRC522.c: 22 warnings, 0 errors
compiling Temp_pass.c...
../Core/Inc/main.h(220): warning:  #1295-D: Deprecated declaration Smart_Lock_IO - give arg types
  void Smart_Lock_IO();
../lib/inc/FP_Driver.h(398): warning:  #1295-D: Deprecated declaration Get_FP_Active_State - give arg types
  FP_Active_State Get_FP_Active_State();
../lib/inc/MFRC522.h(128): warning:  #1295-D: Deprecated declaration AntennaOn - give arg types
  void AntennaOn();
../lib/inc/MFRC522.h(129): warning:  #1295-D: Deprecated declaration AntennaOff - give arg types
  void AntennaOff();
../lib/inc/MFRC522.h(130): warning:  #1295-D: Deprecated declaration MFRC522_Reset - give arg types
  void MFRC522_Reset();
../lib/inc/MFRC522.h(131): warning:  #1295-D: Deprecated declaration MFRC522_Init - give arg types
  void MFRC522_Init();
../lib/inc/MFRC522.h(140): warning:  #1295-D: Deprecated declaration MFRC522_Halt - give arg types
  void MFRC522_Halt();
../lib/inc/MFRC522.h(142): warning:  #1295-D: Deprecated declaration Get_MFRC522_Active_State - give arg types
  RFID_Active_State Get_MFRC522_Active_State();
../lib/inc/Tsm12.h(234): warning:  #1295-D: Deprecated declaration TSM_Data_Process - give arg types
  uint8_t TSM_Data_Process();
../lib/inc/Flash.h(78): warning:  #1295-D: Deprecated declaration Get_Flash_Write_Active - give arg types
  uint8_t Get_Flash_Write_Active();
../lib/inc/Flash.h(79): warning:  #1295-D: Deprecated declaration Erase_and_Write - give arg types
  HAL_StatusTypeDef Erase_and_Write();
../lib/inc/Flash.h(80): warning:  #1295-D: Deprecated declaration Read_When_Run - give arg types
  void Read_When_Run();
..\lib\src\Temp_pass.c(39): warning:  #1295-D: Deprecated declaration find_empty_index - give arg types
  static uint8_t find_empty_index();
..\lib\src\Temp_pass.c(41): warning:  #1295-D: Deprecated declaration Cur_Date_time - give arg types
  static uint64_t Cur_Date_time();
..\lib\src\Temp_pass.c(160): warning:  #188-D: enumerated type mixed with another type
      	Temp_Online_Pass_DB[index].pass_type = 0;
..\lib\src\Temp_pass.c(220): warning:  #188-D: enumerated type mixed with another type
  				Temp_Pass_DB[index].pass_type = 0;
..\lib\src\Temp_pass.c(248): warning:  #111-D: statement is unreachable
                      if(cmp_ret != 0xFF) {Temp_Pass_DB[i].used = 1; return cmp_ret; Set_Flash_Write_Active(1);}
..\lib\src\Temp_pass.c: 17 warnings, 0 errors
compiling Motor_Driver.c...
../Core/Inc/main.h(220): warning:  #1295-D: Deprecated declaration Smart_Lock_IO - give arg types
  void Smart_Lock_IO();
../lib/inc/Motor_Driver.h(42): warning:  #1295-D: Deprecated declaration Get_Motor_Active_State - give arg types
  Motor_Typedef Get_Motor_Active_State();
../lib/inc/Motor_Driver.h(43): warning:  #1295-D: Deprecated declaration Run_Motor - give arg types
  void Run_Motor();
../lib/inc/Leds.h(44): warning:  #1295-D: Deprecated declaration Run_RGB - give arg types
  void Run_RGB();
../lib/inc/Leds.h(45): warning:  #1295-D: Deprecated declaration get_temp_pass - give arg types
  void get_temp_pass();
../lib/inc/Leds.h(54): warning:  #1-D: last line of file ends without a newline
  #endif
../lib/inc/Tsm12.h(234): warning:  #1295-D: Deprecated declaration TSM_Data_Process - give arg types
  uint8_t TSM_Data_Process();
../lib/inc/AP23xxx_G0x.h(148): warning:  #1295-D: Deprecated declaration Get_Voice_Add - give arg types
  uint16_t Get_Voice_Add();
../lib/inc/AP23xxx_G0x.h(150): warning:  #1295-D: Deprecated declaration Play_Voice - give arg types
  HAL_StatusTypeDef Play_Voice();
../lib/inc/AP23xxx_G0x.h(153): warning:  #1295-D: Deprecated declaration Get_AP23xxx_Active_State - give arg types
  uint8_t Get_AP23xxx_Active_State();
../lib/inc/FP_Driver.h(398): warning:  #1295-D: Deprecated declaration Get_FP_Active_State - give arg types
  FP_Active_State Get_FP_Active_State();
../lib/inc/MFRC522.h(128): warning:  #1295-D: Deprecated declaration AntennaOn - give arg types
  void AntennaOn();
../lib/inc/MFRC522.h(129): warning:  #1295-D: Deprecated declaration AntennaOff - give arg types
  void AntennaOff();
../lib/inc/MFRC522.h(130): warning:  #1295-D: Deprecated declaration MFRC522_Reset - give arg types
  void MFRC522_Reset();
../lib/inc/MFRC522.h(131): warning:  #1295-D: Deprecated declaration MFRC522_Init - give arg types
  void MFRC522_Init();
../lib/inc/MFRC522.h(140): warning:  #1295-D: Deprecated declaration MFRC522_Halt - give arg types
  void MFRC522_Halt();
../lib/inc/MFRC522.h(142): warning:  #1295-D: Deprecated declaration Get_MFRC522_Active_State - give arg types
  RFID_Active_State Get_MFRC522_Active_State();
../lib/inc/Flash.h(78): warning:  #1295-D: Deprecated declaration Get_Flash_Write_Active - give arg types
  uint8_t Get_Flash_Write_Active();
../lib/inc/Flash.h(79): warning:  #1295-D: Deprecated declaration Erase_and_Write - give arg types
  HAL_StatusTypeDef Erase_and_Write();
../lib/inc/Flash.h(80): warning:  #1295-D: Deprecated declaration Read_When_Run - give arg types
  void Read_When_Run();
..\lib\src\Motor_Driver.c: 20 warnings, 0 errors
compiling Leds.c...
../Core/Inc/main.h(220): warning:  #1295-D: Deprecated declaration Smart_Lock_IO - give arg types
  void Smart_Lock_IO();
../lib/inc/Leds.h(44): warning:  #1295-D: Deprecated declaration Run_RGB - give arg types
  void Run_RGB();
../lib/inc/Leds.h(45): warning:  #1295-D: Deprecated declaration get_temp_pass - give arg types
  void get_temp_pass();
../lib/inc/Leds.h(54): warning:  #1-D: last line of file ends without a newline
  #endif
../lib/inc/Tsm12.h(234): warning:  #1295-D: Deprecated declaration TSM_Data_Process - give arg types
  uint8_t TSM_Data_Process();
..\lib\src\Leds.c(23): warning:  #188-D: enumerated type mixed with another type
  RGB_Typedef RGB_State = {0};
..\lib\src\Leds.c(24): warning:  #1295-D: Deprecated declaration reset_leds - give arg types
  static void reset_leds();
..\lib\src\Leds.c(25): warning:  #177-D: variable "starttick"  was declared but never referenced
  static uint32_t starttick = 0;
..\lib\src\Leds.c: 8 warnings, 0 errors
compiling lock_api.c...
../Core/Inc/main.h(220): warning:  #1295-D: Deprecated declaration Smart_Lock_IO - give arg types
  void Smart_Lock_IO();
..\lib\src\lock_api.c: 1 warning, 0 errors
compiling Tuya_App.c...
../Core/Inc/main.h(220): warning:  #1295-D: Deprecated declaration Smart_Lock_IO - give arg types
  void Smart_Lock_IO();
../lib/inc/Tuya_App.h(38): warning:  #1295-D: Deprecated declaration Tuya_loop - give arg types
  uint8_t Tuya_loop();
../lib/inc/Leds.h(44): warning:  #1295-D: Deprecated declaration Run_RGB - give arg types
  void Run_RGB();
../lib/inc/Leds.h(45): warning:  #1295-D: Deprecated declaration get_temp_pass - give arg types
  void get_temp_pass();
../lib/inc/Leds.h(54): warning:  #1-D: last line of file ends without a newline
  #endif
../lib/inc/AP23xxx_G0x.h(148): warning:  #1295-D: Deprecated declaration Get_Voice_Add - give arg types
  uint16_t Get_Voice_Add();
../lib/inc/AP23xxx_G0x.h(150): warning:  #1295-D: Deprecated declaration Play_Voice - give arg types
  HAL_StatusTypeDef Play_Voice();
../lib/inc/AP23xxx_G0x.h(153): warning:  #1295-D: Deprecated declaration Get_AP23xxx_Active_State - give arg types
  uint8_t Get_AP23xxx_Active_State();
../lib/inc/Motor_Driver.h(42): warning:  #1295-D: Deprecated declaration Get_Motor_Active_State - give arg types
  Motor_Typedef Get_Motor_Active_State();
../lib/inc/Motor_Driver.h(43): warning:  #1295-D: Deprecated declaration Run_Motor - give arg types
  void Run_Motor();
../lib/inc/common.h(67): warning:  #1-D: last line of file ends without a newline
  #endif
../lib/inc/Tsm12.h(234): warning:  #1295-D: Deprecated declaration TSM_Data_Process - give arg types
  uint8_t TSM_Data_Process();
../lib/inc/Battery.h(31): warning:  #1295-D: Deprecated declaration Get_BAT - give arg types
  uint8_t Get_BAT();
..\lib\src\Tuya_App.c(27): warning:  #1295-D: Deprecated declaration check_communcation - give arg types
  static void check_communcation();
..\lib\src\Tuya_App.c(29): warning:  #1295-D: Deprecated declaration Smart_Lock_IO - give arg types
  void Smart_Lock_IO();
..\lib\src\Tuya_App.c(30): warning:  #1295-D: Deprecated declaration Unlock_remotly - give arg types
  static void Unlock_remotly();
..\lib\src\Tuya_App.c(31): warning:  #1295-D: Deprecated declaration send_battery_state - give arg types
  static void send_battery_state();
../lib/inc/FP_Driver.h(398): warning:  #1295-D: Deprecated declaration Get_FP_Active_State - give arg types
  FP_Active_State Get_FP_Active_State();
../lib/inc/MFRC522.h(128): warning:  #1295-D: Deprecated declaration AntennaOn - give arg types
  void AntennaOn();
../lib/inc/MFRC522.h(129): warning:  #1295-D: Deprecated declaration AntennaOff - give arg types
  void AntennaOff();
../lib/inc/MFRC522.h(130): warning:  #1295-D: Deprecated declaration MFRC522_Reset - give arg types
  void MFRC522_Reset();
../lib/inc/MFRC522.h(131): warning:  #1295-D: Deprecated declaration MFRC522_Init - give arg types
  void MFRC522_Init();
../lib/inc/MFRC522.h(140): warning:  #1295-D: Deprecated declaration MFRC522_Halt - give arg types
  void MFRC522_Halt();
../lib/inc/MFRC522.h(142): warning:  #1295-D: Deprecated declaration Get_MFRC522_Active_State - give arg types
  RFID_Active_State Get_MFRC522_Active_State();
../lib/inc/Flash.h(78): warning:  #1295-D: Deprecated declaration Get_Flash_Write_Active - give arg types
  uint8_t Get_Flash_Write_Active();
../lib/inc/Flash.h(79): warning:  #1295-D: Deprecated declaration Erase_and_Write - give arg types
  HAL_StatusTypeDef Erase_and_Write();
../lib/inc/Flash.h(80): warning:  #1295-D: Deprecated declaration Read_When_Run - give arg types
  void Read_When_Run();
..\lib\src\Tuya_App.c: 27 warnings, 0 errors
compiling protocol.c...
../Core/Inc/main.h(220): warning:  #1295-D: Deprecated declaration Smart_Lock_IO - give arg types
  void Smart_Lock_IO();
../lib/inc/AP23xxx_G0x.h(148): warning:  #1295-D: Deprecated declaration Get_Voice_Add - give arg types
  uint16_t Get_Voice_Add();
../lib/inc/AP23xxx_G0x.h(150): warning:  #1295-D: Deprecated declaration Play_Voice - give arg types
  HAL_StatusTypeDef Play_Voice();
../lib/inc/AP23xxx_G0x.h(153): warning:  #1295-D: Deprecated declaration Get_AP23xxx_Active_State - give arg types
  uint8_t Get_AP23xxx_Active_State();
../lib/inc/Leds.h(44): warning:  #1295-D: Deprecated declaration Run_RGB - give arg types
  void Run_RGB();
../lib/inc/Leds.h(45): warning:  #1295-D: Deprecated declaration get_temp_pass - give arg types
  void get_temp_pass();
../lib/inc/Leds.h(54): warning:  #1-D: last line of file ends without a newline
  #endif
../lib/inc/Motor_Driver.h(42): warning:  #1295-D: Deprecated declaration Get_Motor_Active_State - give arg types
  Motor_Typedef Get_Motor_Active_State();
../lib/inc/Motor_Driver.h(43): warning:  #1295-D: Deprecated declaration Run_Motor - give arg types
  void Run_Motor();
../lib/inc/Tuya_App.h(38): warning:  #1295-D: Deprecated declaration Tuya_loop - give arg types
  uint8_t Tuya_loop();
..\lib\src\protocol.c: 10 warnings, 0 errors
compiling Tsm12.c...
../Core/Inc/main.h(220): warning:  #1295-D: Deprecated declaration Smart_Lock_IO - give arg types
  void Smart_Lock_IO();
../lib/inc/Tsm12.h(234): warning:  #1295-D: Deprecated declaration TSM_Data_Process - give arg types
  uint8_t TSM_Data_Process();
../lib/inc/FP_Driver.h(398): warning:  #1295-D: Deprecated declaration Get_FP_Active_State - give arg types
  FP_Active_State Get_FP_Active_State();
../lib/inc/MFRC522.h(128): warning:  #1295-D: Deprecated declaration AntennaOn - give arg types
  void AntennaOn();
../lib/inc/MFRC522.h(129): warning:  #1295-D: Deprecated declaration AntennaOff - give arg types
  void AntennaOff();
../lib/inc/MFRC522.h(130): warning:  #1295-D: Deprecated declaration MFRC522_Reset - give arg types
  void MFRC522_Reset();
../lib/inc/MFRC522.h(131): warning:  #1295-D: Deprecated declaration MFRC522_Init - give arg types
  void MFRC522_Init();
../lib/inc/MFRC522.h(140): warning:  #1295-D: Deprecated declaration MFRC522_Halt - give arg types
  void MFRC522_Halt();
../lib/inc/MFRC522.h(142): warning:  #1295-D: Deprecated declaration Get_MFRC522_Active_State - give arg types
  RFID_Active_State Get_MFRC522_Active_State();
../lib/inc/Flash.h(78): warning:  #1295-D: Deprecated declaration Get_Flash_Write_Active - give arg types
  uint8_t Get_Flash_Write_Active();
../lib/inc/Flash.h(79): warning:  #1295-D: Deprecated declaration Erase_and_Write - give arg types
  HAL_StatusTypeDef Erase_and_Write();
../lib/inc/Flash.h(80): warning:  #1295-D: Deprecated declaration Read_When_Run - give arg types
  void Read_When_Run();
../lib/inc/AP23xxx_G0x.h(148): warning:  #1295-D: Deprecated declaration Get_Voice_Add - give arg types
  uint16_t Get_Voice_Add();
../lib/inc/AP23xxx_G0x.h(150): warning:  #1295-D: Deprecated declaration Play_Voice - give arg types
  HAL_StatusTypeDef Play_Voice();
../lib/inc/AP23xxx_G0x.h(153): warning:  #1295-D: Deprecated declaration Get_AP23xxx_Active_State - give arg types
  uint8_t Get_AP23xxx_Active_State();
../lib/inc/Motor_Driver.h(42): warning:  #1295-D: Deprecated declaration Get_Motor_Active_State - give arg types
  Motor_Typedef Get_Motor_Active_State();
../lib/inc/Motor_Driver.h(43): warning:  #1295-D: Deprecated declaration Run_Motor - give arg types
  void Run_Motor();
../lib/inc/Leds.h(44): warning:  #1295-D: Deprecated declaration Run_RGB - give arg types
  void Run_RGB();
../lib/inc/Leds.h(45): warning:  #1295-D: Deprecated declaration get_temp_pass - give arg types
  void get_temp_pass();
../lib/inc/Leds.h(54): warning:  #1-D: last line of file ends without a newline
  #endif
../lib/inc/common.h(67): warning:  #1-D: last line of file ends without a newline
  #endif
../lib/inc/Tuya_App.h(38): warning:  #1295-D: Deprecated declaration Tuya_loop - give arg types
  uint8_t Tuya_loop();
..\lib\src\Tsm12.c(77): warning:  #1295-D: Deprecated declaration clear_and_warrning - give arg types
  static void clear_and_warrning();
..\lib\src\Tsm12.c(265): warning:  #188-D: enumerated type mixed with another type
      return (temp & ((uint32_t)0x03 << i)) >> i;
..\lib\src\Tsm12.c(287): warning:  #167-D: argument of type "volatile uint8_t *" is incompatible with parameter of type "uint8_t *"
      HAL_I2C_Master_Receive(&hi2c1, TSM_Write_ADD, tsm_test, 1, TOUCH_RECEIVE_TIMEOUT);
..\lib\src\Tsm12.c: 25 warnings, 0 errors
compiling pl_uart.c...
../Core/Inc/main.h(220): warning:  #1295-D: Deprecated declaration Smart_Lock_IO - give arg types
  void Smart_Lock_IO();
..\Debug_Printf\Src\pl_uart.c: 1 warning, 0 errors
linking...
Program Size: Code=59824 RO-data=672 RW-data=692 ZI-data=12612  
FromELF: creating hex file...
".\Smart_Lock\Smart_Lock_V110.axf" - 0 Error(s), 278 Warning(s).

<h2>Software Packages used:</h2>

Package Vendor: ARM
                http://www.keil.com/pack/ARM.CMSIS.5.8.0.pack
                ARM.CMSIS.5.8.0
                CMSIS (Common Microcontroller Software Interface Standard)
   * Component: CORE Version: 5.5.0

Package Vendor: Keil
                http://www.keil.com/pack/Keil.STM32G0xx_DFP.1.3.0.pack
                Keil.STM32G0xx_DFP.1.3.0
                STMicroelectronics STM32G0 Series Device Support

<h2>Collection of Component include folders:</h2>
  .\RTE\_smart_lock
  C:\Users\Dell\AppData\Local\Arm\Packs\ARM\CMSIS\5.8.0\CMSIS\Core\Include
  C:\Users\Dell\AppData\Local\Arm\Packs\Keil\STM32G0xx_DFP\1.3.0\Drivers\CMSIS\Device\ST\STM32G0xx\Include

<h2>Collection of Component Files used:</h2>

   * Component: ARM::CMSIS:CORE:5.5.0
      Include file:  CMSIS\Core\Include\tz_context.h
Build Time Elapsed:  00:00:22
</pre>
</body>
</html>
