Component: ARM Compiler 5.06 update 7 (build 960) Tool: armlink [4d3601]

==============================================================================

Section Cross References

    startup_stm32g070xx.o(STACK) refers (Special) to heapauxi.o(.text) for __use_two_region_memory
    startup_stm32g070xx.o(HEAP) refers (Special) to heapauxi.o(.text) for __use_two_region_memory
    startup_stm32g070xx.o(RESET) refers (Special) to heapauxi.o(.text) for __use_two_region_memory
    startup_stm32g070xx.o(RESET) refers to startup_stm32g070xx.o(STACK) for __initial_sp
    startup_stm32g070xx.o(RESET) refers to startup_stm32g070xx.o(.text) for Reset_Handler
    startup_stm32g070xx.o(RESET) refers to stm32g0xx_it.o(i.NMI_Handler) for NMI_Handler
    startup_stm32g070xx.o(RESET) refers to stm32g0xx_it.o(i.HardFault_Handler) for HardFault_Handler
    startup_stm32g070xx.o(RESET) refers to stm32g0xx_it.o(i.SVC_Handler) for SVC_Handler
    startup_stm32g070xx.o(RESET) refers to stm32g0xx_it.o(i.PendSV_Handler) for PendSV_Handler
    startup_stm32g070xx.o(RESET) refers to stm32g0xx_it.o(i.SysTick_Handler) for SysTick_Handler
    startup_stm32g070xx.o(RESET) refers to stm32g0xx_it.o(i.EXTI0_1_IRQHandler) for EXTI0_1_IRQHandler
    startup_stm32g070xx.o(RESET) refers to stm32g0xx_it.o(i.EXTI4_15_IRQHandler) for EXTI4_15_IRQHandler
    startup_stm32g070xx.o(RESET) refers to stm32g0xx_it.o(i.DMA1_Channel1_IRQHandler) for DMA1_Channel1_IRQHandler
    startup_stm32g070xx.o(RESET) refers to stm32g0xx_it.o(i.ADC1_IRQHandler) for ADC1_IRQHandler
    startup_stm32g070xx.o(RESET) refers to stm32g0xx_it.o(i.TIM3_IRQHandler) for TIM3_IRQHandler
    startup_stm32g070xx.o(RESET) refers to stm32g0xx_it.o(i.TIM14_IRQHandler) for TIM14_IRQHandler
    startup_stm32g070xx.o(RESET) refers to stm32g0xx_it.o(i.I2C1_IRQHandler) for I2C1_IRQHandler
    startup_stm32g070xx.o(RESET) refers to stm32g0xx_it.o(i.SPI1_IRQHandler) for SPI1_IRQHandler
    startup_stm32g070xx.o(RESET) refers to stm32g0xx_it.o(i.USART2_IRQHandler) for USART2_IRQHandler
    startup_stm32g070xx.o(.text) refers (Special) to heapauxi.o(.text) for __use_two_region_memory
    startup_stm32g070xx.o(.text) refers to system_stm32g0xx.o(i.SystemInit) for SystemInit
    startup_stm32g070xx.o(.text) refers to __main.o(!!!main) for __main
    startup_stm32g070xx.o(.text) refers to startup_stm32g070xx.o(HEAP) for Heap_Mem
    startup_stm32g070xx.o(.text) refers to startup_stm32g070xx.o(STACK) for Stack_Mem
    main.o(i.Smart_Lock_Task) refers to aeabi_sdiv.o(.text) for __aeabi_uidivmod
    main.o(i.Smart_Lock_Task) refers to aeabi_memset.o(.text) for __aeabi_memset
    main.o(i.Smart_Lock_Task) refers to leds.o(i.Set_RGB) for Set_RGB
    main.o(i.Smart_Lock_Task) refers to fp_driver.o(i.Set_FP_Active_State) for Set_FP_Active_State
    main.o(i.Smart_Lock_Task) refers to mfrc522.o(i.Set_MFRC522_Active_State) for Set_MFRC522_Active_State
    main.o(i.Smart_Lock_Task) refers to leds.o(i.led_all_reset) for led_all_reset
    main.o(i.Smart_Lock_Task) refers to leds.o(i.Confi_RGB) for Confi_RGB
    main.o(i.Smart_Lock_Task) refers to ap23xxx_g0x.o(i.Set_Voice_Add) for Set_Voice_Add
    main.o(i.Smart_Lock_Task) refers to mcu_api.o(i.mcu_get_wifi_work_state) for mcu_get_wifi_work_state
    main.o(i.Smart_Lock_Task) refers to battery.o(i.Read_BAT) for Read_BAT
    main.o(i.Smart_Lock_Task) refers to tuya_app.o(i.update_battery_state) for update_battery_state
    main.o(i.Smart_Lock_Task) refers to stm32g0xx_hal_gpio.o(i.HAL_GPIO_ReadPin) for HAL_GPIO_ReadPin
    main.o(i.Smart_Lock_Task) refers to tsm12.o(.bss) for tsm_buffer
    main.o(i.Smart_Lock_Task) refers to tsm12.o(.data) for _sys1_menu
    main.o(i.Smart_Lock_Task) refers to mfrc522.o(.data) for RFID_State
    main.o(i.Smart_Lock_Task) refers to fp_driver.o(.data) for FP_State
    main.o(i.Smart_Lock_Task) refers to main.o(.data) for tsm_counter
    main.o(i.Smart_Lock_Task) refers to tuya_app.o(.data) for check_communcation_counter
    main.o(i.Smart_Lock_Task) refers to leds.o(.data) for counter_temp_pass
    main.o(i.SystemClock_Config) refers to rt_memclr.o(.text) for __aeabi_memclr4
    main.o(i.SystemClock_Config) refers to stm32g0xx_hal_pwr_ex.o(i.HAL_PWREx_ControlVoltageScaling) for HAL_PWREx_ControlVoltageScaling
    main.o(i.SystemClock_Config) refers to stm32g0xx_hal_rcc.o(i.HAL_RCC_OscConfig) for HAL_RCC_OscConfig
    main.o(i.SystemClock_Config) refers to main.o(i.Error_Handler) for Error_Handler
    main.o(i.SystemClock_Config) refers to stm32g0xx_hal_rcc.o(i.HAL_RCC_ClockConfig) for HAL_RCC_ClockConfig
    main.o(i.SystemClock_Config_For_Sleep) refers to rt_memclr.o(.text) for __aeabi_memclr4
    main.o(i.SystemClock_Config_For_Sleep) refers to stm32g0xx_hal_pwr_ex.o(i.HAL_PWREx_ControlVoltageScaling) for HAL_PWREx_ControlVoltageScaling
    main.o(i.SystemClock_Config_For_Sleep) refers to stm32g0xx_hal_rcc.o(i.HAL_RCC_OscConfig) for HAL_RCC_OscConfig
[...]
    mcu_get_gelin_time                       0x0800c647   Thumb Code    12  mcu_api.o(i.mcu_get_gelin_time)
    mcu_get_schedule_temp_pass               0x0800c653   Thumb Code    12  lock_api.o(i.mcu_get_schedule_temp_pass)
    mcu_get_wifi_work_state                  0x0800c661   Thumb Code     6  mcu_api.o(i.mcu_get_wifi_work_state)
    mcu_reset_wifi                           0x0800c66d   Thumb Code    18  mcu_api.o(i.mcu_reset_wifi)
    mcu_set_wifi_mode                        0x0800c685   Thumb Code    32  mcu_api.o(i.mcu_set_wifi_mode)
    mcu_write_gltime                         0x0800c6a9   Thumb Code   386  protocol.o(i.mcu_write_gltime)
    mcu_write_rtctime                        0x0800c841   Thumb Code     2  protocol.o(i.mcu_write_rtctime)
    measureMicrosecondsGet                   0x0800c845   Thumb Code     8  battery.o(i.measureMicrosecondsGet)
    measureMicrosecondsStart                 0x0800c851   Thumb Code    18  battery.o(i.measureMicrosecondsStart)
    measureMicrosecondsStop                  0x0800c869   Thumb Code    10  battery.o(i.measureMicrosecondsStop)
    movingAvg                                0x0800c879   Thumb Code   142  battery.o(i.movingAvg)
    mul_temp_pass_handle                     0x0800c90f   Thumb Code   114  lock_api.o(i.mul_temp_pass_handle)
    my_memcpy                                0x0800c981   Thumb Code    76  mcu_api.o(i.my_memcpy)
    my_strlen                                0x0800c9cd   Thumb Code    28  mcu_api.o(i.my_strlen)
    offline_dynamic_password                 0x0800c9e9   Thumb Code    54  lock_api.o(i.offline_dynamic_password)
    offline_dynamic_password_result          0x0800ca21   Thumb Code    72  lock_api.o(i.offline_dynamic_password_result)
    pass_check_handle                        0x0800ca6d   Thumb Code    32  lock_api.o(i.pass_check_handle)
    registrtion_id                           0x0800cb95   Thumb Code   184  common.o(i.registrtion_id)
    schedule_temp_pass_handle                0x0800cea1   Thumb Code   150  lock_api.o(i.schedule_temp_pass_handle)
    set_wifi_uart_buffer                     0x0800cf75   Thumb Code    30  system.o(i.set_wifi_uart_buffer)
    set_wifi_uart_byte                       0x0800cf99   Thumb Code    12  system.o(i.set_wifi_uart_byte)
    success_admin_login                      0x0800cfa9   Thumb Code    54  common.o(i.success_admin_login)
    system_reset                             0x0800cff5   Thumb Code   160  common.o(i.system_reset)
    temp_pass_handle                         0x0800d0b1   Thumb Code     2  lock_api.o(i.temp_pass_handle)
    touch_led                                0x0800d0b5   Thumb Code   208  leds.o(i.touch_led)
    tuya_init                                0x0800d19d   Thumb Code    86  tuya_app.o(i.tuya_init)
    uart_receive_input                       0x0800d1fd   Thumb Code    76  mcu_api.o(i.uart_receive_input)
    update_battery_state                     0x0800d25d   Thumb Code     6  tuya_app.o(i.update_battery_state)
    wifi_protocol_init                       0x0800d361   Thumb Code    24  mcu_api.o(i.wifi_protocol_init)
    wifi_reset_notice                        0x0800d38d   Thumb Code    44  protocol.o(i.wifi_reset_notice)
    wifi_test_result                         0x0800d3b9   Thumb Code    12  protocol.o(i.wifi_test_result)
    wifi_uart_service                        0x0800d3c5   Thumb Code   240  mcu_api.o(i.wifi_uart_service)
    wifi_uart_write_frame                    0x0800d4c1   Thumb Code   100  system.o(i.wifi_uart_write_frame)
    wifi_update_handle                       0x0800d531   Thumb Code    32  protocol.o(i.wifi_update_handle)
    __aeabi_cdcmple                          0x0800d551   Thumb Code     0  dlef.o(x$fpl$dleqf)
    _dcmple                                  0x0800d551   Thumb Code    94  dlef.o(x$fpl$dleqf)
    __aeabi_cdrcmple                         0x0800d5b5   Thumb Code     0  drlef.o(x$fpl$drleqf)
    _drcmple                                 0x0800d5b5   Thumb Code   100  drlef.o(x$fpl$drleqf)
    __I$use$fp                               0x0800d61c   Number         0  usenofp.o(x$fpl$usenofp)
    UARTPrescTable                           0x0800d624   Data          24  stm32g0xx_hal_uart.o(.constdata)
    AHBPrescTable                            0x0800d65c   Data          64  system_stm32g0xx.o(.constdata)
    APBPrescTable                            0x0800d69c   Data          32  system_stm32g0xx.o(.constdata)
    download_cmd                             0x0800d6f4   Data         112  protocol.o(.constdata)
    Region$$Table$$Base                      0x0800d7e4   Number         0  anon$$obj.o(Region$$Table)
    Region$$Table$$Limit                     0x0800d804   Number         0  anon$$obj.o(Region$$Table)
    system_locked                            0x20000000   Data           1  main.o(.data)
    door_opened                              0x20000001   Data           1  main.o(.data)
    door_opened_counter                      0x20000004   Data           4  main.o(.data)
    tsm_counter                              0x20000008   Data           4  main.o(.data)
    glTime                                   0x2000000c   Data           8  main.o(.data)
    glDate                                   0x20000014   Data           4  main.o(.data)
    FP_Check                                 0x20000018   Data           1  main.o(.data)
    TSM_Check                                0x20000019   Data           1  main.o(.data)
    RFID_Check                               0x2000001a   Data           1  main.o(.data)
    APP_Check                                0x2000001b   Data           1  main.o(.data)
    err_counter                              0x2000001c   Data           1  main.o(.data)
    cnt_10ms                                 0x20000020   Data           4  main.o(.data)
    activateTuyaUnlockingRequest             0x20000024   Data           1  main.o(.data)
    currentWifiWorkingState                  0x20000025   Data           1  main.o(.data)
    common_id                                0x20000026   Data           1  main.o(.data)
    system_reset_flag                        0x20000027   Data           1  main.o(.data)
    Remotly_control_flag                     0x20000028   Data           1  main.o(.data)
    sleep_mode_flag                          0x20000029   Data           1  main.o(.data)
    smart_lock_task_counter                  0x2000002a   Data           1  main.o(.data)
    smart_lock_task_start                    0x2000002b   Data           1  main.o(.data)
    tim14_int_flag                           0x2000002c   Data           1  main.o(.data)
    sleep_time_counter                       0x20000030   Data           4  main.o(.data)
    lock_counter                             0x20000034   Data           4  main.o(.data)
    to_unlock_counter                        0x20000038   Data           4  main.o(.data)
    iwdt_value_time                          0x2000003c   Data           4  main.o(.data)
    uwTick                                   0x20000044   Data           4  stm32g0xx_hal.o(.data)
    uwTickPrio                               0x20000048   Data           4  stm32g0xx_hal.o(.data)
    uwTickFreq                               0x2000004c   Data           1  stm32g0xx_hal.o(.data)
    SystemCoreClock                          0x20000050   Data           4  system_stm32g0xx.o(.data)
    adc_read_value                           0x20000084   Data           4  battery.o(.data)
    read_voltage_value                       0x20000088   Data           4  battery.o(.data)
    adcConvertCompletedFlag                  0x2000008c   Data           1  battery.o(.data)
    adc_buffer                               0x2000008e   Data           2  battery.o(.data)
    measuredCount                            0x20000090   Data           4  battery.o(.data)
    adc_temp                                 0x20000098   Data           8  battery.o(.data)
    adc_buf_count                            0x200000a0   Data           4  battery.o(.data)
    max_admin_user_flag                      0x200000a6   Data           1  common.o(.data)
    admin_id                                 0x200000a7   Data           1  common.o(.data)
    Smart_Lock_Val                           0x200000a8   Data           4  common.o(.data)
    adem_check_erase                         0x200000ad   Data           1  flash.o(.data)
    Finger1                                  0x200000b0   Data          28  fp_driver.o(.data)
    FP_State                                 0x200000cc   Data           1  fp_driver.o(.data)
    FP_Signal                                0x200000dd   Data           1  fp_driver.o(.data)
    LED_ON_OFF                               0x200000de   Data           1  fp_driver.o(.data)
    return_control                           0x200000df   Data           1  fp_driver.o(.data)
    return_count                             0x200000e0   Data           1  fp_driver.o(.data)
    return_control1                          0x200000e2   Data           1  fp_driver.o(.data)
    return_control2                          0x200000e3   Data           1  fp_driver.o(.data)
    return_control3                          0x200000e4   Data           1  fp_driver.o(.data)
    return_control4                          0x200000e5   Data           1  fp_driver.o(.data)
    return_control5                          0x200000e6   Data           1  fp_driver.o(.data)
    register_control_flag                    0x200000e7   Data           1  fp_driver.o(.data)
    cur_fp_color                             0x200000e8   Data           1  fp_driver.o(.data)
    RGB_State                                0x200000f4   Data           1  leds.o(.data)
    led_delay_flag                           0x20000104   Data           1  leds.o(.data)
    led_delay_count                          0x20000108   Data           4  leds.o(.data)
    led_number                               0x2000010c   Data           1  leds.o(.data)
    led_Blink_count                          0x2000010d   Data           1  leds.o(.data)
    led_Blink_flag                           0x2000010e   Data           1  leds.o(.data)
    led_blink_delay                          0x20000110   Data           4  leds.o(.data)
    counter_temp_pass                        0x20000114   Data           1  leds.o(.data)
    RFID_RX                                  0x20000120   Data           8  mfrc522.o(.data)
    RFID_State                               0x20000128   Data           1  mfrc522.o(.data)
    rfid_reveived_data                       0x20000129   Data           1  mfrc522.o(.data)
    firmwarePosition                         0x20000138   Data           4  protocol.o(.data)
    unlock_method_ptr                        0x2000013c   Data           4  protocol.o(.data)
    unlock_method_len                        0x20000140   Data           4  protocol.o(.data)
    synch_method_ptr                         0x20000144   Data           4  protocol.o(.data)
    synch_method_len                         0x20000148   Data           4  protocol.o(.data)
    link_mode                                0x2000014c   Data           1  protocol.o(.data)
    remote_no_pd_setkey_ptr                  0x20000150   Data           4  protocol.o(.data)
    remote_no_pd_setkey_len                  0x20000154   Data           4  protocol.o(.data)
    remote_no_dp_key_ptr                     0x20000158   Data           4  protocol.o(.data)
    remote_no_dp_key_len                     0x2000015c   Data           4  protocol.o(.data)
    all_Fingerprints_ptr                     0x20000160   Data           4  protocol.o(.data)
    all_Fingerprints_len                     0x20000164   Data           4  protocol.o(.data)
    all_Codes_ptr                            0x20000168   Data           4  protocol.o(.data)
    all_Codes_len                            0x2000016c   Data           4  protocol.o(.data)
    all_Cards_ptr                            0x20000170   Data           4  protocol.o(.data)
    all_Cards_len                            0x20000174   Data           4  protocol.o(.data)
    offline_Code_Unlocking_ptr               0x20000178   Data           4  protocol.o(.data)
    offline_Code_Unlocking_len               0x2000017c   Data           4  protocol.o(.data)
    clear_Offline_Codes_ptr                  0x20000180   Data           4  protocol.o(.data)
    clear_Offline_Codes_len                  0x20000184   Data           4  protocol.o(.data)
    set_Key_for_NoCode_Unlock_ptr            0x20000188   Data           4  protocol.o(.data)
    set_Key_for_NoCode_Unlock_len            0x2000018c   Data           4  protocol.o(.data)
    no_Code_Unlock_ptr                       0x20000190   Data           4  protocol.o(.data)
    no_Code_Unlock_len                       0x20000194   Data           4  protocol.o(.data)
    lock_Local_Operation_Record_ptr          0x20000198   Data           4  protocol.o(.data)
    lock_Local_Operation_Record_len          0x2000019c   Data           4  protocol.o(.data)
    active_Message_Push_ptr                  0x200001a0   Data           4  protocol.o(.data)
    active_Message_Push_len                  0x200001a4   Data           4  protocol.o(.data)
    current_Unlock_with_Fingerprint          0x200001a8   Data           4  protocol.o(.data)
    current_Unlock_with_Code                 0x200001ac   Data           4  protocol.o(.data)
    current_Unlock_with_Temporary_Code       0x200001b0   Data           4  protocol.o(.data)
    current_Unlock_with_Card                 0x200001b4   Data           4  protocol.o(.data)
    current_Unlock_with_Mechanical_Key       0x200001b8   Data           4  protocol.o(.data)
    current_Remote_Unlocking_Countdown       0x200001bc   Data           4  protocol.o(.data)
    current_Battery_Level                    0x200001c0   Data           4  protocol.o(.data)
    current_Remaining_Battery                0x200001c4   Data           4  protocol.o(.data)
    current_Double_Lock                      0x200001c8   Data           1  protocol.o(.data)
    current_Remote_Unlocking_in_App          0x200001cc   Data           4  protocol.o(.data)
    current_Unlock_from_Inside               0x200001d0   Data           1  protocol.o(.data)
    current_Door_Status                      0x200001d1   Data           1  protocol.o(.data)
    current_SMS_Notification                 0x200001d2   Data           1  protocol.o(.data)
    current_Auto_Lock                        0x200001d3   Data           1  protocol.o(.data)
    current_Auto_Lock_Delay                  0x200001d4   Data           4  protocol.o(.data)
    current_Door_Opening_Direction           0x200001d8   Data           1  protocol.o(.data)
    auto_lock_time                           0x200001dc   Data           4  protocol.o(.data)
    temporary_password_modify                0x200001e0   Data           4  protocol.o(.data)
    temporary_password_delete                0x200001e4   Data           4  protocol.o(.data)
    temporary_password_create                0x200001e8   Data           4  protocol.o(.data)
    battery_state                            0x200001ec   Data           1  protocol.o(.data)
    door_status                              0x200001ed   Data           1  protocol.o(.data)
    lock_motor_direction                     0x200001ee   Data           1  protocol.o(.data)
    reverse_lock                             0x200001ef   Data           1  protocol.o(.data)
    message_notification                     0x200001f0   Data           1  protocol.o(.data)
    open_inside                              0x200001f1   Data           1  protocol.o(.data)
    automatic_lock                           0x200001f2   Data           1  protocol.o(.data)
    lock_local_record_ptr                    0x200001f4   Data           4  protocol.o(.data)
    lock_local_record_len                    0x200001f8   Data           2  protocol.o(.data)
    initiative_message_ptr                   0x200001fc   Data           4  protocol.o(.data)
    initiative_message_len                   0x20000200   Data           2  protocol.o(.data)
    ind                                      0x20000202   Data           1  protocol.o(.data)
    tuyaConnectionCounter                    0x20000204   Data           4  protocol.o(.data)
    key_index                                0x20000208   Data           1  protocol.o(.data)
    value_index                              0x20000209   Data           1  protocol.o(.data)
    numUnlockedCounter                       0x2000020c   Data           4  protocol.o(.data)
    offline_time                             0x20000210   Data           6  protocol.o(.data)
    queue_in                                 0x20000218   Data           4  system.o(.data)
    queue_out                                0x2000021c   Data           4  system.o(.data)
    stop_update_flag                         0x20000220   Data           1  system.o(.data)
    reset_wifi_flag                          0x20000221   Data           1  system.o(.data)
    set_wifimode_flag                        0x20000222   Data           1  system.o(.data)
    wifi_work_state                          0x20000223   Data           1  system.o(.data)
    Tuya_Tx_State_FLAG                       0x20000224   Data           1  system.o(.data)
    cap_equip                                0x20000225   Data           1  system.o(.data)
    system_default_admin                     0x20000228   Data           1  tsm12.o(.data)
    system_reset_button_flag                 0x20000229   Data           1  tsm12.o(.data)
    Tsm12_1                                  0x2000022c   Data          24  tsm12.o(.data)
    temp_buffer                              0x20000244   Data           2  tsm12.o(.data)
    _sys1_menu                               0x20000246   Data           1  tsm12.o(.data)
    _sys2_menu                               0x20000247   Data           1  tsm12.o(.data)
    index_tsm_buffer                         0x20000248   Data           1  tsm12.o(.data)
    index_temp_buffer                        0x20000249   Data           1  tsm12.o(.data)
    TSM12_I2CACKError                        0x20000256   Data           1  tsm12.o(.data)
    data                                     0x20000257   Data           2  tsm12.o(.data)
    RepCnt                                   0x20000259   Data           1  tsm12.o(.data)
    DATA_STATE                               0x2000025a   Data           1  tsm12.o(.data)
    tsm_test                                 0x2000025b   Data           1  tsm12.o(.data)
    x                                        0x2000025c   Data           4  tsm12.o(.data)
    system_rst_btn_flag2                     0x20000260   Data           1  tsm12.o(.data)
    check_communcation_counter               0x20000264   Data           4  tuya_app.o(.data)
    unlockRequestDowncounter                 0x20000268   Data           1  tuya_app.o(.data)
    unlock_remotly_counter                   0x20000269   Data           1  tuya_app.o(.data)
    remotely_unlock_st                       0x2000026a   Data           1  tuya_app.o(.data)
    tuya_RxByte                              0x2000026b   Data           1  tuya_app.o(.data)
    failed_password_led_off_flag             0x2000026c   Data           1  tuya_app.o(.data)
    DPID_QUERY_CREATE_TYPE0                  0x2000026e   Data           1  tuya_app.o(.data)
    DPID_QUERY_CREATE_TYPE1                  0x2000026f   Data           1  tuya_app.o(.data)
    DPID_CREATE_TYPE_ACK0                    0x20000270   Data           1  tuya_app.o(.data)
    DPID_CREATE_TYPE_ACK1                    0x20000271   Data           1  tuya_app.o(.data)
    DPID_CREATE_TYPE_ACK2                    0x20000272   Data           1  tuya_app.o(.data)
    DPID_CREATE_TYPE_ACK3                    0x20000273   Data           1  tuya_app.o(.data)
    DPID_CREATE_TYPE_ACK4                    0x20000274   Data           1  tuya_app.o(.data)
    DPID_DOOR_INPUT_OK_KIT1                  0x20000275   Data           1  tuya_app.o(.data)
    OFFLINE_DYN_PW_CMD1                      0x20000276   Data           1  tuya_app.o(.data)
    Get_time1                                0x20000277   Data           1  tuya_app.o(.data)
    hadc1                                    0x20000280   Data         100  adc.o(.bss)
    hdma_adc1                                0x200002e4   Data          92  adc.o(.bss)
    hi2c1                                    0x20000340   Data          84  i2c.o(.bss)
    hspi1                                    0x20000394   Data         100  spi.o(.bss)
    hspi2                                    0x200003f8   Data         100  spi.o(.bss)
    htim3                                    0x2000045c   Data          76  tim.o(.bss)
    htim14                                   0x200004a8   Data          76  tim.o(.bss)
    huart1                                   0x200004f4   Data         148  usart.o(.bss)
    huart2                                   0x20000588   Data         148  usart.o(.bss)
    pFlash                                   0x2000061c   Data          28  stm32g0xx_hal_flash.o(.bss)
    adc_sequentialBuffer                     0x20000638   Data        1000  battery.o(.bss)
    Flash_DataBase                           0x20000a20   Data          16  flash.o(.bss)
    RFID_DataBase                            0x20000a30   Data         800  mfrc522.o(.bss)
    firmwareBuffer                           0x20000d50   Data        1024  protocol.o(.bss)
    stored_key                               0x20001150   Data           9  protocol.o(.bss)
    wifi_data_process_buf                    0x20001159   Data         507  system.o(.bss)
    wifi_uart_rx_buf                         0x20001354   Data         707  system.o(.bss)
    wifi_uart_tx_buf                         0x20001617   Data         103  system.o(.bss)
    Temp_Pass_DB                             0x20001680   Data         400  temp_pass.o(.bss)
    Temp_Online_Pass_DB                      0x20001810   Data         400  temp_pass.o(.bss)
    TSM_DataBase                             0x200019a0   Data         800  tsm12.o(.bss)
    tsm_buffer                               0x20001cc0   Data          11  tsm12.o(.bss)
    value11                                  0x20001ccb   Data          10  tuya_app.o(.bss)
    __libspace_start                         0x20001cd8   Data          96  libspace.o(.bss)
    __temporary_stack_top$libspace           0x20001d38   Data           0  libspace.o(.bss)



==============================================================================

Memory Map of the image

  Image Entry point : 0x080000b9

  Load Region LR_IROM1 (Base: 0x08000000, Size: 0x0000da84, Max: 0x00020000, ABSOLUTE, COMPRESSED[0x0000d870])

    Execution Region ER_IROM1 (Exec base: 0x08000000, Load base: 0x08000000, Size: 0x0000d804, Max: 0x00020000, ABSOLUTE)

    Exec Addr    Load Addr    Size         Type   Attr      Idx    E Section Name        Object

    0x08000000   0x08000000   0x000000b8   Data   RO            3    RESET               startup_stm32g070xx.o
    0x080000b8   0x080000b8   0x00000008   Code   RO         7344  * !!!main             c_p.l(__main.o)
    0x080000c0   0x080000c0   0x0000003c   Code   RO         7607    !!!scatter          c_p.l(__scatter.o)
    0x080000fc   0x080000fc   0x0000001c   Code   RO         7609    !!handler_zi        c_p.l(__scatter_zi.o)
    0x08000118   0x08000118   0x00000002   Code   RO         7329    .ARM.Collect$$_printf_percent$$00000000  c_p.l(_printf_percent.o)
    0x0800011a   0x0800011a   0x0000000a   Code   RO         7328    .ARM.Collect$$_printf_percent$$00000009  c_p.l(_printf_d.o)
    0x08000124   0x08000124   0x00000004   Code   RO         7406    .ARM.Collect$$_printf_percent$$00000017  c_p.l(_printf_percent_end.o)
    0x08000128   0x08000128   0x00000002   Code   RO         7539    .ARM.Collect$$libinit$$00000000  c_p.l(libinit.o)
    0x0800012a   0x0800012a   0x00000000   Code   RO         7416    .ARM.Collect$$libinit$$00000002  c_p.l(libinit2.o)
    0x0800012a   0x0800012a   0x00000000   Code   RO         7418    .ARM.Collect$$libinit$$00000004  c_p.l(libinit2.o)
    0x0800012a   0x0800012a   0x00000008   Code   RO         7419    .ARM.Collect$$libinit$$00000005  c_p.l(libinit2.o)
    0x08000132   0x08000132   0x00000000   Code   RO         7421    .ARM.Collect$$libinit$$0000000A  c_p.l(libinit2.o)
    0x08000132   0x08000132   0x00000000   Code   RO         7423    .ARM.Collect$$libinit$$0000000C  c_p.l(libinit2.o)
    0x08000132   0x08000132   0x00000000   Code   RO         7425    .ARM.Collect$$libinit$$0000000E  c_p.l(libinit2.o)
    0x08000132   0x08000132   0x00000000   Code   RO         7428    .ARM.Collect$$libinit$$00000011  c_p.l(libinit2.o)
    0x08000132   0x08000132   0x00000000   Code   RO         7430    .ARM.Collect$$libinit$$00000013  c_p.l(libinit2.o)
    0x08000132   0x08000132   0x00000000   Code   RO         7432    .ARM.Collect$$libinit$$00000015  c_p.l(libinit2.o)
    0x08000132   0x08000132   0x00000000   Code   RO         7434    .ARM.Collect$$libinit$$00000017  c_p.l(libinit2.o)
    0x08000132   0x08000132   0x00000000   Code   RO         7436    .ARM.Collect$$libinit$$00000019  c_p.l(libinit2.o)
    0x08000132   0x08000132   0x00000000   Code   RO         7438    .ARM.Collect$$libinit$$0000001B  c_p.l(libinit2.o)
    0x08000132   0x08000132   0x00000000   Code   RO         7440    .ARM.Collect$$libinit$$0000001D  c_p.l(libinit2.o)
    0x08000132   0x08000132   0x00000000   Code   RO         7442    .ARM.Collect$$libinit$$0000001F  c_p.l(libinit2.o)
    0x08000132   0x08000132   0x00000000   Code   RO         7444    .ARM.Collect$$libinit$$00000021  c_p.l(libinit2.o)
    0x08000132   0x08000132   0x00000000   Code   RO         7446    .ARM.Collect$$libinit$$00000023  c_p.l(libinit2.o)
    0x08000132   0x08000132   0x00000000   Code   RO         7448    .ARM.Collect$$libinit$$00000025  c_p.l(libinit2.o)
    0x08000132   0x08000132   0x00000000   Code   RO         7452    .ARM.Collect$$libinit$$0000002C  c_p.l(libinit2.o)
    0x08000132   0x08000132   0x00000000   Code   RO         7454    .ARM.Collect$$libinit$$0000002E  c_p.l(libinit2.o)
    0x08000132   0x08000132   0x00000000   Code   RO         7456    .ARM.Collect$$libinit$$00000030  c_p.l(libinit2.o)
    0x08000132   0x08000132   0x00000000   Code   RO         7458    .ARM.Collect$$libinit$$00000032  c_p.l(libinit2.o)
    0x08000132   0x08000132   0x00000002   Code   RO         7459    .ARM.Collect$$libinit$$00000033  c_p.l(libinit2.o)
    0x08000134   0x08000134   0x00000002   Code   RO         7602    .ARM.Collect$$libshutdown$$00000000  c_p.l(libshutdown.o)
    0x08000136   0x08000136   0x00000000   Code   RO         7558    .ARM.Collect$$libshutdown$$00000002  c_p.l(libshutdown2.o)
    0x08000136   0x08000136   0x00000000   Code   RO         7560    .ARM.Collect$$libshutdown$$00000004  c_p.l(libshutdown2.o)
    0x08000136   0x08000136   0x00000000   Code   RO         7562    .ARM.Collect$$libshutdown$$00000006  c_p.l(libshutdown2.o)
    0x08000136   0x08000136   0x00000000   Code   RO         7565    .ARM.Collect$$libshutdown$$00000009  c_p.l(libshutdown2.o)
    0x08000136   0x08000136   0x00000000   Code   RO         7568    .ARM.Collect$$libshutdown$$0000000C  c_p.l(libshutdown2.o)
    0x08000136   0x08000136   0x00000000   Code   RO         7570    .ARM.Collect$$libshutdown$$0000000E  c_p.l(libshutdown2.o)
    0x08000136   0x08000136   0x00000000   Code   RO         7573    .ARM.Collect$$libshutdown$$00000011  c_p.l(libshutdown2.o)
    0x08000136   0x08000136   0x00000002   Code   RO         7574    .ARM.Collect$$libshutdown$$00000012  c_p.l(libshutdown2.o)
    0x08000138   0x08000138   0x00000000   Code   RO         7370    .ARM.Collect$$rtentry$$00000000  c_p.l(__rtentry.o)
    0x08000138   0x08000138   0x00000000   Code   RO         7469    .ARM.Collect$$rtentry$$00000002  c_p.l(__rtentry2.o)
    0x08000138   0x08000138   0x00000006   Code   RO         7481    .ARM.Collect$$rtentry$$00000004  c_p.l(__rtentry4.o)
    0x0800013e   0x0800013e   0x00000000   Code   RO         7471    .ARM.Collect$$rtentry$$00000009  c_p.l(__rtentry2.o)
    0x0800013e   0x0800013e   0x00000004   Code   RO         7472    .ARM.Collect$$rtentry$$0000000A  c_p.l(__rtentry2.o)
    0x08000142   0x08000142   0x00000000   Code   RO         7474    .ARM.Collect$$rtentry$$0000000C  c_p.l(__rtentry2.o)
    0x08000142   0x08000142   0x00000008   Code   RO         7475    .ARM.Collect$$rtentry$$0000000D  c_p.l(__rtentry2.o)
    0x0800014a   0x0800014a   0x00000002   Code   RO         7545    .ARM.Collect$$rtexit$$00000000  c_p.l(rtexit.o)
    0x0800014c   0x0800014c   0x00000000   Code   RO         7578    .ARM.Collect$$rtexit$$00000002  c_p.l(rtexit2.o)
    0x0800014c   0x0800014c   0x00000004   Code   RO         7579    .ARM.Collect$$rtexit$$00000003  c_p.l(rtexit2.o)
    0x08000150   0x08000150   0x00000006   Code   RO         7580    .ARM.Collect$$rtexit$$00000004  c_p.l(rtexit2.o)
    0x08000156   0x08000156   0x00000002   PAD
    0x08000158   0x08000158   0x00000000   Code   RO         7487    .emb_text           c_p.l(maybetermalloc1.o)
    0x08000158   0x08000158   0x00000038   Code   RO            4    .text               startup_stm32g070xx.o
    0x08000190   0x08000190   0x00000062   Code   RO         7242    .text               c_p.l(h1_alloc.o)
    0x080001f2   0x080001f2   0x0000004c   Code   RO         7244    .text               c_p.l(h1_free.o)
    0x0800023e   0x0800023e   0x00000002   PAD
    0x08000240   0x08000240   0x00000028   Code   RO         7302    .text               c_p.l(noretval__2sprintf.o)
    0x08000268   0x08000268   0x0000006c   Code   RO         7304    .text               c_p.l(__printf.o)
    0x080002d4   0x080002d4   0x0000006c   Code   RO         7306    .text               c_p.l(_printf_dec.o)
    0x08000340   0x08000340   0x00000012   Code   RO         7330    .text               c_p.l(aeabi_memset.o)
    0x08000352   0x08000352   0x00000040   Code   RO         7332    .text               c_p.l(rt_memclr.o)
    0x08000392   0x08000392   0x00000002   PAD
    0x08000394   0x08000394   0x0000006c   Code   RO         7334    .text               c_p.l(strncpy.o)
    0x08000400   0x08000400   0x0000015a   Code   RO         7338    .text               c_p.l(aeabi_sdiv.o)
    0x0800055a   0x0800055a   0x00000006   Code   RO         7342    .text               c_p.l(heapauxi.o)
    0x08000560   0x08000560   0x00000358   Code   RO         7346    .text               fz_ps.l(daddsub.o)
    0x080008b8   0x080008b8   0x00000448   Code   RO         7348    .text               fz_ps.l(ddiv.o)
    0x08000d00   0x08000d00   0x00000058   Code   RO         7351    .text               fz_ps.l(dflti.o)
    0x08000d58   0x08000d58   0x00000248   Code   RO         7355    .text               fz_ps.l(dmul.o)
    0x08000fa0   0x08000fa0   0x00000054   Code   RO         7359    .text               fz_ps.l(f2d.o)
    0x08000ff4   0x08000ff4   0x0000005e   Code   RO         7364    .text               fz_ps.l(fflti.o)
    0x08001052   0x08001052   0x00000002   PAD
    0x08001054   0x08001054   0x00000008   Code   RO         7378    .text               c_p.l(rt_heap_descriptor_intlibspace.o)
    0x0800105c   0x0800105c   0x00000004   Code   RO         7380    .text               c_p.l(hguard.o)
    0x08001060   0x08001060   0x00000088   Code   RO         7382    .text               c_p.l(init_alloc.o)
    0x080010e8   0x080010e8   0x0000000e   Code   RO         7386    .text               c_p.l(h1_init.o)
    0x080010f6   0x080010f6   0x000000b0   Code   RO         7400    .text               c_p.l(_printf_intcommon.o)
    0x080011a6   0x080011a6   0x00000002   PAD
    0x080011a8   0x080011a8   0x00000030   Code   RO         7402    .text               c_p.l(_printf_char_common.o)
    0x080011d8   0x080011d8   0x0000000a   Code   RO         7404    .text               c_p.l(_sputc.o)
    0x080011e2   0x080011e2   0x00000028   Code   RO         7411    .text               c_p.l(rtudiv10.o)
    0x0800120a   0x0800120a   0x00000002   PAD
    0x0800120c   0x0800120c   0x00000090   Code   RO         7460    .text               fz_ps.l(dcmpin.o)
    0x0800129c   0x0800129c   0x00000008   Code   RO         7465    .text               c_p.l(libspace.o)
    0x080012a4   0x080012a4   0x00000034   Code   RO         7489    .text               c_p.l(h1_extend.o)
    0x080012d8   0x080012d8   0x0000000c   Code   RO         7495    .text               c_p.l(defsig_rtmem_outer.o)
    0x080012e4   0x080012e4   0x0000002e   Code   RO         7504    .text               fz_ps.l(cmpret.o)
    0x08001312   0x08001312   0x00000002   PAD
    0x08001314   0x08001314   0x00000014   Code   RO         7506    .text               fz_ps.l(dnan2.o)
    0x08001328   0x08001328   0x00000002   Code   RO         7510    .text               c_p.l(use_no_semi.o)
    0x0800132a   0x0800132a   0x00000000   Code   RO         7512    .text               c_p.l(indicate_semi.o)
    0x0800132a   0x0800132a   0x0000003e   Code   RO         7513    .text               c_p.l(sys_stackheap_outer.o)
    0x08001368   0x08001368   0x00000010   Code   RO         7520    .text               c_p.l(exit.o)
    0x08001378   0x08001378   0x0000000c   Code   RO         7522    .text               c_p.l(defsig_exit.o)
    0x08001384   0x08001384   0x00000050   Code   RO         7528    .text               c_p.l(defsig_rtmem_inner.o)
    0x080013d4   0x080013d4   0x0000005e   Code   RO         7540    .text               fz_ps.l(retnan.o)
    0x08001432   0x08001432   0x00000002   PAD
    0x08001434   0x08001434   0x0000000c   Code   RO         7542    .text               c_p.l(sys_exit.o)
    0x08001440   0x08001440   0x00000034   Code   RO         7553    .text               c_p.l(defsig_general.o)
    0x08001474   0x08001474   0x0000000c   Code   RO         7575    .text               c_p.l(sys_wrch.o)
    0x08001480   0x08001480   0x00000056   Code   RO         7605    .text               c_p.l(__dczerorl2.o)
    0x080014d6   0x080014d6   0x00000002   PAD
    0x080014d8   0x080014d8   0x00000010   Code   RO          654    i.ADC1_IRQHandler   stm32g0xx_it.o
    0x080014e8   0x080014e8   0x00000070   Code   RO          791    i.ADC_ConversionStop  stm32g0xx_hal_adc.o
    0x08001558   0x08001558   0x00000090   Code   RO          792    i.ADC_DMAConvCplt   stm32g0xx_hal_adc.o
    0x080015e8   0x080015e8   0x0000001e   Code   RO          793    i.ADC_DMAError      stm32g0xx_hal_adc.o
    0x08001606   0x08001606   0x0000000e   Code   RO          794    i.ADC_DMAHalfConvCplt  stm32g0xx_hal_adc.o
    0x08001614   0x08001614   0x0000008a   Code   RO          795    i.ADC_Disable       stm32g0xx_hal_adc.o
    0x0800169e   0x0800169e   0x00000002   PAD
    0x080016a0   0x080016a0   0x000000d8   Code   RO          796    i.ADC_Enable        stm32g0xx_hal_adc.o
    0x08001778   0x08001778   0x00000060   Code   RO         5431    i.AP23xxx_Send      ap23xxx_g0x.o
    0x080017d8   0x080017d8   0x0000000c   Code   RO         6291    i.AntennaOn         mfrc522.o
    0x080017e4   0x080017e4   0x00000024   Code   RO         5764    i.Blinking_Led      fp_driver.o
    0x08001808   0x08001808   0x000000a4   Code   RO         5497    i.Calc_BAT_Level    battery.o
    0x080018ac   0x080018ac   0x00000062   Code   RO         6292    i.CalulateCRC       mfrc522.o
    0x0800190e   0x0800190e   0x00000002   PAD
    0x08001910   0x08001910   0x000000c8   Code   RO         7144    i.Check_Input       tuya_app.o
    0x080019d8   0x080019d8   0x0000001c   Code   RO         6293    i.ClearBitMask      mfrc522.o
    0x080019f4   0x080019f4   0x0000006e   Code   RO         5591    i.Compare_Id        buffer.o
    0x08001a62   0x08001a62   0x00000002   PAD
    0x08001a64   0x08001a64   0x00000034   Code   RO         5899    i.Confi_RGB         leds.o
    0x08001a98   0x08001a98   0x000000cc   Code   RO         6800    i.Cur_Date_time     temp_pass.o
    0x08001b64   0x08001b64   0x00000010   Code   RO          655    i.DMA1_Channel1_IRQHandler  stm32g0xx_it.o
    0x08001b74   0x08001b74   0x00000034   Code   RO         1744    i.DMA_CalcDMAMUXChannelBaseAndMask  stm32g0xx_hal_dma.o
    0x08001ba8   0x08001ba8   0x00000028   Code   RO         1745    i.DMA_CalcDMAMUXRequestGenBaseAndMask  stm32g0xx_hal_dma.o
    0x08001bd0   0x08001bd0   0x0000004c   Code   RO         1746    i.DMA_SetConfig     stm32g0xx_hal_dma.o
    0x08001c1c   0x08001c1c   0x0000005c   Code   RO         5765    i.Delete_All_User   fp_driver.o
    0x08001c78   0x08001c78   0x000000e8   Code   RO         5592    i.Delete_Id         buffer.o
    0x08001d60   0x08001d60   0x000000bc   Code   RO         5766    i.Delete_User       fp_driver.o
    0x08001e1c   0x08001e1c   0x00000014   Code   RO          656    i.EXTI0_1_IRQHandler  stm32g0xx_it.o
    0x08001e30   0x08001e30   0x0000009c   Code   RO          657    i.EXTI4_15_IRQHandler  stm32g0xx_it.o
    0x08001ecc   0x08001ecc   0x00000088   Code   RO         5695    i.Erase_and_Write   flash.o
    0x08001f54   0x08001f54   0x00000006   Code   RO           12    i.Error_Handler     main.o
    0x08001f5a   0x08001f5a   0x00000002   PAD
    0x08001f5c   0x08001f5c   0x00000018   Code   RO         1581    i.FLASH_MassErase   stm32g0xx_hal_flash_ex.o
    0x08001f74   0x08001f74   0x00000028   Code   RO         1587    i.FLASH_PageErase   stm32g0xx_hal_flash_ex.o
    0x08001f9c   0x08001f9c   0x00000028   Code   RO         1474    i.FLASH_Program_DoubleWord  stm32g0xx_hal_flash.o
    0x08001fc4   0x08001fc4   0x00000054   Code   RO         1475    i.FLASH_Program_Fast  stm32g0xx_hal_flash.o
    0x08002018   0x08002018   0x00000080   Code   RO         1476    i.FLASH_WaitForLastOperation  stm32g0xx_hal_flash.o
    0x08002098   0x08002098   0x000000c8   Code   RO         5768    i.FP_Init           fp_driver.o
    0x08002160   0x08002160   0x00000054   Code   RO         5769    i.FP_Send_CMD       fp_driver.o
    0x080021b4   0x080021b4   0x0000005c   Code   RO         5770    i.FP_Send_CMD1      fp_driver.o
    0x08002210   0x08002210   0x000001e0   Code   RO         5771    i.FP_Task_F         fp_driver.o
    0x080023f0   0x080023f0   0x00000012   Code   RO         5593    i.Fill_Buffers      buffer.o
    0x08002402   0x08002402   0x00000034   Code   RO         5594    i.Find_Empty_Address  buffer.o
    0x08002436   0x08002436   0x00000002   PAD
    0x08002438   0x08002438   0x0000000c   Code   RO         5434    i.Get_AP23xxx_Active_State  ap23xxx_g0x.o
    0x08002444   0x08002444   0x0000000c   Code   RO         5773    i.Get_FP_Active_State  fp_driver.o
    0x08002450   0x08002450   0x0000000c   Code   RO         5696    i.Get_Flash_Write_Active  flash.o
    0x0800245c   0x0800245c   0x0000000c   Code   RO         6294    i.Get_MFRC522_Active_State  mfrc522.o
    0x08002468   0x08002468   0x0000000c   Code   RO         6461    i.Get_Motor_Active_State  motor_driver.o
    0x08002474   0x08002474   0x0000000c   Code   RO         5435    i.Get_Voice_Add     ap23xxx_g0x.o
    0x08002480   0x08002480   0x000001ac   Code   RO         1037    i.HAL_ADCEx_Calibration_Start  stm32g0xx_hal_adc_ex.o
    0x0800262c   0x0800262c   0x00000002   Code   RO         1038    i.HAL_ADCEx_ChannelConfigReadyCallback  stm32g0xx_hal_adc_ex.o
    0x0800262e   0x0800262e   0x00000002   Code   RO         1040    i.HAL_ADCEx_EndOfSamplingCallback  stm32g0xx_hal_adc_ex.o
    0x08002630   0x08002630   0x00000002   Code   RO         1041    i.HAL_ADCEx_LevelOutOfWindow2Callback  stm32g0xx_hal_adc_ex.o
    0x08002632   0x08002632   0x00000002   Code   RO         1042    i.HAL_ADCEx_LevelOutOfWindow3Callback  stm32g0xx_hal_adc_ex.o
    0x08002634   0x08002634   0x00000364   Code   RO          798    i.HAL_ADC_ConfigChannel  stm32g0xx_hal_adc.o
    0x08002998   0x08002998   0x0000003c   Code   RO         5499    i.HAL_ADC_ConvCpltCallback  battery.o
    0x080029d4   0x080029d4   0x00000002   Code   RO          800    i.HAL_ADC_ConvHalfCpltCallback  stm32g0xx_hal_adc.o
    0x080029d6   0x080029d6   0x00000002   Code   RO          802    i.HAL_ADC_ErrorCallback  stm32g0xx_hal_adc.o
    0x080029d8   0x080029d8   0x000001a8   Code   RO          806    i.HAL_ADC_IRQHandler  stm32g0xx_hal_adc.o
    0x08002b80   0x08002b80   0x00000298   Code   RO          807    i.HAL_ADC_Init      stm32g0xx_hal_adc.o
    0x08002e18   0x08002e18   0x00000002   Code   RO          808    i.HAL_ADC_LevelOutOfWindowCallback  stm32g0xx_hal_adc.o
    0x08002e1a   0x08002e1a   0x00000002   PAD
    0x08002e1c   0x08002e1c   0x000000cc   Code   RO          365    i.HAL_ADC_MspInit   adc.o
    0x08002ee8   0x08002ee8   0x000000cc   Code   RO          814    i.HAL_ADC_Start_DMA  stm32g0xx_hal_adc.o
    0x08002fb4   0x08002fb4   0x00000090   Code   RO          817    i.HAL_ADC_Stop_DMA  stm32g0xx_hal_adc.o
    0x08003044   0x08003044   0x00000098   Code   RO         1747    i.HAL_DMA_Abort     stm32g0xx_hal_dma.o
    0x080030dc   0x080030dc   0x00000094   Code   RO         1748    i.HAL_DMA_Abort_IT  stm32g0xx_hal_dma.o
    0x08003170   0x08003170   0x00000006   Code   RO         1750    i.HAL_DMA_GetError  stm32g0xx_hal_dma.o
    0x08003176   0x08003176   0x00000008   Code   RO         1751    i.HAL_DMA_GetState  stm32g0xx_hal_dma.o
    0x0800317e   0x0800317e   0x00000002   PAD
    0x08003180   0x08003180   0x00000120   Code   RO         1752    i.HAL_DMA_IRQHandler  stm32g0xx_hal_dma.o
    0x080032a0   0x080032a0   0x000000c0   Code   RO         1753    i.HAL_DMA_Init      stm32g0xx_hal_dma.o
    0x08003360   0x08003360   0x000000cc   Code   RO         1757    i.HAL_DMA_Start_IT  stm32g0xx_hal_dma.o
    0x0800342c   0x0800342c   0x0000002c   Code   RO         2271    i.HAL_Delay         stm32g0xx_hal.o
    0x08003458   0x08003458   0x000000a0   Code   RO         1588    i.HAL_FLASHEx_Erase  stm32g0xx_hal_flash_ex.o
    0x080034f8   0x080034f8   0x00000030   Code   RO         1480    i.HAL_FLASH_Lock    stm32g0xx_hal_flash.o
    0x08003528   0x08003528   0x00000078   Code   RO         1485    i.HAL_FLASH_Program  stm32g0xx_hal_flash.o
    0x080035a0   0x080035a0   0x00000034   Code   RO         1487    i.HAL_FLASH_Unlock  stm32g0xx_hal_flash.o
    0x080035d4   0x080035d4   0x00000002   Code   RO         1675    i.HAL_GPIO_EXTI_Falling_Callback  stm32g0xx_hal_gpio.o
    0x080035d6   0x080035d6   0x00000002   PAD
    0x080035d8   0x080035d8   0x00000034   Code   RO         1676    i.HAL_GPIO_EXTI_IRQHandler  stm32g0xx_hal_gpio.o
    0x0800360c   0x0800360c   0x00000002   Code   RO         1677    i.HAL_GPIO_EXTI_Rising_Callback  stm32g0xx_hal_gpio.o
    0x0800360e   0x0800360e   0x00000002   PAD
    0x08003610   0x08003610   0x000001d8   Code   RO         1678    i.HAL_GPIO_Init     stm32g0xx_hal_gpio.o
    0x080037e8   0x080037e8   0x00000012   Code   RO         1680    i.HAL_GPIO_ReadPin  stm32g0xx_hal_gpio.o
    0x080037fa   0x080037fa   0x00000014   Code   RO         1681    i.HAL_GPIO_TogglePin  stm32g0xx_hal_gpio.o
    0x0800380e   0x0800380e   0x0000000c   Code   RO         1682    i.HAL_GPIO_WritePin  stm32g0xx_hal_gpio.o
    0x0800381a   0x0800381a   0x00000002   PAD
    0x0800381c   0x0800381c   0x0000000c   Code   RO         2275    i.HAL_GetTick       stm32g0xx_hal.o
    0x08003828   0x08003828   0x0000006e   Code   RO         3158    i.HAL_I2CEx_ConfigAnalogFilter  stm32g0xx_hal_i2c_ex.o
    0x08003896   0x08003896   0x00000070   Code   RO         3159    i.HAL_I2CEx_ConfigDigitalFilter  stm32g0xx_hal_i2c_ex.o
    0x08003906   0x08003906   0x00000002   Code   RO         2688    i.HAL_I2C_AbortCpltCallback  stm32g0xx_hal_i2c.o
    0x08003908   0x08003908   0x00000002   Code   RO         2689    i.HAL_I2C_AddrCallback  stm32g0xx_hal_i2c.o
    0x0800390a   0x0800390a   0x0000008c   Code   RO         2692    i.HAL_I2C_ER_IRQHandler  stm32g0xx_hal_i2c.o
    0x08003996   0x08003996   0x0000001e   Code   RO         2693    i.HAL_I2C_EV_IRQHandler  stm32g0xx_hal_i2c.o
    0x080039b4   0x080039b4   0x00000002   Code   RO         2695    i.HAL_I2C_ErrorCallback  stm32g0xx_hal_i2c.o
    0x080039b6   0x080039b6   0x00000002   PAD
    0x080039b8   0x080039b8   0x000000ec   Code   RO         2699    i.HAL_I2C_Init      stm32g0xx_hal_i2c.o
    0x08003aa4   0x08003aa4   0x00000002   Code   RO         2701    i.HAL_I2C_ListenCpltCallback  stm32g0xx_hal_i2c.o
    0x08003aa6   0x08003aa6   0x00000002   PAD
    0x08003aa8   0x08003aa8   0x0000016c   Code   RO         2705    i.HAL_I2C_Master_Receive  stm32g0xx_hal_i2c.o
    0x08003c14   0x08003c14   0x00000194   Code   RO         2712    i.HAL_I2C_Master_Transmit  stm32g0xx_hal_i2c.o
    0x08003da8   0x08003da8   0x000000ac   Code   RO          426    i.HAL_I2C_MspInit   i2c.o
    0x08003e54   0x08003e54   0x00000002   Code   RO         2725    i.HAL_I2C_SlaveRxCpltCallback  stm32g0xx_hal_i2c.o
    0x08003e56   0x08003e56   0x00000002   Code   RO         2726    i.HAL_I2C_SlaveTxCpltCallback  stm32g0xx_hal_i2c.o
    0x08003e58   0x08003e58   0x00000018   Code   RO         2281    i.HAL_IncTick       stm32g0xx_hal.o
    0x08003e70   0x08003e70   0x0000002c   Code   RO         2282    i.HAL_Init          stm32g0xx_hal.o
    0x08003e9c   0x08003e9c   0x00000060   Code   RO         2283    i.HAL_InitTick      stm32g0xx_hal.o
    0x08003efc   0x08003efc   0x0000004c   Code   RO          769    i.HAL_MspInit       stm32g0xx_hal_msp.o
    0x08003f48   0x08003f48   0x00000024   Code   RO         2147    i.HAL_NVIC_EnableIRQ  stm32g0xx_hal_cortex.o
    0x08003f6c   0x08003f6c   0x00000012   Code   RO         2151    i.HAL_NVIC_SetPriority  stm32g0xx_hal_cortex.o
    0x08003f7e   0x08003f7e   0x00000002   PAD
    0x08003f80   0x08003f80   0x00000058   Code   RO         2028    i.HAL_PWREx_ControlVoltageScaling  stm32g0xx_hal_pwr_ex.o
    0x08003fd8   0x08003fd8   0x00000050   Code   RO         2034    i.HAL_PWREx_DisableLowPowerRunMode  stm32g0xx_hal_pwr_ex.o
    0x08004028   0x08004028   0x00000014   Code   RO         2041    i.HAL_PWREx_EnableLowPowerRunMode  stm32g0xx_hal_pwr_ex.o
    0x0800403c   0x0800403c   0x0000005c   Code   RO         1949    i.HAL_PWR_EnterSLEEPMode  stm32g0xx_hal_pwr.o
    0x08004098   0x08004098   0x00000204   Code   RO         1306    i.HAL_RCCEx_PeriphCLKConfig  stm32g0xx_hal_rcc_ex.o
    0x0800429c   0x0800429c   0x000001d4   Code   RO         1188    i.HAL_RCC_ClockConfig  stm32g0xx_hal_rcc.o
    0x08004470   0x08004470   0x0000000c   Code   RO         1194    i.HAL_RCC_GetHCLKFreq  stm32g0xx_hal_rcc.o
    0x0800447c   0x0800447c   0x00000028   Code   RO         1196    i.HAL_RCC_GetPCLK1Freq  stm32g0xx_hal_rcc.o
    0x080044a4   0x080044a4   0x000000e4   Code   RO         1198    i.HAL_RCC_GetSysClockFreq  stm32g0xx_hal_rcc.o
    0x08004588   0x08004588   0x000005ac   Code   RO         1202    i.HAL_RCC_OscConfig  stm32g0xx_hal_rcc.o
    0x08004b34   0x08004b34   0x00000014   Code   RO         2286    i.HAL_ResumeTick    stm32g0xx_hal.o
    0x08004b48   0x08004b48   0x00000002   Code   RO         3471    i.HAL_SPI_ErrorCallback  stm32g0xx_hal_spi.o
    0x08004b4a   0x08004b4a   0x00000002   PAD
    0x08004b4c   0x08004b4c   0x0000019c   Code   RO         3474    i.HAL_SPI_IRQHandler  stm32g0xx_hal_spi.o
    0x08004ce8   0x08004ce8   0x0000010c   Code   RO         3475    i.HAL_SPI_Init      stm32g0xx_hal_spi.o
    0x08004df4   0x08004df4   0x00000114   Code   RO          520    i.HAL_SPI_MspInit   spi.o
    0x08004f08   0x08004f08   0x000001d8   Code   RO         3478    i.HAL_SPI_Receive   stm32g0xx_hal_spi.o
    0x080050e0   0x080050e0   0x000001da   Code   RO         3483    i.HAL_SPI_Transmit  stm32g0xx_hal_spi.o
    0x080052ba   0x080052ba   0x00000282   Code   RO         3484    i.HAL_SPI_TransmitReceive  stm32g0xx_hal_spi.o
    0x0800553c   0x0800553c   0x00000018   Code   RO         2291    i.HAL_SYSCFG_StrobeDBattpinsConfig  stm32g0xx_hal.o
    0x08005554   0x08005554   0x00000038   Code   RO         2155    i.HAL_SYSTICK_Config  stm32g0xx_hal_cortex.o
    0x0800558c   0x0800558c   0x00000014   Code   RO         2293    i.HAL_SuspendTick   stm32g0xx_hal.o
    0x080055a0   0x080055a0   0x00000002   Code   RO         4536    i.HAL_TIMEx_Break2Callback  stm32g0xx_hal_tim_ex.o
    0x080055a2   0x080055a2   0x00000002   Code   RO         4537    i.HAL_TIMEx_BreakCallback  stm32g0xx_hal_tim_ex.o
    0x080055a4   0x080055a4   0x00000002   Code   RO         4538    i.HAL_TIMEx_CommutCallback  stm32g0xx_hal_tim_ex.o
    0x080055a6   0x080055a6   0x00000002   PAD
    0x080055a8   0x080055a8   0x00000098   Code   RO         4559    i.HAL_TIMEx_MasterConfigSynchronization  stm32g0xx_hal_tim_ex.o
    0x08005640   0x08005640   0x0000006c   Code   RO         3813    i.HAL_TIM_Base_Init  stm32g0xx_hal_tim.o
    0x080056ac   0x080056ac   0x00000080   Code   RO          565    i.HAL_TIM_Base_MspInit  tim.o
    0x0800572c   0x0800572c   0x0000006c   Code   RO         3816    i.HAL_TIM_Base_Start  stm32g0xx_hal_tim.o
    0x08005798   0x08005798   0x00000078   Code   RO         3818    i.HAL_TIM_Base_Start_IT  stm32g0xx_hal_tim.o
    0x08005810   0x08005810   0x00000038   Code   RO         3819    i.HAL_TIM_Base_Stop  stm32g0xx_hal_tim.o
    0x08005848   0x08005848   0x00000044   Code   RO         3821    i.HAL_TIM_Base_Stop_IT  stm32g0xx_hal_tim.o
    0x0800588c   0x0800588c   0x00000118   Code   RO         3822    i.HAL_TIM_ConfigClockSource  stm32g0xx_hal_tim.o
    0x080059a4   0x080059a4   0x00000002   Code   RO         3847    i.HAL_TIM_IC_CaptureCallback  stm32g0xx_hal_tim.o
    0x080059a6   0x080059a6   0x00000002   PAD
    0x080059a8   0x080059a8   0x000001a4   Code   RO         3861    i.HAL_TIM_IRQHandler  stm32g0xx_hal_tim.o
    0x08005b4c   0x08005b4c   0x00000002   Code   RO         3864    i.HAL_TIM_OC_DelayElapsedCallback  stm32g0xx_hal_tim.o
    0x08005b4e   0x08005b4e   0x00000002   Code   RO         3891    i.HAL_TIM_PWM_PulseFinishedCallback  stm32g0xx_hal_tim.o
    0x08005b50   0x08005b50   0x00000002   Code   RO         3899    i.HAL_TIM_PeriodElapsedCallback  stm32g0xx_hal_tim.o
    0x08005b52   0x08005b52   0x00000002   Code   RO         3904    i.HAL_TIM_TriggerCallback  stm32g0xx_hal_tim.o
    0x08005b54   0x08005b54   0x00000054   Code   RO         5268    i.HAL_UARTEx_DisableFifoMode  stm32g0xx_hal_uart_ex.o
    0x08005ba8   0x08005ba8   0x00000002   Code   RO         4846    i.HAL_UARTEx_RxEventCallback  stm32g0xx_hal_uart.o
    0x08005baa   0x08005baa   0x00000002   Code   RO         5276    i.HAL_UARTEx_RxFifoFullCallback  stm32g0xx_hal_uart_ex.o
    0x08005bac   0x08005bac   0x00000060   Code   RO         5277    i.HAL_UARTEx_SetRxFifoThreshold  stm32g0xx_hal_uart_ex.o
    0x08005c0c   0x08005c0c   0x0000005e   Code   RO         5278    i.HAL_UARTEx_SetTxFifoThreshold  stm32g0xx_hal_uart_ex.o
    0x08005c6a   0x08005c6a   0x00000002   Code   RO         5280    i.HAL_UARTEx_TxFifoEmptyCallback  stm32g0xx_hal_uart_ex.o
    0x08005c6c   0x08005c6c   0x00000002   Code   RO         5281    i.HAL_UARTEx_WakeupCallback  stm32g0xx_hal_uart_ex.o
    0x08005c6e   0x08005c6e   0x00000002   PAD
    0x08005c70   0x08005c70   0x000000fc   Code   RO         4849    i.HAL_UART_AbortReceive  stm32g0xx_hal_uart.o
    0x08005d6c   0x08005d6c   0x00000002   Code   RO         4862    i.HAL_UART_ErrorCallback  stm32g0xx_hal_uart.o
    0x08005d6e   0x08005d6e   0x00000002   PAD
    0x08005d70   0x08005d70   0x00000446   Code   RO         4865    i.HAL_UART_IRQHandler  stm32g0xx_hal_uart.o
    0x080061b6   0x080061b6   0x00000082   Code   RO         4866    i.HAL_UART_Init     stm32g0xx_hal_uart.o
    0x08006238   0x08006238   0x00000134   Code   RO          610    i.HAL_UART_MspInit  usart.o
    0x0800636c   0x0800636c   0x00000150   Code   RO         4869    i.HAL_UART_Receive  stm32g0xx_hal_uart.o
    0x080064bc   0x080064bc   0x0000007e   Code   RO         4871    i.HAL_UART_Receive_IT  stm32g0xx_hal_uart.o
    0x0800653a   0x0800653a   0x00000002   Code   RO         4873    i.HAL_UART_RxCpltCallback  stm32g0xx_hal_uart.o
    0x0800653c   0x0800653c   0x000000f2   Code   RO         4875    i.HAL_UART_Transmit  stm32g0xx_hal_uart.o
    0x0800662e   0x0800662e   0x00000002   Code   RO         4878    i.HAL_UART_TxCpltCallback  stm32g0xx_hal_uart.o
    0x08006630   0x08006630   0x0000003c   Code   RO          658    i.HardFault_Handler  stm32g0xx_it.o
    0x0800666c   0x0800666c   0x00000028   Code   RO          659    i.I2C1_IRQHandler   stm32g0xx_it.o
    0x08006694   0x08006694   0x00000026   Code   RO         2738    i.I2C_DMAAbort      stm32g0xx_hal_i2c.o
    0x080066ba   0x080066ba   0x00000074   Code   RO         2744    i.I2C_Disable_IRQ   stm32g0xx_hal_i2c.o
    0x0800672e   0x0800672e   0x00000032   Code   RO         2746    i.I2C_Flush_TXDR    stm32g0xx_hal_i2c.o
    0x08006760   0x08006760   0x000000d0   Code   RO         2747    i.I2C_ITAddrCplt    stm32g0xx_hal_i2c.o
    0x08006830   0x08006830   0x0000015c   Code   RO         2748    i.I2C_ITError       stm32g0xx_hal_i2c.o
    0x0800698c   0x0800698c   0x00000078   Code   RO         2749    i.I2C_ITListenCplt  stm32g0xx_hal_i2c.o
    0x08006a04   0x08006a04   0x0000022c   Code   RO         2752    i.I2C_ITSlaveCplt   stm32g0xx_hal_i2c.o
    0x08006c30   0x08006c30   0x0000009c   Code   RO         2753    i.I2C_ITSlaveSeqCplt  stm32g0xx_hal_i2c.o
    0x08006ccc   0x08006ccc   0x0000015c   Code   RO         2754    i.I2C_IsErrorOccurred  stm32g0xx_hal_i2c.o
    0x08006e28   0x08006e28   0x00000180   Code   RO         2762    i.I2C_Slave_ISR_IT  stm32g0xx_hal_i2c.o
    0x08006fa8   0x08006fa8   0x0000003c   Code   RO         2763    i.I2C_TransferConfig  stm32g0xx_hal_i2c.o
    0x08006fe4   0x08006fe4   0x0000003e   Code   RO         2764    i.I2C_TreatErrorCallback  stm32g0xx_hal_i2c.o
    0x08007022   0x08007022   0x0000007e   Code   RO         2765    i.I2C_WaitOnFlagUntilTimeout  stm32g0xx_hal_i2c.o
    0x080070a0   0x080070a0   0x000000dc   Code   RO         2766    i.I2C_WaitOnRXNEFlagUntilTimeout  stm32g0xx_hal_i2c.o
    0x0800717c   0x0800717c   0x00000066   Code   RO         2767    i.I2C_WaitOnSTOPFlagUntilTimeout  stm32g0xx_hal_i2c.o
    0x080071e2   0x080071e2   0x0000006e   Code   RO         2768    i.I2C_WaitOnTXISFlagUntilTimeout  stm32g0xx_hal_i2c.o
    0x08007250   0x08007250   0x00000010   Code   RO          819    i.LL_ADC_Disable    stm32g0xx_hal_adc.o
    0x08007260   0x08007260   0x00000010   Code   RO          820    i.LL_ADC_Enable     stm32g0xx_hal_adc.o
    0x08007270   0x08007270   0x0000000c   Code   RO          821    i.LL_ADC_GetCommonPathInternalCh  stm32g0xx_hal_adc.o
    0x0800727c   0x0800727c   0x0000000c   Code   RO          822    i.LL_ADC_IsDisableOngoing  stm32g0xx_hal_adc.o
    0x08007288   0x08007288   0x00000010   Code   RO          823    i.LL_ADC_IsEnabled  stm32g0xx_hal_adc.o
    0x08007298   0x08007298   0x00000010   Code   RO         1043    i.LL_ADC_IsEnabled  stm32g0xx_hal_adc_ex.o
    0x080072a8   0x080072a8   0x0000000e   Code   RO          824    i.LL_ADC_IsInternalRegulatorEnabled  stm32g0xx_hal_adc.o
    0x080072b6   0x080072b6   0x0000000c   Code   RO          825    i.LL_ADC_REG_IsConversionOngoing  stm32g0xx_hal_adc.o
    0x080072c2   0x080072c2   0x00000016   Code   RO          826    i.LL_ADC_REG_IsTriggerSourceSWStart  stm32g0xx_hal_adc.o
    0x080072d8   0x080072d8   0x00000010   Code   RO          827    i.LL_ADC_REG_StartConversion  stm32g0xx_hal_adc.o
    0x080072e8   0x080072e8   0x0000000e   Code   RO          829    i.LL_ADC_SetCommonPathInternalCh  stm32g0xx_hal_adc.o
    0x080072f6   0x080072f6   0x0000001e   Code   RO          830    i.LL_ADC_SetSamplingTimeCommonChannels  stm32g0xx_hal_adc.o
    0x08007314   0x08007314   0x00000004   Code   RO           13    i.LL_GPIO_ResetOutputPin  main.o
    0x08007318   0x08007318   0x00000004   Code   RO         5900    i.LL_GPIO_ResetOutputPin  leds.o
    0x0800731c   0x0800731c   0x00000004   Code   RO           14    i.LL_GPIO_SetOutputPin  main.o
    0x08007320   0x08007320   0x00000004   Code   RO         5901    i.LL_GPIO_SetOutputPin  leds.o
    0x08007324   0x08007324   0x00000044   Code   RO         3246    i.LL_RTC_DATE_Config  stm32g0xx_ll_rtc.o
    0x08007368   0x08007368   0x000000d0   Code   RO         3247    i.LL_RTC_DATE_Init  stm32g0xx_ll_rtc.o
    0x08007438   0x08007438   0x00000008   Code   RO         3250    i.LL_RTC_DisableInitMode  stm32g0xx_ll_rtc.o
    0x08007440   0x08007440   0x0000000a   Code   RO         3251    i.LL_RTC_DisableWriteProtection  stm32g0xx_ll_rtc.o
    0x0800744a   0x0800744a   0x00000006   Code   RO         3252    i.LL_RTC_EnableWriteProtection  stm32g0xx_ll_rtc.o
    0x08007450   0x08007450   0x00000054   Code   RO         3253    i.LL_RTC_EnterInitMode  stm32g0xx_ll_rtc.o
    0x080074a4   0x080074a4   0x0000000a   Code   RO         3255    i.LL_RTC_GetHourFormat  stm32g0xx_ll_rtc.o
    0x080074ae   0x080074ae   0x00000058   Code   RO         3256    i.LL_RTC_Init       stm32g0xx_ll_rtc.o
    0x08007506   0x08007506   0x0000000c   Code   RO         3257    i.LL_RTC_IsActiveFlag_INIT  stm32g0xx_ll_rtc.o
    0x08007512   0x08007512   0x0000000c   Code   RO         3258    i.LL_RTC_IsActiveFlag_RS  stm32g0xx_ll_rtc.o
    0x0800751e   0x0800751e   0x0000000c   Code   RO         3259    i.LL_RTC_IsShadowRegBypassEnabled  stm32g0xx_ll_rtc.o
    0x0800752a   0x0800752a   0x00000002   PAD
    0x0800752c   0x0800752c   0x00000040   Code   RO         3261    i.LL_RTC_TIME_Config  stm32g0xx_ll_rtc.o
    0x0800756c   0x0800756c   0x000000dc   Code   RO         3262    i.LL_RTC_TIME_Init  stm32g0xx_ll_rtc.o
    0x08007648   0x08007648   0x00000090   Code   RO         3264    i.LL_RTC_WaitForSynchro  stm32g0xx_ll_rtc.o
    0x080076d8   0x080076d8   0x00000014   Code   RO         3265    i.LL_SYSTICK_IsActiveCounterFlag  stm32g0xx_ll_rtc.o
    0x080076ec   0x080076ec   0x00000048   Code   RO         6295    i.MFRC522_Anticoll  mfrc522.o
    0x08007734   0x08007734   0x0000002a   Code   RO         6297    i.MFRC522_Halt      mfrc522.o
    0x0800775e   0x0800775e   0x00000002   PAD
    0x08007760   0x08007760   0x00000080   Code   RO         6298    i.MFRC522_Init      mfrc522.o
    0x080077e0   0x080077e0   0x00000032   Code   RO         6300    i.MFRC522_Request   mfrc522.o
    0x08007812   0x08007812   0x0000000c   Code   RO         6301    i.MFRC522_Reset     mfrc522.o
    0x0800781e   0x0800781e   0x00000126   Code   RO         6304    i.MFRC522_ToCard    mfrc522.o
    0x08007944   0x08007944   0x00000094   Code   RO          366    i.MX_ADC1_Init      adc.o
    0x080079d8   0x080079d8   0x00000034   Code   RO          403    i.MX_DMA_Init       dma.o
    0x08007a0c   0x08007a0c   0x000001b4   Code   RO          335    i.MX_GPIO_Init      gpio.o
    0x08007bc0   0x08007bc0   0x0000005c   Code   RO          427    i.MX_I2C1_Init      i2c.o
    0x08007c1c   0x08007c1c   0x000000ac   Code   RO          491    i.MX_RTC_Init       rtc.o
    0x08007cc8   0x08007cc8   0x00000054   Code   RO          521    i.MX_SPI1_Init      spi.o
    0x08007d1c   0x08007d1c   0x00000054   Code   RO          522    i.MX_SPI2_Init      spi.o
    0x08007d70   0x08007d70   0x00000038   Code   RO          566    i.MX_TIM14_Init     tim.o
    0x08007da8   0x08007da8   0x00000078   Code   RO          567    i.MX_TIM3_Init      tim.o
    0x08007e20   0x08007e20   0x00000074   Code   RO          611    i.MX_USART1_UART_Init  usart.o
    0x08007e94   0x08007e94   0x00000074   Code   RO          612    i.MX_USART2_UART_Init  usart.o
    0x08007f08   0x08007f08   0x00000038   Code   RO         5775    i.Make_CMD          fp_driver.o
    0x08007f40   0x08007f40   0x000000d0   Code   RO         5776    i.Match_User        fp_driver.o
    0x08008010   0x08008010   0x00000004   Code   RO          660    i.NMI_Handler       stm32g0xx_it.o
    0x08008014   0x08008014   0x0000002c   Code   RO         6889    i.Next_step         tsm12.o
    0x08008040   0x08008040   0x0000002c   Code   RO         6890    i.Next_step1        tsm12.o
    0x0800806c   0x0800806c   0x00000002   Code   RO          661    i.PendSV_Handler    stm32g0xx_it.o
    0x0800806e   0x0800806e   0x0000002e   Code   RO         5436    i.Play_Voice        ap23xxx_g0x.o
    0x0800809c   0x0800809c   0x00000040   Code   RO         6708    i.Queue_Read_Byte   system.o
    0x080080dc   0x080080dc   0x000001e0   Code   RO         6306    i.RFID_Task_F       mfrc522.o
    0x080082bc   0x080082bc   0x000000cc   Code   RO         5501    i.Read_BAT          battery.o
    0x08008388   0x08008388   0x00000022   Code   RO         6307    i.Read_Card         mfrc522.o
    0x080083aa   0x080083aa   0x0000001c   Code   RO         5697    i.Read_DB           flash.o
    0x080083c6   0x080083c6   0x00000002   PAD
    0x080083c8   0x080083c8   0x00000054   Code   RO         6308    i.Read_MFRC522      mfrc522.o
    0x0800841c   0x0800841c   0x000000d8   Code   RO         5698    i.Read_When_Run     flash.o
    0x080084f4   0x080084f4   0x00000118   Code   RO         5777    i.Register_User     fp_driver.o
    0x0800860c   0x0800860c   0x0000011c   Code   RO         6462    i.Run_Motor         motor_driver.o
    0x08008728   0x08008728   0x00000108   Code   RO         5902    i.Run_RGB           leds.o
    0x08008830   0x08008830   0x00000010   Code   RO          662    i.SPI1_IRQHandler   stm32g0xx_it.o
    0x08008840   0x08008840   0x00000018   Code   RO         3502    i.SPI_DMAAbortOnError  stm32g0xx_hal_spi.o
    0x08008858   0x08008858   0x0000008e   Code   RO         3512    i.SPI_EndRxTransaction  stm32g0xx_hal_spi.o
    0x080088e6   0x080088e6   0x0000006a   Code   RO         3513    i.SPI_EndRxTxTransaction  stm32g0xx_hal_spi.o
    0x08008950   0x08008950   0x000000fc   Code   RO         3518    i.SPI_WaitFifoStateUntilTimeout  stm32g0xx_hal_spi.o
    0x08008a4c   0x08008a4c   0x000000dc   Code   RO         3519    i.SPI_WaitFlagStateUntilTimeout  stm32g0xx_hal_spi.o
    0x08008b28   0x08008b28   0x00000002   Code   RO          663    i.SVC_Handler       stm32g0xx_it.o
    0x08008b2a   0x08008b2a   0x00000002   PAD
    0x08008b2c   0x08008b2c   0x00000094   Code   RO         6802    i.Save_Temp_Online_pass1  temp_pass.o
    0x08008bc0   0x08008bc0   0x0000001c   Code   RO         6309    i.SetBitMask        mfrc522.o
    0x08008bdc   0x08008bdc   0x0000000c   Code   RO         5437    i.Set_AP23xxx_Active_State  ap23xxx_g0x.o
    0x08008be8   0x08008be8   0x0000000c   Code   RO         5778    i.Set_FP_Active_State  fp_driver.o
    0x08008bf4   0x08008bf4   0x0000000c   Code   RO         5699    i.Set_Flash_Write_Active  flash.o
    0x08008c00   0x08008c00   0x0000000c   Code   RO         6310    i.Set_MFRC522_Active_State  mfrc522.o
    0x08008c0c   0x08008c0c   0x0000000c   Code   RO         6463    i.Set_Motor_Active_State  motor_driver.o
    0x08008c18   0x08008c18   0x00000064   Code   RO         5903    i.Set_RGB           leds.o
    0x08008c7c   0x08008c7c   0x00000028   Code   RO         7145    i.Set_RTC_By_Tuya   tuya_app.o
    0x08008ca4   0x08008ca4   0x00000014   Code   RO         5438    i.Set_Voice_Add     ap23xxx_g0x.o
    0x08008cb8   0x08008cb8   0x00000174   Code   RO         7146    i.Smart_Lock_IO     tuya_app.o
    0x08008e2c   0x08008e2c   0x00000238   Code   RO           15    i.Smart_Lock_Task   main.o
    0x08009064   0x08009064   0x00000090   Code   RO          664    i.SysTick_Handler   stm32g0xx_it.o
    0x080090f4   0x080090f4   0x0000007c   Code   RO           16    i.SystemClock_Config  main.o
    0x08009170   0x08009170   0x0000006c   Code   RO           17    i.SystemClock_Config_For_Sleep  main.o
    0x080091dc   0x080091dc   0x00000002   Code   RO         5399    i.SystemInit        system_stm32g0xx.o
    0x080091de   0x080091de   0x00000002   PAD
    0x080091e0   0x080091e0   0x00000018   Code   RO          665    i.TIM14_IRQHandler  stm32g0xx_it.o
    0x080091f8   0x080091f8   0x00000010   Code   RO          666    i.TIM3_IRQHandler   stm32g0xx_it.o
    0x08009208   0x08009208   0x000000b0   Code   RO         3906    i.TIM_Base_SetConfig  stm32g0xx_hal_tim.o
    0x080092b8   0x080092b8   0x0000001c   Code   RO         3917    i.TIM_ETR_SetConfig  stm32g0xx_hal_tim.o
    0x080092d4   0x080092d4   0x00000018   Code   RO         3918    i.TIM_ITRx_SetConfig  stm32g0xx_hal_tim.o
    0x080092ec   0x080092ec   0x00000032   Code   RO         3926    i.TIM_TI1_ConfigInputStage  stm32g0xx_hal_tim.o
    0x0800931e   0x0800931e   0x00000032   Code   RO         3928    i.TIM_TI2_ConfigInputStage  stm32g0xx_hal_tim.o
    0x08009350   0x08009350   0x00000c1c   Code   RO         6891    i.TSM_Data_Process  tsm12.o
    0x08009f6c   0x08009f6c   0x00000330   Code   RO         6892    i.TSM_Init          tsm12.o
    0x0800a29c   0x0800a29c   0x000000a4   Code   RO         6893    i.Touch_Pad_check   tsm12.o
    0x0800a340   0x0800a340   0x0000010c   Code   RO         7147    i.Tuya_loop         tuya_app.o
    0x0800a44c   0x0800a44c   0x00000068   Code   RO         5282    i.UARTEx_SetNbDataToProcess  stm32g0xx_hal_uart_ex.o
    0x0800a4b4   0x0800a4b4   0x000000f0   Code   RO         4880    i.UART_AdvFeatureConfig  stm32g0xx_hal_uart.o
    0x0800a5a4   0x0800a5a4   0x00000104   Code   RO         4881    i.UART_CheckIdleState  stm32g0xx_hal_uart.o
    0x0800a6a8   0x0800a6a8   0x00000018   Code   RO         4882    i.UART_DMAAbortOnError  stm32g0xx_hal_uart.o
    0x0800a6c0   0x0800a6c0   0x00000084   Code   RO         4892    i.UART_EndRxTransfer  stm32g0xx_hal_uart.o
    0x0800a744   0x0800a744   0x00000038   Code   RO         4893    i.UART_EndTransmit_IT  stm32g0xx_hal_uart.o
    0x0800a77c   0x0800a77c   0x0000011c   Code   RO         4895    i.UART_RxISR_16BIT  stm32g0xx_hal_uart.o
    0x0800a898   0x0800a898   0x00000240   Code   RO         4896    i.UART_RxISR_16BIT_FIFOEN  stm32g0xx_hal_uart.o
    0x0800aad8   0x0800aad8   0x0000011c   Code   RO         4897    i.UART_RxISR_8BIT   stm32g0xx_hal_uart.o
    0x0800abf4   0x0800abf4   0x00000240   Code   RO         4898    i.UART_RxISR_8BIT_FIFOEN  stm32g0xx_hal_uart.o
    0x0800ae34   0x0800ae34   0x00000230   Code   RO         4899    i.UART_SetConfig    stm32g0xx_hal_uart.o
    0x0800b064   0x0800b064   0x000001a0   Code   RO         4901    i.UART_Start_Receive_IT  stm32g0xx_hal_uart.o
    0x0800b204   0x0800b204   0x000000b4   Code   RO         4906    i.UART_WaitOnFlagUntilTimeout  stm32g0xx_hal_uart.o
    0x0800b2b8   0x0800b2b8   0x00000024   Code   RO          667    i.USART2_IRQHandler  stm32g0xx_it.o
    0x0800b2dc   0x0800b2dc   0x000000e8   Code   RO         7148    i.Unlock_remotly    tuya_app.o
    0x0800b3c4   0x0800b3c4   0x00000048   Code   RO         6311    i.Write_MFRC522     mfrc522.o
    0x0800b40c   0x0800b40c   0x0000003a   Code   RO         5595    i.Write_To_DB       buffer.o
    0x0800b446   0x0800b446   0x00000046   Code   RO         5700    i.Write_page        flash.o
    0x0800b48c   0x0800b48c   0x0000001c   Code   RO         1842    i.__ARM_common_switch8  stm32g0xx_hal_dma.o
    0x0800b4a8   0x0800b4a8   0x00000078   Code   RO         2157    i.__NVIC_SetPriority  stm32g0xx_hal_cortex.o
    0x0800b520   0x0800b520   0x00000006   Code   RO         4907    i.__get_PRIMASK     stm32g0xx_hal_uart.o
    0x0800b526   0x0800b526   0x00000006   Code   RO         4908    i.__set_PRIMASK     stm32g0xx_hal_uart.o
    0x0800b52c   0x0800b52c   0x0000003c   Code   RO         5637    i.active_dis_device  common.o
    0x0800b568   0x0800b568   0x0000001a   Code   RO         6089    i.byte_to_int       mcu_api.o
    0x0800b582   0x0800b582   0x00000002   PAD
    0x0800b584   0x0800b584   0x0000002c   Code   RO         7149    i.check_communcation  tuya_app.o
    0x0800b5b0   0x0800b5b0   0x000001f0   Code   RO         6805    i.check_valid_pass  temp_pass.o
    0x0800b7a0   0x0800b7a0   0x00000038   Code   RO         6894    i.clear_and_warrning  tsm12.o
    0x0800b7d8   0x0800b7d8   0x00000026   Code   RO         6806    i.compare_id        temp_pass.o
    0x0800b7fe   0x0800b7fe   0x0000001c   Code   RO         6807    i.convert_date_value  temp_pass.o
    0x0800b81a   0x0800b81a   0x00000002   PAD
    0x0800b81c   0x0800b81c   0x0000019c   Code   RO         6709    i.data_handle       system.o
    0x0800b9b8   0x0800b9b8   0x00000040   Code   RO         6710    i.data_point_handle  system.o
    0x0800b9f8   0x0800b9f8   0x00000048   Code   RO         5638    i.delete_id         common.o
    0x0800ba40   0x0800ba40   0x00000024   Code   RO         6497    i.dp_download_auto_lock_time_handle  protocol.o
    0x0800ba64   0x0800ba64   0x00000024   Code   RO         6498    i.dp_download_automatic_lock_handle  protocol.o
    0x0800ba88   0x0800ba88   0x00000024   Code   RO         6499    i.dp_download_battery_percentage_handle  protocol.o
    0x0800baac   0x0800baac   0x00000024   Code   RO         6500    i.dp_download_create_ok_handle  protocol.o
    0x0800bad0   0x0800bad0   0x0000004e   Code   RO         6501    i.dp_download_create_type_ack_handle  protocol.o
    0x0800bb1e   0x0800bb1e   0x0000001c   Code   RO         6502    i.dp_download_door_input_ok_kit_handle  protocol.o
    0x0800bb3a   0x0800bb3a   0x000001f6   Code   RO         6503    i.dp_download_handle  protocol.o
    0x0800bd30   0x0800bd30   0x0000001c   Code   RO         6504    i.dp_download_initiative_message_handle  protocol.o
    0x0800bd4c   0x0800bd4c   0x0000003c   Code   RO         6505    i.dp_download_link_mode_handle  protocol.o
    0x0800bd88   0x0800bd88   0x0000001c   Code   RO         6506    i.dp_download_local_capacity_link_handle  protocol.o
    0x0800bda4   0x0800bda4   0x0000001c   Code   RO         6507    i.dp_download_lock_local_record_handle  protocol.o
    0x0800bdc0   0x0800bdc0   0x00000036   Code   RO         6508    i.dp_download_lock_motor_direction_handle  protocol.o
    0x0800bdf6   0x0800bdf6   0x00000024   Code   RO         6509    i.dp_download_lock_motor_state_handle  protocol.o
    0x0800be1a   0x0800be1a   0x0000001c   Code   RO         6510    i.dp_download_lock_record_handle  protocol.o
    0x0800be36   0x0800be36   0x00000024   Code   RO         6511    i.dp_download_message_handle  protocol.o
    0x0800be5a   0x0800be5a   0x00000024   Code   RO         6512    i.dp_download_remote_delete_cd_handle  protocol.o
    0x0800be7e   0x0800be7e   0x00000024   Code   RO         6513    i.dp_download_remote_delete_fp_handle  protocol.o
    0x0800bea2   0x0800bea2   0x00000002   PAD
    0x0800bea4   0x0800bea4   0x0000004c   Code   RO         6514    i.dp_download_remote_no_dp_key_handle  protocol.o
    0x0800bef0   0x0800bef0   0x00000068   Code   RO         6515    i.dp_download_remote_no_pd_setkey_handle  protocol.o
    0x0800bf58   0x0800bf58   0x0000001c   Code   RO         6516    i.dp_download_synch_method_handle  protocol.o
    0x0800bf74   0x0800bf74   0x0000001c   Code   RO         6517    i.dp_download_temporary_password_creat_handle  protocol.o
    0x0800bf90   0x0800bf90   0x0000001c   Code   RO         6518    i.dp_download_temporary_password_delete_handle  protocol.o
    0x0800bfac   0x0800bfac   0x0000001c   Code   RO         6519    i.dp_download_temporary_password_modify_handle  protocol.o
    0x0800bfc8   0x0800bfc8   0x0000001c   Code   RO         6520    i.dp_download_unlock_method_create_handle  protocol.o
    0x0800bfe4   0x0800bfe4   0x0000001c   Code   RO         6521    i.dp_download_unlock_method_delete_handle  protocol.o
    0x0800c000   0x0800c000   0x0000001c   Code   RO         6522    i.dp_download_unlock_method_modify_handle  protocol.o
    0x0800c01c   0x0800c01c   0x00000024   Code   RO         6523    i.dp_download_unlock_phone_remote_handle  protocol.o
    0x0800c040   0x0800c040   0x00000024   Code   RO         6524    i.dp_download_unlock_voice_remote_handle  protocol.o
    0x0800c064   0x0800c064   0x0000002c   Code   RO         5701    i.erase_page        flash.o
    0x0800c090   0x0800c090   0x00000044   Code   RO         5639    i.fail_ademin_login  common.o
    0x0800c0d4   0x0800c0d4   0x00000078   Code   RO         5502    i.getADCValues      battery.o
    0x0800c14c   0x0800c14c   0x0000000c   Code   RO         5779    i.get_blink_color   fp_driver.o
    0x0800c158   0x0800c158   0x0000001c   Code   RO         6711    i.get_check_sum     system.o
    0x0800c174   0x0800c174   0x0000002c   Code   RO         6712    i.get_dowmload_dpid_index  system.o
    0x0800c1a0   0x0800c1a0   0x00000004   Code   RO         6525    i.get_download_cmd_total  protocol.o
    0x0800c1a4   0x0800c1a4   0x0000001c   Code   RO         6714    i.get_queue_total_data  system.o
    0x0800c1c0   0x0800c1c0   0x0000001c   Code   RO         5904    i.get_temp_pass     leds.o
    0x0800c1dc   0x0800c1dc   0x0000003c   Code   RO         5905    i.led_all_reset     leds.o
    0x0800c218   0x0800c218   0x0000003c   Code   RO         5906    i.led_all_set       leds.o
    0x0800c254   0x0800c254   0x00000230   Code   RO           18    i.main              main.o
    0x0800c484   0x0800c484   0x00000068   Code   RO         6093    i.mcu_dp_bool_update  mcu_api.o
    0x0800c4ec   0x0800c4ec   0x00000058   Code   RO         6094    i.mcu_dp_enum_update  mcu_api.o
    0x0800c544   0x0800c544   0x00000070   Code   RO         6096    i.mcu_dp_raw_update  mcu_api.o
    0x0800c5b4   0x0800c5b4   0x00000078   Code   RO         6098    i.mcu_dp_value_update  mcu_api.o
    0x0800c62c   0x0800c62c   0x00000006   Code   RO         6099    i.mcu_get_dp_download_bool  mcu_api.o
    0x0800c632   0x0800c632   0x00000006   Code   RO         6100    i.mcu_get_dp_download_enum  mcu_api.o
    0x0800c638   0x0800c638   0x0000000e   Code   RO         6101    i.mcu_get_dp_download_value  mcu_api.o
    0x0800c646   0x0800c646   0x0000000c   Code   RO         6102    i.mcu_get_gelin_time  mcu_api.o
    0x0800c652   0x0800c652   0x0000000c   Code   RO         5989    i.mcu_get_schedule_temp_pass  lock_api.o
    0x0800c65e   0x0800c65e   0x00000002   PAD
    0x0800c660   0x0800c660   0x0000000c   Code   RO         6105    i.mcu_get_wifi_work_state  mcu_api.o
    0x0800c66c   0x0800c66c   0x00000018   Code   RO         6107    i.mcu_reset_wifi    mcu_api.o
    0x0800c684   0x0800c684   0x00000024   Code   RO         6108    i.mcu_set_wifi_mode  mcu_api.o
    0x0800c6a8   0x0800c6a8   0x00000198   Code   RO         6526    i.mcu_write_gltime  protocol.o
    0x0800c840   0x0800c840   0x00000002   Code   RO         6527    i.mcu_write_rtctime  protocol.o
    0x0800c842   0x0800c842   0x00000002   PAD
    0x0800c844   0x0800c844   0x0000000c   Code   RO         5503    i.measureMicrosecondsGet  battery.o
    0x0800c850   0x0800c850   0x00000018   Code   RO         5504    i.measureMicrosecondsStart  battery.o
    0x0800c868   0x0800c868   0x00000010   Code   RO         5505    i.measureMicrosecondsStop  battery.o
    0x0800c878   0x0800c878   0x0000008e   Code   RO         5506    i.movingAvg         battery.o
    0x0800c906   0x0800c906   0x00000008   Code   RO         5991    i.mul_temp_pass_data  lock_api.o
    0x0800c90e   0x0800c90e   0x00000072   Code   RO         5992    i.mul_temp_pass_handle  lock_api.o
    0x0800c980   0x0800c980   0x0000004c   Code   RO         6110    i.my_memcpy         mcu_api.o
    0x0800c9cc   0x0800c9cc   0x0000001c   Code   RO         6114    i.my_strlen         mcu_api.o
    0x0800c9e8   0x0800c9e8   0x00000036   Code   RO         5993    i.offline_dynamic_password  lock_api.o
    0x0800ca1e   0x0800ca1e   0x00000002   PAD
    0x0800ca20   0x0800ca20   0x0000004c   Code   RO         5994    i.offline_dynamic_password_result  lock_api.o
    0x0800ca6c   0x0800ca6c   0x00000020   Code   RO         5995    i.pass_check_handle  lock_api.o
    0x0800ca8c   0x0800ca8c   0x00000108   Code   RO         6715    i.product_info_update  system.o
    0x0800cb94   0x0800cb94   0x000000c8   Code   RO         5640    i.registrtion_id    common.o
    0x0800cc5c   0x0800cc5c   0x0000002c   Code   RO         5909    i.reset_leds        leds.o
    0x0800cc88   0x0800cc88   0x0000001c   Code   RO         5996    i.schedule_data_process  lock_api.o
    0x0800cca4   0x0800cca4   0x000001fc   Code   RO         5997    i.schedule_temp_pass_data  lock_api.o
    0x0800cea0   0x0800cea0   0x00000096   Code   RO         5998    i.schedule_temp_pass_handle  lock_api.o
    0x0800cf36   0x0800cf36   0x00000002   PAD
    0x0800cf38   0x0800cf38   0x00000030   Code   RO         7150    i.send_battery_state  tuya_app.o
    0x0800cf68   0x0800cf68   0x0000000c   Code   RO         5780    i.set_blink_color   fp_driver.o
    0x0800cf74   0x0800cf74   0x00000024   Code   RO         6716    i.set_wifi_uart_buffer  system.o
    0x0800cf98   0x0800cf98   0x00000010   Code   RO         6717    i.set_wifi_uart_byte  system.o
    0x0800cfa8   0x0800cfa8   0x0000004c   Code   RO         5641    i.success_admin_login  common.o
    0x0800cff4   0x0800cff4   0x000000bc   Code   RO         5642    i.system_reset      common.o
    0x0800d0b0   0x0800d0b0   0x00000002   Code   RO         5999    i.temp_pass_handle  lock_api.o
    0x0800d0b2   0x0800d0b2   0x00000002   PAD
    0x0800d0b4   0x0800d0b4   0x000000e8   Code   RO         5910    i.touch_led         leds.o
    0x0800d19c   0x0800d19c   0x00000060   Code   RO         7151    i.tuya_init         tuya_app.o
    0x0800d1fc   0x0800d1fc   0x00000060   Code   RO         6115    i.uart_receive_input  mcu_api.o
    0x0800d25c   0x0800d25c   0x0000000c   Code   RO         7152    i.update_battery_state  tuya_app.o
    0x0800d268   0x0800d268   0x000000f8   Code   RO         5781    i.wait_blinking     fp_driver.o
    0x0800d360   0x0800d360   0x0000002c   Code   RO         6116    i.wifi_protocol_init  mcu_api.o
    0x0800d38c   0x0800d38c   0x0000002c   Code   RO         6529    i.wifi_reset_notice  protocol.o
    0x0800d3b8   0x0800d3b8   0x0000000c   Code   RO         6530    i.wifi_test_result  protocol.o
    0x0800d3c4   0x0800d3c4   0x000000fc   Code   RO         6117    i.wifi_uart_service  mcu_api.o
    0x0800d4c0   0x0800d4c0   0x00000070   Code   RO         6719    i.wifi_uart_write_frame  system.o
    0x0800d530   0x0800d530   0x00000020   Code   RO         6531    i.wifi_update_handle  protocol.o
    0x0800d550   0x0800d550   0x00000064   Code   RO         7353    x$fpl$dleqf         fz_ps.l(dlef.o)
    0x0800d5b4   0x0800d5b4   0x00000068   Code   RO         7357    x$fpl$drleqf        fz_ps.l(drlef.o)
    0x0800d61c   0x0800d61c   0x00000000   Code   RO         7462    x$fpl$usenofp       fz_ps.l(usenofp.o)
    0x0800d61c   0x0800d61c   0x00000020   Data   RO         4909    .constdata          stm32g0xx_hal_uart.o
    0x0800d63c   0x0800d63c   0x00000017   Data   RO         5286    .constdata          stm32g0xx_hal_uart_ex.o
    0x0800d653   0x0800d653   0x00000001   PAD
    0x0800d654   0x0800d654   0x00000068   Data   RO         5400    .constdata          system_stm32g0xx.o
    0x0800d6bc   0x0800d6bc   0x000000a8   Data   RO         6533    .constdata          protocol.o
    0x0800d764   0x0800d764   0x00000080   Data   RO         7349    .constdata          fz_ps.l(ddiv.o)
    0x0800d7e4   0x0800d7e4   0x00000020   Data   RO         7603    Region$$Table       anon$$obj.o


    Execution Region RW_IRAM1 (Exec base: 0x20000000, Load base: 0x0800d804, Size: 0x00003338, Max: 0x00009000, ABSOLUTE, COMPRESSED[0x0000006c])

    Exec Addr    Load Addr    Size         Type   Attr      Idx    E Section Name        Object

    0x20000000   COMPRESSED   0x00000041   Data   RW           20    .data               main.o
    0x20000041   COMPRESSED   0x00000003   PAD
    0x20000044   COMPRESSED   0x00000009   Data   RW         2295    .data               stm32g0xx_hal.o
    0x2000004d   COMPRESSED   0x00000003   PAD
    0x20000050   COMPRESSED   0x00000004   Data   RW         5401    .data               system_stm32g0xx.o
    0x20000054   COMPRESSED   0x00000003   Data   RW         5440    .data               ap23xxx_g0x.o
    0x20000057   COMPRESSED   0x00000001   PAD
    0x20000058   COMPRESSED   0x0000004d   Data   RW         5509    .data               battery.o
    0x200000a5   COMPRESSED   0x00000001   PAD
    0x200000a6   COMPRESSED   0x00000006   Data   RW         5644    .data               common.o
    0x200000ac   COMPRESSED   0x00000002   Data   RW         5704    .data               flash.o
    0x200000ae   COMPRESSED   0x00000002   PAD
    0x200000b0   COMPRESSED   0x00000044   Data   RW         5783    .data               fp_driver.o
    0x200000f4   COMPRESSED   0x00000021   Data   RW         5912    .data               leds.o
    0x20000115   COMPRESSED   0x00000001   PAD
    0x20000116   COMPRESSED   0x00000002   Data   RW         6120    .data               mcu_api.o
    0x20000118   COMPRESSED   0x00000018   Data   RW         6314    .data               mfrc522.o
    0x20000130   COMPRESSED   0x00000008   Data   RW         6465    .data               motor_driver.o
    0x20000138   COMPRESSED   0x000000de   Data   RW         6534    .data               protocol.o
    0x20000216   COMPRESSED   0x00000002   PAD
    0x20000218   COMPRESSED   0x0000000e   Data   RW         6722    .data               system.o
    0x20000226   COMPRESSED   0x00000002   PAD
    0x20000228   COMPRESSED   0x0000003a   Data   RW         6897    .data               tsm12.o
    0x20000262   COMPRESSED   0x00000002   PAD
    0x20000264   COMPRESSED   0x0000001c   Data   RW         7155    .data               tuya_app.o
    0x20000280        -       0x000000c0   Zero   RW          367    .bss                adc.o
    0x20000340        -       0x00000054   Zero   RW          428    .bss                i2c.o
    0x20000394        -       0x000000c8   Zero   RW          523    .bss                spi.o
    0x2000045c        -       0x00000098   Zero   RW          568    .bss                tim.o
    0x200004f4        -       0x00000128   Zero   RW          613    .bss                usart.o
    0x2000061c        -       0x0000001c   Zero   RW         1488    .bss                stm32g0xx_hal_flash.o
    0x20000638        -       0x000003e8   Zero   RW         5507    .bss                battery.o
    0x20000a20        -       0x00000010   Zero   RW         5702    .bss                flash.o
    0x20000a30        -       0x00000320   Zero   RW         6312    .bss                mfrc522.o
    0x20000d50        -       0x00000409   Zero   RW         6532    .bss                protocol.o
    0x20001159        -       0x00000525   Zero   RW         6720    .bss                system.o
    0x2000167e   COMPRESSED   0x00000002   PAD
    0x20001680        -       0x00000320   Zero   RW         6811    .bss                temp_pass.o
    0x200019a0        -       0x0000032b   Zero   RW         6895    .bss                tsm12.o
    0x20001ccb        -       0x0000000a   Zero   RW         7153    .bss                tuya_app.o
    0x20001cd5   COMPRESSED   0x00000003   PAD
    0x20001cd8        -       0x00000060   Zero   RW         7466    .bss                c_p.l(libspace.o)
    0x20001d38        -       0x00000400   Zero   RW            2    HEAP                startup_stm32g070xx.o
    0x20002138        -       0x00001200   Zero   RW            1    STACK               startup_stm32g070xx.o


==============================================================================

Image component sizes


      Code (inc. data)   RO Data    RW Data    ZI Data      Debug   Object Name

       352         28          0          0        192       1871   adc.o
       198         30          0          3          0       3530   ap23xxx_g0x.o
       742        110          0         77       1000       7151   battery.o
       470          0          0          0          0       4767   buffer.o
       664         98          0          6          0       5655   common.o
        52          4          0          0          0        766   dma.o
       518         96          0          2         16       6355   flash.o
      2012        252          0         68          0      16784   fp_driver.o
       436         24          0          0          0       5244   gpio.o
       264         24          0          0         84       1773   i2c.o
       848        154          0         33          0       6201   leds.o
       984          4          0          0          0       9140   lock_api.o
      1374        178          0         65          0     528434   main.o
      1056         90          0          2          0      10454   mcu_api.o
      1458         88          0         24        800      13339   mfrc522.o
       308         42          0          8          0       1850   motor_driver.o
      2072         64        168        222       1033      44235   protocol.o
       172          8          0          0          0      20026   rtc.o
       444         36          0          0        200       2378   spi.o
        56         26        184          0       5632        652   startup_stm32g070xx.o
       284         56          0          9          0      18023   stm32g0xx_hal.o
      3144        112          0          0          0      50413   stm32g0xx_hal_adc.o
       452         18          0          0          0      37487   stm32g0xx_hal_adc_ex.o
       230         26          0          0          0      12209   stm32g0xx_hal_cortex.o
      1194         40          0          0          0       7292   stm32g0xx_hal_dma.o
       472         52          0          0         28      16526   stm32g0xx_hal_flash.o
       224         24          0          0          0       2446   stm32g0xx_hal_flash_ex.o
       578         24          0          0          0       5040   stm32g0xx_hal_gpio.o
      4190         80          0          0          0      22706   stm32g0xx_hal_i2c.o
       222          0          0          0          0       1939   stm32g0xx_hal_i2c_ex.o
        76          4          0          0          0        858   stm32g0xx_hal_msp.o
        92          8          0          0          0        705   stm32g0xx_hal_pwr.o
       188         30          0          0          0       1987   stm32g0xx_hal_pwr_ex.o
      2200         96          0          0          0      21381   stm32g0xx_hal_rcc.o
       516         12          0          0          0       1632   stm32g0xx_hal_rcc_ex.o
      3014         16          0          0          0      11267   stm32g0xx_hal_spi.o
      1498         78          0          0          0      12035   stm32g0xx_hal_tim.o
       158         12          0          0          0       3076   stm32g0xx_hal_tim_ex.o
      5788        114         32          0          0      41927   stm32g0xx_hal_uart.o
       384         10         23          0          0       5586   stm32g0xx_hal_uart_ex.o
       552        108          0          0          0      16316   stm32g0xx_it.o
       966         16          0          0          0      37047   stm32g0xx_ll_rtc.o
      1068        156          0         14       1317       8774   system.o
         2          0        104          4          0       1191   system_stm32g0xx.o
       914         32          0          0        800      26182   temp_pass.o
       304         40          0          0        152       2285   tim.o
      4224        260          0         58        811      10601   tsm12.o
      1312        184          0         28         10      11787   tuya_app.o
       540         34          0          0        296       2519   usart.o

    ----------------------------------------------------------------------
     49328       2998        544        640      12376    1081842   Object Totals
         0          0         32          0          0          0   (incl. Generated)
        62          0          1         17          5          0   (incl. Padding)

    ----------------------------------------------------------------------

      Code (inc. data)   RO Data    RW Data    ZI Data      Debug   Library Member Name

        86          0          0          0          0          0   __dczerorl2.o
         8          0          0          0          0         68   __main.o
       108          0          0          0          0         76   __printf.o
         0          0          0          0          0          0   __rtentry.o
        12          0          0          0          0          0   __rtentry2.o
         6          0          0          0          0          0   __rtentry4.o
        60          8          0          0          0          0   __scatter.o
        28          0          0          0          0          0   __scatter_zi.o
        48          6          0          0          0         88   _printf_char_common.o
        10          0          0          0          0          0   _printf_d.o
       108         18          0          0          0         76   _printf_dec.o
       176          0          0          0          0         84   _printf_intcommon.o
         2          0          0          0          0          0   _printf_percent.o
         4          0          0          0          0          0   _printf_percent_end.o
        10          0          0          0          0         60   _sputc.o
        18          0          0          0          0         68   aeabi_memset.o
       346          0          0          0          0         92   aeabi_sdiv.o
        12          0          0          0          0         68   defsig_exit.o
        52          0          0          0          0         72   defsig_general.o
        80         58          0          0          0         68   defsig_rtmem_inner.o
        12          0          0          0          0         68   defsig_rtmem_outer.o
        16          0          0          0          0         68   exit.o
        98          0          0          0          0         72   h1_alloc.o
        52          0          0          0          0         68   h1_extend.o
        76          0          0          0          0         72   h1_free.o
        14          0          0          0          0         76   h1_init.o
         6          0          0          0          0        136   heapauxi.o
         4          0          0          0          0        120   hguard.o
         0          0          0          0          0          0   indicate_semi.o
       136          0          0          0          0        160   init_alloc.o
         2          0          0          0          0          0   libinit.o
        10          0          0          0          0          0   libinit2.o
         2          0          0          0          0          0   libshutdown.o
         2          0          0          0          0          0   libshutdown2.o
         8          4          0          0         96         68   libspace.o
         0          0          0          0          0          0   maybetermalloc1.o
        40          4          0          0          0         84   noretval__2sprintf.o
         8          4          0          0          0         68   rt_heap_descriptor_intlibspace.o
        64          0          0          0          0        108   rt_memclr.o
         2          0          0          0          0          0   rtexit.o
        10          0          0          0          0          0   rtexit2.o
        40          0          0          0          0         60   rtudiv10.o
       108          4          0          0          0         76   strncpy.o
        12          4          0          0          0         60   sys_exit.o
        62          0          0          0          0         80   sys_stackheap_outer.o
        12          0          0          0          0         68   sys_wrch.o
         2          0          0          0          0         68   use_no_semi.o
        46          0          0          0          0         60   cmpret.o
       856         20          0          0          0        208   daddsub.o
       144          4          0          0          0         76   dcmpin.o
      1096         26        128          0          0        112   ddiv.o
        88          0          0          0          0         92   dflti.o
       100          4          0          0          0         92   dlef.o
       584         26          0          0          0         84   dmul.o
        20          6          0          0          0         68   dnan2.o
       104          4          0          0          0        104   drlef.o
        84          4          0          0          0         60   f2d.o
        94          0          0          0          0         92   fflti.o
        94          0          0          0          0         68   retnan.o
         0          0          0          0          0          0   usenofp.o

    ----------------------------------------------------------------------
      5300        204        128          0         96       3516   Library Totals
        18          0          0          0          0          0   (incl. Padding)

    ----------------------------------------------------------------------

      Code (inc. data)   RO Data    RW Data    ZI Data      Debug   Library Name

      1972        110          0          0         96       2400   c_p.l
      3310         94        128          0          0       1116   fz_ps.l

    ----------------------------------------------------------------------
      5300        204        128          0         96       3516   Library Totals

    ----------------------------------------------------------------------

==============================================================================


      Code (inc. data)   RO Data    RW Data    ZI Data      Debug   

     54628       3202        672        640      12472    1066582   Grand Totals
     54628       3202        672        108      12472    1066582   ELF Image Totals (compressed)
     54628       3202        672        108          0          0   ROM Totals

==============================================================================

    Total RO  Size (Code + RO Data)                55300 (  54.00kB)
    Total RW  Size (RW Data + ZI Data)             13112 (  12.80kB)
    Total ROM Size (Code + RO Data + RW Data)      55408 (  54.11kB)

==============================================================================

