Component: ARM Compiler 5.06 update 7 (build 960) Tool: armlink [4d3601]

==============================================================================

Section Cross References

    startup_stm32g070xx.o(STACK) refers (Special) to heapauxi.o(.text) for __use_two_region_memory
    startup_stm32g070xx.o(HEAP) refers (Special) to heapauxi.o(.text) for __use_two_region_memory
    startup_stm32g070xx.o(RESET) refers (Special) to heapauxi.o(.text) for __use_two_region_memory
    startup_stm32g070xx.o(RESET) refers to startup_stm32g070xx.o(STACK) for __initial_sp
    startup_stm32g070xx.o(RESET) refers to startup_stm32g070xx.o(.text) for Reset_Handler
    startup_stm32g070xx.o(RESET) refers to stm32g0xx_it.o(i.NMI_Handler) for NMI_Handler
    startup_stm32g070xx.o(RESET) refers to stm32g0xx_it.o(i.HardFault_Handler) for HardFault_Handler
    startup_stm32g070xx.o(RESET) refers to stm32g0xx_it.o(i.SVC_Handler) for SVC_Handler
    startup_stm32g070xx.o(RESET) refers to stm32g0xx_it.o(i.PendSV_Handler) for PendSV_Handler
    startup_stm32g070xx.o(RESET) refers to stm32g0xx_it.o(i.SysTick_Handler) for SysTick_Handler
    startup_stm32g070xx.o(RESET) refers to stm32g0xx_it.o(i.RTC_TAMP_IRQHandler) for RTC_TAMP_IRQHandler
    startup_stm32g070xx.o(RESET) refers to stm32g0xx_it.o(i.EXTI0_1_IRQHandler) for EXTI0_1_IRQHandler
    startup_stm32g070xx.o(RESET) refers to stm32g0xx_it.o(i.EXTI4_15_IRQHandler) for EXTI4_15_IRQHandler
    startup_stm32g070xx.o(RESET) refers to stm32g0xx_it.o(i.DMA1_Channel1_IRQHandler) for DMA1_Channel1_IRQHandler
    startup_stm32g070xx.o(RESET) refers to stm32g0xx_it.o(i.ADC1_IRQHandler) for ADC1_IRQHandler
    startup_stm32g070xx.o(RESET) refers to stm32g0xx_it.o(i.TIM3_IRQHandler) for TIM3_IRQHandler
    startup_stm32g070xx.o(RESET) refers to stm32g0xx_it.o(i.I2C1_IRQHandler) for I2C1_IRQHandler
    startup_stm32g070xx.o(RESET) refers to stm32g0xx_it.o(i.SPI1_IRQHandler) for SPI1_IRQHandler
    startup_stm32g070xx.o(RESET) refers to stm32g0xx_it.o(i.USART2_IRQHandler) for USART2_IRQHandler
    startup_stm32g070xx.o(.text) refers (Special) to heapauxi.o(.text) for __use_two_region_memory
    startup_stm32g070xx.o(.text) refers to system_stm32g0xx.o(i.SystemInit) for SystemInit
    startup_stm32g070xx.o(.text) refers to __main.o(!!!main) for __main
    startup_stm32g070xx.o(.text) refers to startup_stm32g070xx.o(HEAP) for Heap_Mem
    startup_stm32g070xx.o(.text) refers to startup_stm32g070xx.o(STACK) for Stack_Mem
    main.o(i.Smart_Lock_Task) refers to aeabi_sdiv.o(.text) for __aeabi_uidivmod
    main.o(i.Smart_Lock_Task) refers to aeabi_memset.o(.text) for __aeabi_memset
    main.o(i.Smart_Lock_Task) refers to leds.o(i.Set_RGB) for Set_RGB
    main.o(i.Smart_Lock_Task) refers to fp_driver.o(i.Set_FP_Active_State) for Set_FP_Active_State
    main.o(i.Smart_Lock_Task) refers to mfrc522.o(i.Set_MFRC522_Active_State) for Set_MFRC522_Active_State
    main.o(i.Smart_Lock_Task) refers to leds.o(i.led_all_reset) for led_all_reset
    main.o(i.Smart_Lock_Task) refers to leds.o(i.Confi_RGB) for Confi_RGB
    main.o(i.Smart_Lock_Task) refers to ap23xxx_g0x.o(i.Set_Voice_Add) for Set_Voice_Add
    main.o(i.Smart_Lock_Task) refers to mcu_api.o(i.mcu_get_wifi_work_state) for mcu_get_wifi_work_state
    main.o(i.Smart_Lock_Task) refers to stm32g0xx_hal_gpio.o(i.HAL_GPIO_ReadPin) for HAL_GPIO_ReadPin
    main.o(i.Smart_Lock_Task) refers to main.o(.data) for cnt_10ms_remote
    main.o(i.Smart_Lock_Task) refers to tsm12.o(.bss) for tsm_buffer
    main.o(i.Smart_Lock_Task) refers to tsm12.o(.data) for _sys1_menu
    main.o(i.Smart_Lock_Task) refers to mfrc522.o(.data) for RFID_State
    main.o(i.Smart_Lock_Task) refers to fp_driver.o(.data) for FP_State
    main.o(i.Smart_Lock_Task) refers to leds.o(.data) for led_delay_flag
    main.o(i.Smart_Lock_Task) refers to tuya_app.o(.data) for check_communcation_counter
    main.o(i.SystemClock_Config) refers to rt_memclr.o(.text) for __aeabi_memclr4
    main.o(i.SystemClock_Config) refers to stm32g0xx_hal_pwr_ex.o(i.HAL_PWREx_ControlVoltageScaling) for HAL_PWREx_ControlVoltageScaling
    main.o(i.SystemClock_Config) refers to stm32g0xx_hal_rcc.o(i.HAL_RCC_OscConfig) for HAL_RCC_OscConfig
    main.o(i.SystemClock_Config) refers to main.o(i.Error_Handler) for Error_Handler
    main.o(i.SystemClock_Config) refers to stm32g0xx_hal_rcc.o(i.HAL_RCC_ClockConfig) for HAL_RCC_ClockConfig
    main.o(i.SystemClock_Config_For_Sleep) refers to rt_memclr.o(.text) for __aeabi_memclr4
    main.o(i.SystemClock_Config_For_Sleep) refers to stm32g0xx_hal_pwr_ex.o(i.HAL_PWREx_ControlVoltageScaling) for HAL_PWREx_ControlVoltageScaling
    main.o(i.SystemClock_Config_For_Sleep) refers to stm32g0xx_hal_rcc.o(i.HAL_RCC_OscConfig) for HAL_RCC_OscConfig
    main.o(i.SystemClock_Config_For_Sleep) refers to main.o(i.Error_Handler) for Error_Handler
    main.o(i.SystemClock_Config_For_Sleep) refers to stm32g0xx_hal_rcc.o(i.HAL_RCC_ClockConfig) for HAL_RCC_ClockConfig
[...]
    wifi_reset_notice                        0x0800e7d9   Thumb Code    44  protocol.o(i.wifi_reset_notice)
    wifi_test_result                         0x0800e805   Thumb Code    12  protocol.o(i.wifi_test_result)
    wifi_uart_service                        0x0800e811   Thumb Code   240  mcu_api.o(i.wifi_uart_service)
    wifi_uart_write_frame                    0x0800e90d   Thumb Code   100  system.o(i.wifi_uart_write_frame)
    wifi_update_handle                       0x0800e97d   Thumb Code    32  protocol.o(i.wifi_update_handle)
    __aeabi_cdcmple                          0x0800e99d   Thumb Code     0  dlef.o(x$fpl$dleqf)
    _dcmple                                  0x0800e99d   Thumb Code    94  dlef.o(x$fpl$dleqf)
    __aeabi_cdrcmple                         0x0800ea01   Thumb Code     0  drlef.o(x$fpl$drleqf)
    _drcmple                                 0x0800ea01   Thumb Code   100  drlef.o(x$fpl$drleqf)
    __I$use$fp                               0x0800ea68   Number         0  usenofp.o(x$fpl$usenofp)
    UARTPrescTable                           0x0800ea70   Data          24  stm32g0xx_hal_uart.o(.constdata)
    AHBPrescTable                            0x0800eaa8   Data          64  system_stm32g0xx.o(.constdata)
    APBPrescTable                            0x0800eae8   Data          32  system_stm32g0xx.o(.constdata)
    download_cmd                             0x0800eb40   Data         112  protocol.o(.constdata)
    Region$$Table$$Base                      0x0800ec30   Number         0  anon$$obj.o(Region$$Table)
    Region$$Table$$Limit                     0x0800ec50   Number         0  anon$$obj.o(Region$$Table)
    system_locked                            0x20000000   Data           1  main.o(.data)
    door_opened                              0x20000001   Data           1  main.o(.data)
    door_opened_counter                      0x20000004   Data           4  main.o(.data)
    tsm_counter                              0x20000008   Data           4  main.o(.data)
    FP_Check                                 0x2000000c   Data           1  main.o(.data)
    TSM_Check                                0x2000000d   Data           1  main.o(.data)
    RFID_Check                               0x2000000e   Data           1  main.o(.data)
    APP_Check                                0x2000000f   Data           1  main.o(.data)
    err_counter                              0x20000010   Data           1  main.o(.data)
    cnt_10ms_remote                          0x20000014   Data           4  main.o(.data)
    cnt_10ms_bat                             0x20000018   Data           4  main.o(.data)
    cnt_10ms_wifi                            0x2000001c   Data           4  main.o(.data)
    activateTuyaUnlockingRequest             0x20000020   Data           1  main.o(.data)
    currentWifiWorkingState                  0x20000021   Data           1  main.o(.data)
    common_id                                0x20000022   Data           1  main.o(.data)
    system_reset_flag                        0x20000023   Data           1  main.o(.data)
    system_reset_time_flag                   0x20000024   Data           1  main.o(.data)
    system_time_count                        0x20000028   Data           4  main.o(.data)
    Remotly_control_flag                     0x2000002c   Data           1  main.o(.data)
    sleep_mode_flag                          0x2000002d   Data           1  main.o(.data)
    smart_lock_task_counter                  0x2000002e   Data           1  main.o(.data)
    smart_lock_task_start                    0x2000002f   Data           1  main.o(.data)
    rtc_wakeup_int_flag                      0x20000030   Data           1  main.o(.data)
    sleep_time_counter                       0x20000034   Data           4  main.o(.data)
    lock_counter                             0x20000038   Data           4  main.o(.data)
    to_unlock_counter                        0x2000003c   Data           4  main.o(.data)
    standby_time                             0x20000040   Data           4  main.o(.data)
    sleep_rfid_control_flag                  0x20000044   Data           1  main.o(.data)
    rfid_single_read_flag                    0x20000045   Data           1  main.o(.data)
    battery_counter                          0x20000048   Data           4  main.o(.data)
    Tsm_control_flag                         0x2000004d   Data           1  main.o(.data)
    FP_control_flag                          0x2000004e   Data           1  main.o(.data)
    RF_control_flag                          0x2000004f   Data           1  main.o(.data)
    Batt_Meas_Level_Flag                     0x20000050   Data           1  main.o(.data)
    Batt_Meas_Level_Count                    0x20000051   Data           1  main.o(.data)
    battery_mesurement_count                 0x20000052   Data           1  main.o(.data)
    iwdt_value_time                          0x20000054   Data           4  main.o(.data)
    audio_play_timeout                       0x20000058   Data           4  stm32g0xx_it.o(.data)
    system_reset_count                       0x2000005c   Data           4  stm32g0xx_it.o(.data)
    system_reset_control                     0x20000060   Data           1  stm32g0xx_it.o(.data)
    ignoreEccErr                             0x20000061   Data           1  stm32g0xx_it.o(.data)
    eccDoubleBitErrOccurred                  0x20000062   Data           1  stm32g0xx_it.o(.data)
    uwTick                                   0x20000064   Data           4  stm32g0xx_hal.o(.data)
    uwTickPrio                               0x20000068   Data           4  stm32g0xx_hal.o(.data)
    uwTickFreq                               0x2000006c   Data           1  stm32g0xx_hal.o(.data)
    SystemCoreClock                          0x20000070   Data           4  system_stm32g0xx.o(.data)
    audio_play_timeout_flag                  0x20000077   Data           1  ap23xxx_g0x.o(.data)
    adc_read_value                           0x200000a4   Data           4  battery.o(.data)
    read_voltage_value                       0x200000a8   Data           4  battery.o(.data)
    adcConvertCompletedFlag                  0x200000ac   Data           1  battery.o(.data)
    adc_buffer                               0x200000ae   Data           2  battery.o(.data)
    measuredCount                            0x200000b0   Data           4  battery.o(.data)
    adc_temp                                 0x200000b8   Data           8  battery.o(.data)
    Bat_Level_Value                          0x200000c0   Data           1  battery.o(.data)
    Bat_Percent_Value                        0x200000c4   Data           4  battery.o(.data)
    adc_buf_count                            0x200000c8   Data           4  battery.o(.data)
    Batt_Measurement_OK                      0x200000cc   Data           1  battery.o(.data)
    max_admin_user_flag                      0x200000ce   Data           1  common.o(.data)
    admin_id                                 0x200000cf   Data           1  common.o(.data)
    Smart_Lock_Val                           0x200000d0   Data           4  common.o(.data)
    adem_check_erase                         0x200000d5   Data           1  flash.o(.data)
    Finger1                                  0x200000d8   Data          28  fp_driver.o(.data)
    FP_State                                 0x200000f4   Data           1  fp_driver.o(.data)
    FP_Signal                                0x20000105   Data           1  fp_driver.o(.data)
    LED_ON_OFF                               0x20000106   Data           1  fp_driver.o(.data)
    return_control                           0x20000107   Data           1  fp_driver.o(.data)
    return_count                             0x20000108   Data           1  fp_driver.o(.data)
    return_control1                          0x2000010a   Data           1  fp_driver.o(.data)
    return_control2                          0x2000010b   Data           1  fp_driver.o(.data)
    return_control3                          0x2000010c   Data           1  fp_driver.o(.data)
    return_control4                          0x2000010d   Data           1  fp_driver.o(.data)
    return_control5                          0x2000010e   Data           1  fp_driver.o(.data)
    register_control_flag                    0x2000010f   Data           1  fp_driver.o(.data)
    cur_fp_color                             0x20000110   Data           1  fp_driver.o(.data)
    RGB_State                                0x2000011c   Data           1  leds.o(.data)
    led_delay_flag                           0x2000012c   Data           1  leds.o(.data)
    led_delay_count                          0x20000130   Data           4  leds.o(.data)
    led_number                               0x20000134   Data           1  leds.o(.data)
    led_Blink_count                          0x20000135   Data           1  leds.o(.data)
    led_Blink_flag                           0x20000136   Data           1  leds.o(.data)
    led_blink_delay                          0x20000138   Data           4  leds.o(.data)
    counter_temp_pass                        0x2000013c   Data           1  leds.o(.data)
    get_temp_pass_flag                       0x2000013d   Data           1  leds.o(.data)
    RFID_RX                                  0x20000148   Data           8  mfrc522.o(.data)
    RFID_State                               0x20000150   Data           1  mfrc522.o(.data)
    rfid_control_flag                        0x20000151   Data           1  mfrc522.o(.data)
    rfid_reveived_data                       0x20000152   Data           1  mfrc522.o(.data)
    queue_in                                 0x20000160   Data           4  system.o(.data)
    queue_out                                0x20000164   Data           4  system.o(.data)
    stop_update_flag                         0x20000168   Data           1  system.o(.data)
    reset_wifi_flag                          0x20000169   Data           1  system.o(.data)
    set_wifimode_flag                        0x2000016a   Data           1  system.o(.data)
    wifi_work_state                          0x2000016b   Data           1  system.o(.data)
    Tuya_Tx_State_FLAG                       0x2000016c   Data           1  system.o(.data)
    cap_equip                                0x2000016d   Data           1  system.o(.data)
    glDate                                   0x20000170   Data           4  protocol.o(.data)
    firmwarePosition                         0x20000174   Data           4  protocol.o(.data)
    unlock_method_ptr                        0x20000178   Data           4  protocol.o(.data)
    unlock_method_len                        0x2000017c   Data           4  protocol.o(.data)
    synch_method_ptr                         0x20000180   Data           4  protocol.o(.data)
    synch_method_len                         0x20000184   Data           4  protocol.o(.data)
    link_mode                                0x20000188   Data           1  protocol.o(.data)
    remote_no_pd_setkey_ptr                  0x2000018c   Data           4  protocol.o(.data)
    remote_no_pd_setkey_len                  0x20000190   Data           4  protocol.o(.data)
    remote_no_dp_key_ptr                     0x20000194   Data           4  protocol.o(.data)
    remote_no_dp_key_len                     0x20000198   Data           4  protocol.o(.data)
    all_Fingerprints_ptr                     0x2000019c   Data           4  protocol.o(.data)
    all_Fingerprints_len                     0x200001a0   Data           4  protocol.o(.data)
    all_Codes_ptr                            0x200001a4   Data           4  protocol.o(.data)
    all_Codes_len                            0x200001a8   Data           4  protocol.o(.data)
    all_Cards_ptr                            0x200001ac   Data           4  protocol.o(.data)
    all_Cards_len                            0x200001b0   Data           4  protocol.o(.data)
    offline_Code_Unlocking_ptr               0x200001b4   Data           4  protocol.o(.data)
    offline_Code_Unlocking_len               0x200001b8   Data           4  protocol.o(.data)
    clear_Offline_Codes_ptr                  0x200001bc   Data           4  protocol.o(.data)
    clear_Offline_Codes_len                  0x200001c0   Data           4  protocol.o(.data)
    set_Key_for_NoCode_Unlock_ptr            0x200001c4   Data           4  protocol.o(.data)
    set_Key_for_NoCode_Unlock_len            0x200001c8   Data           4  protocol.o(.data)
    no_Code_Unlock_ptr                       0x200001cc   Data           4  protocol.o(.data)
    no_Code_Unlock_len                       0x200001d0   Data           4  protocol.o(.data)
    lock_Local_Operation_Record_ptr          0x200001d4   Data           4  protocol.o(.data)
    lock_Local_Operation_Record_len          0x200001d8   Data           4  protocol.o(.data)
    active_Message_Push_ptr                  0x200001dc   Data           4  protocol.o(.data)
    active_Message_Push_len                  0x200001e0   Data           4  protocol.o(.data)
    current_Unlock_with_Fingerprint          0x200001e4   Data           4  protocol.o(.data)
    current_Unlock_with_Code                 0x200001e8   Data           4  protocol.o(.data)
    current_Unlock_with_Temporary_Code       0x200001ec   Data           4  protocol.o(.data)
    current_Unlock_with_Card                 0x200001f0   Data           4  protocol.o(.data)
    current_Unlock_with_Mechanical_Key       0x200001f4   Data           4  protocol.o(.data)
    current_Remote_Unlocking_Countdown       0x200001f8   Data           4  protocol.o(.data)
    current_Battery_Level                    0x200001fc   Data           4  protocol.o(.data)
    current_Remaining_Battery                0x20000200   Data           4  protocol.o(.data)
    current_Double_Lock                      0x20000204   Data           1  protocol.o(.data)
    current_Remote_Unlocking_in_App          0x20000208   Data           4  protocol.o(.data)
    current_Unlock_from_Inside               0x2000020c   Data           1  protocol.o(.data)
    current_Door_Status                      0x2000020d   Data           1  protocol.o(.data)
    current_SMS_Notification                 0x2000020e   Data           1  protocol.o(.data)
    current_Auto_Lock                        0x2000020f   Data           1  protocol.o(.data)
    current_Auto_Lock_Delay                  0x20000210   Data           4  protocol.o(.data)
    current_Door_Opening_Direction           0x20000214   Data           1  protocol.o(.data)
    auto_lock_time                           0x20000218   Data           4  protocol.o(.data)
    temporary_password_modify                0x2000021c   Data           4  protocol.o(.data)
    temporary_password_delete                0x20000220   Data           4  protocol.o(.data)
    temporary_password_create                0x20000224   Data           4  protocol.o(.data)
    battery_state                            0x20000228   Data           1  protocol.o(.data)
    door_status                              0x20000229   Data           1  protocol.o(.data)
    lock_motor_direction                     0x2000022a   Data           1  protocol.o(.data)
    reverse_lock                             0x2000022b   Data           1  protocol.o(.data)
    message_notification                     0x2000022c   Data           1  protocol.o(.data)
    open_inside                              0x2000022d   Data           1  protocol.o(.data)
    automatic_lock                           0x2000022e   Data           1  protocol.o(.data)
    lock_local_record_ptr                    0x20000230   Data           4  protocol.o(.data)
    lock_local_record_len                    0x20000234   Data           2  protocol.o(.data)
    initiative_message_ptr                   0x20000238   Data           4  protocol.o(.data)
    initiative_message_len                   0x2000023c   Data           2  protocol.o(.data)
    ind                                      0x2000023e   Data           1  protocol.o(.data)
    tuyaConnectionCounter                    0x20000240   Data           4  protocol.o(.data)
    key_index                                0x20000244   Data           1  protocol.o(.data)
    value_index                              0x20000245   Data           1  protocol.o(.data)
    numUnlockedCounter                       0x20000248   Data           4  protocol.o(.data)
    offline_time                             0x2000024c   Data           6  protocol.o(.data)
    system_default_admin                     0x20000254   Data           1  tsm12.o(.data)
    system_reset_button_flag                 0x20000255   Data           1  tsm12.o(.data)
    Tsm12_1                                  0x20000258   Data          24  tsm12.o(.data)
    temp_buffer                              0x20000270   Data           2  tsm12.o(.data)
    _sys1_menu                               0x20000272   Data           1  tsm12.o(.data)
    _sys2_menu                               0x20000273   Data           1  tsm12.o(.data)
    index_tsm_buffer                         0x20000274   Data           1  tsm12.o(.data)
    index_temp_buffer                        0x20000275   Data           1  tsm12.o(.data)
    TSM12_I2CACKError                        0x20000282   Data           1  tsm12.o(.data)
    data                                     0x20000283   Data           2  tsm12.o(.data)
    RepCnt                                   0x20000285   Data           1  tsm12.o(.data)
    DATA_STATE                               0x20000286   Data           1  tsm12.o(.data)
    tsm_test                                 0x20000287   Data           1  tsm12.o(.data)
    x                                        0x20000288   Data           4  tsm12.o(.data)
    system_rst_btn_flag2                     0x2000028c   Data           1  tsm12.o(.data)
    check_communcation_counter               0x20000290   Data           4  tuya_app.o(.data)
    unlockRequestDowncounter                 0x20000294   Data           1  tuya_app.o(.data)
    unlock_remotly_counter                   0x20000295   Data           1  tuya_app.o(.data)
    remotely_unlock_st                       0x20000296   Data           1  tuya_app.o(.data)
    tuya_RxByte                              0x20000297   Data           1  tuya_app.o(.data)
    failed_password_led_off_flag             0x20000298   Data           1  tuya_app.o(.data)
    Tuya_notification_flag                   0x20000299   Data           1  tuya_app.o(.data)
    Tuya_notification_timer                  0x2000029c   Data           4  tuya_app.o(.data)
    FP_Check_Tuya                            0x200002a0   Data           1  tuya_app.o(.data)
    TSM_Check_Tuya                           0x200002a1   Data           1  tuya_app.o(.data)
    RFID_Check_Tuya                          0x200002a2   Data           1  tuya_app.o(.data)
    APP_Check_Tuya                           0x200002a3   Data           1  tuya_app.o(.data)
    DPID_QUERY_CREATE_TYPE0                  0x200002a5   Data           1  tuya_app.o(.data)
    DPID_QUERY_CREATE_TYPE1                  0x200002a6   Data           1  tuya_app.o(.data)
    DPID_CREATE_TYPE_ACK0                    0x200002a7   Data           1  tuya_app.o(.data)
    DPID_CREATE_TYPE_ACK1                    0x200002a8   Data           1  tuya_app.o(.data)
    DPID_CREATE_TYPE_ACK2                    0x200002a9   Data           1  tuya_app.o(.data)
    DPID_CREATE_TYPE_ACK3                    0x200002aa   Data           1  tuya_app.o(.data)
    DPID_CREATE_TYPE_ACK4                    0x200002ab   Data           1  tuya_app.o(.data)
    DPID_DOOR_INPUT_OK_KIT1                  0x200002ac   Data           1  tuya_app.o(.data)
    OFFLINE_DYN_PW_CMD1                      0x200002ad   Data           1  tuya_app.o(.data)
    Get_time1                                0x200002ae   Data           1  tuya_app.o(.data)
    GPIO_InitStruct                          0x200002b4   Data          20  main.o(.bss)
    hadc1                                    0x200002c8   Data         100  adc.o(.bss)
    hdma_adc1                                0x2000032c   Data          92  adc.o(.bss)
    hi2c1                                    0x20000388   Data          84  i2c.o(.bss)
    hiwdg                                    0x200003dc   Data          16  iwdg.o(.bss)
    hrtc                                     0x200003ec   Data          44  rtc.o(.bss)
    hspi1                                    0x20000418   Data         100  spi.o(.bss)
    hspi2                                    0x2000047c   Data         100  spi.o(.bss)
    htim3                                    0x200004e0   Data          76  tim.o(.bss)
    huart1                                   0x2000052c   Data         148  usart.o(.bss)
    huart2                                   0x200005c0   Data         148  usart.o(.bss)
    pFlash                                   0x20000654   Data          28  stm32g0xx_hal_flash.o(.bss)
    adc_sequentialBuffer                     0x20000670   Data         600  battery.o(.bss)
    Flash_DataBase                           0x200008c8   Data          16  flash.o(.bss)
    RFID_DataBase                            0x200008d8   Data         800  mfrc522.o(.bss)
    wifi_data_process_buf                    0x20000bf8   Data         507  system.o(.bss)
    wifi_uart_rx_buf                         0x20000df3   Data         707  system.o(.bss)
    wifi_uart_tx_buf                         0x200010b6   Data         103  system.o(.bss)
    glTime                                   0x20001120   Data          20  protocol.o(.bss)
    firmwareBuffer                           0x20001134   Data        1024  protocol.o(.bss)
    stored_key                               0x20001534   Data           9  protocol.o(.bss)
    Temp_Pass_DB                             0x20001540   Data         400  temp_pass.o(.bss)
    Temp_Online_Pass_DB                      0x200016d0   Data         400  temp_pass.o(.bss)
    TSM_DataBase                             0x20001860   Data         800  tsm12.o(.bss)
    tsm_buffer                               0x20001b80   Data          11  tsm12.o(.bss)
    value11                                  0x20001b8b   Data          10  tuya_app.o(.bss)
    __libspace_start                         0x20001b98   Data          96  libspace.o(.bss)
    __temporary_stack_top$libspace           0x20001bf8   Data           0  libspace.o(.bss)



==============================================================================

Memory Map of the image

  Image Entry point : 0x080000b9

  Load Region LR_IROM1 (Base: 0x08000000, Size: 0x0000ef04, Max: 0x00020000, ABSOLUTE, COMPRESSED[0x0000ecbc])

    Execution Region ER_IROM1 (Exec base: 0x08000000, Load base: 0x08000000, Size: 0x0000ec50, Max: 0x00020000, ABSOLUTE)

    Exec Addr    Load Addr    Size         Type   Attr      Idx    E Section Name        Object

    0x08000000   0x08000000   0x000000b8   Data   RO            3    RESET               startup_stm32g070xx.o
    0x080000b8   0x080000b8   0x00000008   Code   RO         7148  * !!!main             c_p.l(__main.o)
    0x080000c0   0x080000c0   0x0000003c   Code   RO         7411    !!!scatter          c_p.l(__scatter.o)
    0x080000fc   0x080000fc   0x0000001c   Code   RO         7413    !!handler_zi        c_p.l(__scatter_zi.o)
    0x08000118   0x08000118   0x00000002   Code   RO         7133    .ARM.Collect$$_printf_percent$$00000000  c_p.l(_printf_percent.o)
    0x0800011a   0x0800011a   0x0000000a   Code   RO         7132    .ARM.Collect$$_printf_percent$$00000009  c_p.l(_printf_d.o)
    0x08000124   0x08000124   0x00000004   Code   RO         7210    .ARM.Collect$$_printf_percent$$00000017  c_p.l(_printf_percent_end.o)
    0x08000128   0x08000128   0x00000002   Code   RO         7343    .ARM.Collect$$libinit$$00000000  c_p.l(libinit.o)
    0x0800012a   0x0800012a   0x00000000   Code   RO         7220    .ARM.Collect$$libinit$$00000002  c_p.l(libinit2.o)
    0x0800012a   0x0800012a   0x00000000   Code   RO         7222    .ARM.Collect$$libinit$$00000004  c_p.l(libinit2.o)
    0x0800012a   0x0800012a   0x00000008   Code   RO         7223    .ARM.Collect$$libinit$$00000005  c_p.l(libinit2.o)
    0x08000132   0x08000132   0x00000000   Code   RO         7225    .ARM.Collect$$libinit$$0000000A  c_p.l(libinit2.o)
    0x08000132   0x08000132   0x00000000   Code   RO         7227    .ARM.Collect$$libinit$$0000000C  c_p.l(libinit2.o)
    0x08000132   0x08000132   0x00000000   Code   RO         7229    .ARM.Collect$$libinit$$0000000E  c_p.l(libinit2.o)
    0x08000132   0x08000132   0x00000000   Code   RO         7232    .ARM.Collect$$libinit$$00000011  c_p.l(libinit2.o)
    0x08000132   0x08000132   0x00000000   Code   RO         7234    .ARM.Collect$$libinit$$00000013  c_p.l(libinit2.o)
    0x08000132   0x08000132   0x00000000   Code   RO         7236    .ARM.Collect$$libinit$$00000015  c_p.l(libinit2.o)
    0x08000132   0x08000132   0x00000000   Code   RO         7238    .ARM.Collect$$libinit$$00000017  c_p.l(libinit2.o)
    0x08000132   0x08000132   0x00000000   Code   RO         7240    .ARM.Collect$$libinit$$00000019  c_p.l(libinit2.o)
    0x08000132   0x08000132   0x00000000   Code   RO         7242    .ARM.Collect$$libinit$$0000001B  c_p.l(libinit2.o)
    0x08000132   0x08000132   0x00000000   Code   RO         7244    .ARM.Collect$$libinit$$0000001D  c_p.l(libinit2.o)
    0x08000132   0x08000132   0x00000000   Code   RO         7246    .ARM.Collect$$libinit$$0000001F  c_p.l(libinit2.o)
    0x08000132   0x08000132   0x00000000   Code   RO         7248    .ARM.Collect$$libinit$$00000021  c_p.l(libinit2.o)
    0x08000132   0x08000132   0x00000000   Code   RO         7250    .ARM.Collect$$libinit$$00000023  c_p.l(libinit2.o)
    0x08000132   0x08000132   0x00000000   Code   RO         7252    .ARM.Collect$$libinit$$00000025  c_p.l(libinit2.o)
    0x08000132   0x08000132   0x00000000   Code   RO         7256    .ARM.Collect$$libinit$$0000002C  c_p.l(libinit2.o)
    0x08000132   0x08000132   0x00000000   Code   RO         7258    .ARM.Collect$$libinit$$0000002E  c_p.l(libinit2.o)
    0x08000132   0x08000132   0x00000000   Code   RO         7260    .ARM.Collect$$libinit$$00000030  c_p.l(libinit2.o)
    0x08000132   0x08000132   0x00000000   Code   RO         7262    .ARM.Collect$$libinit$$00000032  c_p.l(libinit2.o)
    0x08000132   0x08000132   0x00000002   Code   RO         7263    .ARM.Collect$$libinit$$00000033  c_p.l(libinit2.o)
    0x08000134   0x08000134   0x00000002   Code   RO         7406    .ARM.Collect$$libshutdown$$00000000  c_p.l(libshutdown.o)
    0x08000136   0x08000136   0x00000000   Code   RO         7362    .ARM.Collect$$libshutdown$$00000002  c_p.l(libshutdown2.o)
    0x08000136   0x08000136   0x00000000   Code   RO         7364    .ARM.Collect$$libshutdown$$00000004  c_p.l(libshutdown2.o)
    0x08000136   0x08000136   0x00000000   Code   RO         7366    .ARM.Collect$$libshutdown$$00000006  c_p.l(libshutdown2.o)
    0x08000136   0x08000136   0x00000000   Code   RO         7369    .ARM.Collect$$libshutdown$$00000009  c_p.l(libshutdown2.o)
    0x08000136   0x08000136   0x00000000   Code   RO         7372    .ARM.Collect$$libshutdown$$0000000C  c_p.l(libshutdown2.o)
    0x08000136   0x08000136   0x00000000   Code   RO         7374    .ARM.Collect$$libshutdown$$0000000E  c_p.l(libshutdown2.o)
    0x08000136   0x08000136   0x00000000   Code   RO         7377    .ARM.Collect$$libshutdown$$00000011  c_p.l(libshutdown2.o)
    0x08000136   0x08000136   0x00000002   Code   RO         7378    .ARM.Collect$$libshutdown$$00000012  c_p.l(libshutdown2.o)
    0x08000138   0x08000138   0x00000000   Code   RO         7174    .ARM.Collect$$rtentry$$00000000  c_p.l(__rtentry.o)
    0x08000138   0x08000138   0x00000000   Code   RO         7273    .ARM.Collect$$rtentry$$00000002  c_p.l(__rtentry2.o)
    0x08000138   0x08000138   0x00000006   Code   RO         7285    .ARM.Collect$$rtentry$$00000004  c_p.l(__rtentry4.o)
    0x0800013e   0x0800013e   0x00000000   Code   RO         7275    .ARM.Collect$$rtentry$$00000009  c_p.l(__rtentry2.o)
    0x0800013e   0x0800013e   0x00000004   Code   RO         7276    .ARM.Collect$$rtentry$$0000000A  c_p.l(__rtentry2.o)
    0x08000142   0x08000142   0x00000000   Code   RO         7278    .ARM.Collect$$rtentry$$0000000C  c_p.l(__rtentry2.o)
    0x08000142   0x08000142   0x00000008   Code   RO         7279    .ARM.Collect$$rtentry$$0000000D  c_p.l(__rtentry2.o)
    0x0800014a   0x0800014a   0x00000002   Code   RO         7349    .ARM.Collect$$rtexit$$00000000  c_p.l(rtexit.o)
    0x0800014c   0x0800014c   0x00000000   Code   RO         7382    .ARM.Collect$$rtexit$$00000002  c_p.l(rtexit2.o)
    0x0800014c   0x0800014c   0x00000004   Code   RO         7383    .ARM.Collect$$rtexit$$00000003  c_p.l(rtexit2.o)
    0x08000150   0x08000150   0x00000006   Code   RO         7384    .ARM.Collect$$rtexit$$00000004  c_p.l(rtexit2.o)
    0x08000156   0x08000156   0x00000002   PAD
    0x08000158   0x08000158   0x00000000   Code   RO         7291    .emb_text           c_p.l(maybetermalloc1.o)
    0x08000158   0x08000158   0x00000038   Code   RO            4    .text               startup_stm32g070xx.o
    0x08000190   0x08000190   0x00000062   Code   RO         7046    .text               c_p.l(h1_alloc.o)
    0x080001f2   0x080001f2   0x0000004c   Code   RO         7048    .text               c_p.l(h1_free.o)
    0x0800023e   0x0800023e   0x00000002   PAD
    0x08000240   0x08000240   0x00000028   Code   RO         7106    .text               c_p.l(noretval__2sprintf.o)
    0x08000268   0x08000268   0x0000006c   Code   RO         7108    .text               c_p.l(__printf.o)
    0x080002d4   0x080002d4   0x0000006c   Code   RO         7110    .text               c_p.l(_printf_dec.o)
    0x08000340   0x08000340   0x00000012   Code   RO         7134    .text               c_p.l(aeabi_memset.o)
    0x08000352   0x08000352   0x00000040   Code   RO         7136    .text               c_p.l(rt_memclr.o)
    0x08000392   0x08000392   0x00000002   PAD
    0x08000394   0x08000394   0x0000006c   Code   RO         7138    .text               c_p.l(strncpy.o)
    0x08000400   0x08000400   0x0000015a   Code   RO         7142    .text               c_p.l(aeabi_sdiv.o)
    0x0800055a   0x0800055a   0x00000006   Code   RO         7146    .text               c_p.l(heapauxi.o)
    0x08000560   0x08000560   0x00000358   Code   RO         7150    .text               fz_ps.l(daddsub.o)
    0x080008b8   0x080008b8   0x00000448   Code   RO         7152    .text               fz_ps.l(ddiv.o)
    0x08000d00   0x08000d00   0x00000058   Code   RO         7155    .text               fz_ps.l(dflti.o)
    0x08000d58   0x08000d58   0x00000248   Code   RO         7159    .text               fz_ps.l(dmul.o)
    0x08000fa0   0x08000fa0   0x00000054   Code   RO         7163    .text               fz_ps.l(f2d.o)
    0x08000ff4   0x08000ff4   0x0000005e   Code   RO         7168    .text               fz_ps.l(fflti.o)
    0x08001052   0x08001052   0x00000002   PAD
    0x08001054   0x08001054   0x00000008   Code   RO         7182    .text               c_p.l(rt_heap_descriptor_intlibspace.o)
    0x0800105c   0x0800105c   0x00000004   Code   RO         7184    .text               c_p.l(hguard.o)
    0x08001060   0x08001060   0x00000088   Code   RO         7186    .text               c_p.l(init_alloc.o)
    0x080010e8   0x080010e8   0x0000000e   Code   RO         7190    .text               c_p.l(h1_init.o)
    0x080010f6   0x080010f6   0x000000b0   Code   RO         7204    .text               c_p.l(_printf_intcommon.o)
    0x080011a6   0x080011a6   0x00000002   PAD
    0x080011a8   0x080011a8   0x00000030   Code   RO         7206    .text               c_p.l(_printf_char_common.o)
    0x080011d8   0x080011d8   0x0000000a   Code   RO         7208    .text               c_p.l(_sputc.o)
    0x080011e2   0x080011e2   0x00000028   Code   RO         7215    .text               c_p.l(rtudiv10.o)
    0x0800120a   0x0800120a   0x00000002   PAD
    0x0800120c   0x0800120c   0x00000090   Code   RO         7264    .text               fz_ps.l(dcmpin.o)
    0x0800129c   0x0800129c   0x00000008   Code   RO         7269    .text               c_p.l(libspace.o)
    0x080012a4   0x080012a4   0x00000034   Code   RO         7293    .text               c_p.l(h1_extend.o)
    0x080012d8   0x080012d8   0x0000000c   Code   RO         7299    .text               c_p.l(defsig_rtmem_outer.o)
    0x080012e4   0x080012e4   0x0000002e   Code   RO         7308    .text               fz_ps.l(cmpret.o)
    0x08001312   0x08001312   0x00000002   PAD
    0x08001314   0x08001314   0x00000014   Code   RO         7310    .text               fz_ps.l(dnan2.o)
    0x08001328   0x08001328   0x00000002   Code   RO         7314    .text               c_p.l(use_no_semi.o)
    0x0800132a   0x0800132a   0x00000000   Code   RO         7316    .text               c_p.l(indicate_semi.o)
    0x0800132a   0x0800132a   0x0000003e   Code   RO         7317    .text               c_p.l(sys_stackheap_outer.o)
    0x08001368   0x08001368   0x00000010   Code   RO         7324    .text               c_p.l(exit.o)
    0x08001378   0x08001378   0x0000000c   Code   RO         7326    .text               c_p.l(defsig_exit.o)
    0x08001384   0x08001384   0x00000050   Code   RO         7332    .text               c_p.l(defsig_rtmem_inner.o)
    0x080013d4   0x080013d4   0x0000005e   Code   RO         7344    .text               fz_ps.l(retnan.o)
    0x08001432   0x08001432   0x00000002   PAD
    0x08001434   0x08001434   0x0000000c   Code   RO         7346    .text               c_p.l(sys_exit.o)
    0x08001440   0x08001440   0x00000034   Code   RO         7357    .text               c_p.l(defsig_general.o)
    0x08001474   0x08001474   0x0000000c   Code   RO         7379    .text               c_p.l(sys_wrch.o)
    0x08001480   0x08001480   0x00000056   Code   RO         7409    .text               c_p.l(__dczerorl2.o)
    0x080014d6   0x080014d6   0x00000002   PAD
    0x080014d8   0x080014d8   0x00000010   Code   RO          643    i.ADC1_IRQHandler   stm32g0xx_it.o
    0x080014e8   0x080014e8   0x00000070   Code   RO          782    i.ADC_ConversionStop  stm32g0xx_hal_adc.o
    0x08001558   0x08001558   0x00000090   Code   RO          783    i.ADC_DMAConvCplt   stm32g0xx_hal_adc.o
    0x080015e8   0x080015e8   0x0000001e   Code   RO          784    i.ADC_DMAError      stm32g0xx_hal_adc.o
    0x08001606   0x08001606   0x0000000e   Code   RO          785    i.ADC_DMAHalfConvCplt  stm32g0xx_hal_adc.o
    0x08001614   0x08001614   0x0000008a   Code   RO          786    i.ADC_Disable       stm32g0xx_hal_adc.o
    0x0800169e   0x0800169e   0x00000002   PAD
    0x080016a0   0x080016a0   0x000000d8   Code   RO          787    i.ADC_Enable        stm32g0xx_hal_adc.o
    0x08001778   0x08001778   0x00000068   Code   RO         5234    i.AP23xxx_Send      ap23xxx_g0x.o
    0x080017e0   0x080017e0   0x0000000c   Code   RO         6095    i.AntennaOn         mfrc522.o
    0x080017ec   0x080017ec   0x0000014c   Code   RO         5300    i.Battery_Measurement  battery.o
    0x08001938   0x08001938   0x0000002c   Code   RO         5574    i.Blinking_Led      fp_driver.o
    0x08001964   0x08001964   0x000000a8   Code   RO         5302    i.Calc_BAT_Level    battery.o
    0x08001a0c   0x08001a0c   0x00000062   Code   RO         6096    i.CalulateCRC       mfrc522.o
    0x08001a6e   0x08001a6e   0x00000002   PAD
    0x08001a70   0x08001a70   0x000000c8   Code   RO         6746    i.Check_Input       tuya_app.o
    0x08001b38   0x08001b38   0x0000001c   Code   RO         6097    i.ClearBitMask      mfrc522.o
    0x08001b54   0x08001b54   0x0000006e   Code   RO         5401    i.Compare_Id        buffer.o
    0x08001bc2   0x08001bc2   0x00000002   PAD
    0x08001bc4   0x08001bc4   0x00000034   Code   RO         5710    i.Confi_RGB         leds.o
    0x08001bf8   0x08001bf8   0x000000cc   Code   RO         6605    i.Cur_Date_time     temp_pass.o
    0x08001cc4   0x08001cc4   0x00000010   Code   RO          644    i.DMA1_Channel1_IRQHandler  stm32g0xx_it.o
    0x08001cd4   0x08001cd4   0x00000034   Code   RO         1535    i.DMA_CalcDMAMUXChannelBaseAndMask  stm32g0xx_hal_dma.o
    0x08001d08   0x08001d08   0x00000028   Code   RO         1536    i.DMA_CalcDMAMUXRequestGenBaseAndMask  stm32g0xx_hal_dma.o
    0x08001d30   0x08001d30   0x0000004c   Code   RO         1537    i.DMA_SetConfig     stm32g0xx_hal_dma.o
    0x08001d7c   0x08001d7c   0x00000090   Code   RO         5575    i.Delete_All_User   fp_driver.o
    0x08001e0c   0x08001e0c   0x000000fc   Code   RO         5402    i.Delete_Id         buffer.o
    0x08001f08   0x08001f08   0x00000160   Code   RO         5576    i.Delete_User       fp_driver.o
    0x08002068   0x08002068   0x0000004c   Code   RO          645    i.EXTI0_1_IRQHandler  stm32g0xx_it.o
    0x080020b4   0x080020b4   0x000000b0   Code   RO          646    i.EXTI4_15_IRQHandler  stm32g0xx_it.o
    0x08002164   0x08002164   0x00000088   Code   RO         5505    i.Erase_and_Write   flash.o
    0x080021ec   0x080021ec   0x00000006   Code   RO           12    i.Error_Handler     main.o
    0x080021f2   0x080021f2   0x00000002   PAD
    0x080021f4   0x080021f4   0x00000018   Code   RO         1372    i.FLASH_MassErase   stm32g0xx_hal_flash_ex.o
    0x0800220c   0x0800220c   0x00000028   Code   RO         1378    i.FLASH_PageErase   stm32g0xx_hal_flash_ex.o
    0x08002234   0x08002234   0x00000028   Code   RO         1265    i.FLASH_Program_DoubleWord  stm32g0xx_hal_flash.o
    0x0800225c   0x0800225c   0x00000054   Code   RO         1266    i.FLASH_Program_Fast  stm32g0xx_hal_flash.o
    0x080022b0   0x080022b0   0x00000080   Code   RO         1267    i.FLASH_WaitForLastOperation  stm32g0xx_hal_flash.o
    0x08002330   0x08002330   0x000000c8   Code   RO         5578    i.FP_Init           fp_driver.o
    0x080023f8   0x080023f8   0x00000054   Code   RO         5579    i.FP_Send_CMD       fp_driver.o
    0x0800244c   0x0800244c   0x00000064   Code   RO         5580    i.FP_Send_CMD1      fp_driver.o
    0x080024b0   0x080024b0   0x000001e0   Code   RO         5581    i.FP_Task_F         fp_driver.o
    0x08002690   0x08002690   0x00000012   Code   RO         5403    i.Fill_Buffers      buffer.o
    0x080026a2   0x080026a2   0x00000034   Code   RO         5404    i.Find_Empty_Address  buffer.o
    0x080026d6   0x080026d6   0x00000002   PAD
    0x080026d8   0x080026d8   0x0000000c   Code   RO         5237    i.Get_AP23xxx_Active_State  ap23xxx_g0x.o
    0x080026e4   0x080026e4   0x0000000c   Code   RO         5583    i.Get_FP_Active_State  fp_driver.o
    0x080026f0   0x080026f0   0x0000000c   Code   RO         5506    i.Get_Flash_Write_Active  flash.o
    0x080026fc   0x080026fc   0x0000000c   Code   RO         6098    i.Get_MFRC522_Active_State  mfrc522.o
    0x08002708   0x08002708   0x0000000c   Code   RO         6265    i.Get_Motor_Active_State  motor_driver.o
    0x08002714   0x08002714   0x0000000c   Code   RO         5238    i.Get_Voice_Add     ap23xxx_g0x.o
    0x08002720   0x08002720   0x000001ac   Code   RO         1028    i.HAL_ADCEx_Calibration_Start  stm32g0xx_hal_adc_ex.o
    0x080028cc   0x080028cc   0x00000002   Code   RO         1029    i.HAL_ADCEx_ChannelConfigReadyCallback  stm32g0xx_hal_adc_ex.o
    0x080028ce   0x080028ce   0x00000002   Code   RO         1031    i.HAL_ADCEx_EndOfSamplingCallback  stm32g0xx_hal_adc_ex.o
    0x080028d0   0x080028d0   0x00000002   Code   RO         1032    i.HAL_ADCEx_LevelOutOfWindow2Callback  stm32g0xx_hal_adc_ex.o
    0x080028d2   0x080028d2   0x00000002   Code   RO         1033    i.HAL_ADCEx_LevelOutOfWindow3Callback  stm32g0xx_hal_adc_ex.o
    0x080028d4   0x080028d4   0x00000364   Code   RO          789    i.HAL_ADC_ConfigChannel  stm32g0xx_hal_adc.o
    0x08002c38   0x08002c38   0x0000003c   Code   RO         5304    i.HAL_ADC_ConvCpltCallback  battery.o
    0x08002c74   0x08002c74   0x00000002   Code   RO          791    i.HAL_ADC_ConvHalfCpltCallback  stm32g0xx_hal_adc.o
    0x08002c76   0x08002c76   0x00000002   PAD
    0x08002c78   0x08002c78   0x000000e4   Code   RO          792    i.HAL_ADC_DeInit    stm32g0xx_hal_adc.o
    0x08002d5c   0x08002d5c   0x00000002   Code   RO          793    i.HAL_ADC_ErrorCallback  stm32g0xx_hal_adc.o
    0x08002d5e   0x08002d5e   0x000001a8   Code   RO          797    i.HAL_ADC_IRQHandler  stm32g0xx_hal_adc.o
    0x08002f06   0x08002f06   0x00000002   PAD
    0x08002f08   0x08002f08   0x00000298   Code   RO          798    i.HAL_ADC_Init      stm32g0xx_hal_adc.o
    0x080031a0   0x080031a0   0x00000002   Code   RO          799    i.HAL_ADC_LevelOutOfWindowCallback  stm32g0xx_hal_adc.o
    0x080031a2   0x080031a2   0x00000002   PAD
    0x080031a4   0x080031a4   0x0000003c   Code   RO          347    i.HAL_ADC_MspDeInit  adc.o
    0x080031e0   0x080031e0   0x000000cc   Code   RO          348    i.HAL_ADC_MspInit   adc.o
    0x080032ac   0x080032ac   0x000000cc   Code   RO          805    i.HAL_ADC_Start_DMA  stm32g0xx_hal_adc.o
    0x08003378   0x08003378   0x00000090   Code   RO          808    i.HAL_ADC_Stop_DMA  stm32g0xx_hal_adc.o
    0x08003408   0x08003408   0x00000098   Code   RO         1538    i.HAL_DMA_Abort     stm32g0xx_hal_dma.o
    0x080034a0   0x080034a0   0x00000094   Code   RO         1539    i.HAL_DMA_Abort_IT  stm32g0xx_hal_dma.o
    0x08003534   0x08003534   0x000000a0   Code   RO         1540    i.HAL_DMA_DeInit    stm32g0xx_hal_dma.o
    0x080035d4   0x080035d4   0x00000006   Code   RO         1541    i.HAL_DMA_GetError  stm32g0xx_hal_dma.o
    0x080035da   0x080035da   0x00000008   Code   RO         1542    i.HAL_DMA_GetState  stm32g0xx_hal_dma.o
    0x080035e2   0x080035e2   0x00000002   PAD
    0x080035e4   0x080035e4   0x00000120   Code   RO         1543    i.HAL_DMA_IRQHandler  stm32g0xx_hal_dma.o
    0x08003704   0x08003704   0x000000c0   Code   RO         1544    i.HAL_DMA_Init      stm32g0xx_hal_dma.o
    0x080037c4   0x080037c4   0x000000cc   Code   RO         1548    i.HAL_DMA_Start_IT  stm32g0xx_hal_dma.o
    0x08003890   0x08003890   0x0000002c   Code   RO         2017    i.HAL_Delay         stm32g0xx_hal.o
    0x080038bc   0x080038bc   0x000000a0   Code   RO         1379    i.HAL_FLASHEx_Erase  stm32g0xx_hal_flash_ex.o
    0x0800395c   0x0800395c   0x00000030   Code   RO         1271    i.HAL_FLASH_Lock    stm32g0xx_hal_flash.o
    0x0800398c   0x0800398c   0x00000078   Code   RO         1276    i.HAL_FLASH_Program  stm32g0xx_hal_flash.o
    0x08003a04   0x08003a04   0x00000034   Code   RO         1278    i.HAL_FLASH_Unlock  stm32g0xx_hal_flash.o
    0x08003a38   0x08003a38   0x0000010c   Code   RO         1465    i.HAL_GPIO_DeInit   stm32g0xx_hal_gpio.o
    0x08003b44   0x08003b44   0x00000002   Code   RO         1466    i.HAL_GPIO_EXTI_Falling_Callback  stm32g0xx_hal_gpio.o
    0x08003b46   0x08003b46   0x00000002   PAD
    0x08003b48   0x08003b48   0x00000034   Code   RO         1467    i.HAL_GPIO_EXTI_IRQHandler  stm32g0xx_hal_gpio.o
    0x08003b7c   0x08003b7c   0x00000002   Code   RO         1468    i.HAL_GPIO_EXTI_Rising_Callback  stm32g0xx_hal_gpio.o
    0x08003b7e   0x08003b7e   0x00000002   PAD
    0x08003b80   0x08003b80   0x000001d8   Code   RO         1469    i.HAL_GPIO_Init     stm32g0xx_hal_gpio.o
    0x08003d58   0x08003d58   0x00000012   Code   RO         1471    i.HAL_GPIO_ReadPin  stm32g0xx_hal_gpio.o
    0x08003d6a   0x08003d6a   0x00000014   Code   RO         1472    i.HAL_GPIO_TogglePin  stm32g0xx_hal_gpio.o
    0x08003d7e   0x08003d7e   0x0000000c   Code   RO         1473    i.HAL_GPIO_WritePin  stm32g0xx_hal_gpio.o
    0x08003d8a   0x08003d8a   0x00000002   PAD
    0x08003d8c   0x08003d8c   0x0000000c   Code   RO         2021    i.HAL_GetTick       stm32g0xx_hal.o
    0x08003d98   0x08003d98   0x0000006e   Code   RO         2741    i.HAL_I2CEx_ConfigAnalogFilter  stm32g0xx_hal_i2c_ex.o
    0x08003e06   0x08003e06   0x00000070   Code   RO         2742    i.HAL_I2CEx_ConfigDigitalFilter  stm32g0xx_hal_i2c_ex.o
    0x08003e76   0x08003e76   0x00000002   Code   RO         2271    i.HAL_I2C_AbortCpltCallback  stm32g0xx_hal_i2c.o
    0x08003e78   0x08003e78   0x00000002   Code   RO         2272    i.HAL_I2C_AddrCallback  stm32g0xx_hal_i2c.o
    0x08003e7a   0x08003e7a   0x0000008c   Code   RO         2275    i.HAL_I2C_ER_IRQHandler  stm32g0xx_hal_i2c.o
    0x08003f06   0x08003f06   0x0000001e   Code   RO         2276    i.HAL_I2C_EV_IRQHandler  stm32g0xx_hal_i2c.o
    0x08003f24   0x08003f24   0x00000002   Code   RO         2278    i.HAL_I2C_ErrorCallback  stm32g0xx_hal_i2c.o
    0x08003f26   0x08003f26   0x00000002   PAD
    0x08003f28   0x08003f28   0x000000ec   Code   RO         2282    i.HAL_I2C_Init      stm32g0xx_hal_i2c.o
    0x08004014   0x08004014   0x00000002   Code   RO         2284    i.HAL_I2C_ListenCpltCallback  stm32g0xx_hal_i2c.o
    0x08004016   0x08004016   0x00000002   PAD
    0x08004018   0x08004018   0x0000016c   Code   RO         2288    i.HAL_I2C_Master_Receive  stm32g0xx_hal_i2c.o
    0x08004184   0x08004184   0x00000194   Code   RO         2295    i.HAL_I2C_Master_Transmit  stm32g0xx_hal_i2c.o
    0x08004318   0x08004318   0x000000ac   Code   RO          409    i.HAL_I2C_MspInit   i2c.o
    0x080043c4   0x080043c4   0x00000002   Code   RO         2308    i.HAL_I2C_SlaveRxCpltCallback  stm32g0xx_hal_i2c.o
    0x080043c6   0x080043c6   0x00000002   Code   RO         2309    i.HAL_I2C_SlaveTxCpltCallback  stm32g0xx_hal_i2c.o
    0x080043c8   0x080043c8   0x0000007c   Code   RO         2793    i.HAL_IWDG_Init     stm32g0xx_hal_iwdg.o
    0x08004444   0x08004444   0x00000018   Code   RO         2027    i.HAL_IncTick       stm32g0xx_hal.o
    0x0800445c   0x0800445c   0x0000002c   Code   RO         2028    i.HAL_Init          stm32g0xx_hal.o
    0x08004488   0x08004488   0x00000060   Code   RO         2029    i.HAL_InitTick      stm32g0xx_hal.o
    0x080044e8   0x080044e8   0x0000004c   Code   RO          760    i.HAL_MspInit       stm32g0xx_hal_msp.o
    0x08004534   0x08004534   0x0000003c   Code   RO         1892    i.HAL_NVIC_DisableIRQ  stm32g0xx_hal_cortex.o
    0x08004570   0x08004570   0x00000024   Code   RO         1893    i.HAL_NVIC_EnableIRQ  stm32g0xx_hal_cortex.o
    0x08004594   0x08004594   0x00000012   Code   RO         1897    i.HAL_NVIC_SetPriority  stm32g0xx_hal_cortex.o
    0x080045a6   0x080045a6   0x00000002   PAD
    0x080045a8   0x080045a8   0x00000058   Code   RO         1774    i.HAL_PWREx_ControlVoltageScaling  stm32g0xx_hal_pwr_ex.o
    0x08004600   0x08004600   0x00000050   Code   RO         1697    i.HAL_PWR_EnterSTOPMode  stm32g0xx_hal_pwr.o
    0x08004650   0x08004650   0x00000204   Code   RO         1220    i.HAL_RCCEx_PeriphCLKConfig  stm32g0xx_hal_rcc_ex.o
    0x08004854   0x08004854   0x000001d4   Code   RO         1102    i.HAL_RCC_ClockConfig  stm32g0xx_hal_rcc.o
    0x08004a28   0x08004a28   0x0000000c   Code   RO         1108    i.HAL_RCC_GetHCLKFreq  stm32g0xx_hal_rcc.o
    0x08004a34   0x08004a34   0x00000028   Code   RO         1110    i.HAL_RCC_GetPCLK1Freq  stm32g0xx_hal_rcc.o
    0x08004a5c   0x08004a5c   0x000000e4   Code   RO         1112    i.HAL_RCC_GetSysClockFreq  stm32g0xx_hal_rcc.o
    0x08004b40   0x08004b40   0x000005ac   Code   RO         1116    i.HAL_RCC_OscConfig  stm32g0xx_hal_rcc.o
    0x080050ec   0x080050ec   0x00000108   Code   RO         3028    i.HAL_RTCEx_SetWakeUpTimer_IT  stm32g0xx_hal_rtc_ex.o
    0x080051f4   0x080051f4   0x00000002   Code   RO         3034    i.HAL_RTCEx_WakeUpTimerEventCallback  stm32g0xx_hal_rtc_ex.o
    0x080051f6   0x080051f6   0x0000002a   Code   RO         3035    i.HAL_RTCEx_WakeUpTimerIRQHandler  stm32g0xx_hal_rtc_ex.o
    0x08005220   0x08005220   0x000000d4   Code   RO         2834    i.HAL_RTC_Init      stm32g0xx_hal_rtc.o
    0x080052f4   0x080052f4   0x00000078   Code   RO          475    i.HAL_RTC_MspInit   rtc.o
    0x0800536c   0x0800536c   0x000000d4   Code   RO         2840    i.HAL_RTC_SetDate   stm32g0xx_hal_rtc.o
    0x08005440   0x08005440   0x00000100   Code   RO         2841    i.HAL_RTC_SetTime   stm32g0xx_hal_rtc.o
    0x08005540   0x08005540   0x00000038   Code   RO         2842    i.HAL_RTC_WaitForSynchro  stm32g0xx_hal_rtc.o
    0x08005578   0x08005578   0x00000014   Code   RO         2032    i.HAL_ResumeTick    stm32g0xx_hal.o
    0x0800558c   0x0800558c   0x00000002   Code   RO         3274    i.HAL_SPI_ErrorCallback  stm32g0xx_hal_spi.o
    0x0800558e   0x0800558e   0x00000002   PAD
    0x08005590   0x08005590   0x0000019c   Code   RO         3277    i.HAL_SPI_IRQHandler  stm32g0xx_hal_spi.o
    0x0800572c   0x0800572c   0x0000010c   Code   RO         3278    i.HAL_SPI_Init      stm32g0xx_hal_spi.o
    0x08005838   0x08005838   0x00000114   Code   RO          515    i.HAL_SPI_MspInit   spi.o
    0x0800594c   0x0800594c   0x000001d8   Code   RO         3281    i.HAL_SPI_Receive   stm32g0xx_hal_spi.o
    0x08005b24   0x08005b24   0x000001da   Code   RO         3286    i.HAL_SPI_Transmit  stm32g0xx_hal_spi.o
    0x08005cfe   0x08005cfe   0x00000282   Code   RO         3287    i.HAL_SPI_TransmitReceive  stm32g0xx_hal_spi.o
    0x08005f80   0x08005f80   0x00000018   Code   RO         2037    i.HAL_SYSCFG_StrobeDBattpinsConfig  stm32g0xx_hal.o
    0x08005f98   0x08005f98   0x00000038   Code   RO         1901    i.HAL_SYSTICK_Config  stm32g0xx_hal_cortex.o
    0x08005fd0   0x08005fd0   0x00000014   Code   RO         2039    i.HAL_SuspendTick   stm32g0xx_hal.o
    0x08005fe4   0x08005fe4   0x00000002   Code   RO         4339    i.HAL_TIMEx_Break2Callback  stm32g0xx_hal_tim_ex.o
    0x08005fe6   0x08005fe6   0x00000002   Code   RO         4340    i.HAL_TIMEx_BreakCallback  stm32g0xx_hal_tim_ex.o
    0x08005fe8   0x08005fe8   0x00000002   Code   RO         4341    i.HAL_TIMEx_CommutCallback  stm32g0xx_hal_tim_ex.o
    0x08005fea   0x08005fea   0x00000002   PAD
    0x08005fec   0x08005fec   0x00000098   Code   RO         4362    i.HAL_TIMEx_MasterConfigSynchronization  stm32g0xx_hal_tim_ex.o
    0x08006084   0x08006084   0x0000006c   Code   RO         3616    i.HAL_TIM_Base_Init  stm32g0xx_hal_tim.o
    0x080060f0   0x080060f0   0x00000040   Code   RO          560    i.HAL_TIM_Base_MspInit  tim.o
    0x08006130   0x08006130   0x0000006c   Code   RO         3619    i.HAL_TIM_Base_Start  stm32g0xx_hal_tim.o
    0x0800619c   0x0800619c   0x00000038   Code   RO         3622    i.HAL_TIM_Base_Stop  stm32g0xx_hal_tim.o
    0x080061d4   0x080061d4   0x00000118   Code   RO         3625    i.HAL_TIM_ConfigClockSource  stm32g0xx_hal_tim.o
    0x080062ec   0x080062ec   0x00000002   Code   RO         3650    i.HAL_TIM_IC_CaptureCallback  stm32g0xx_hal_tim.o
    0x080062ee   0x080062ee   0x00000002   PAD
    0x080062f0   0x080062f0   0x000001a4   Code   RO         3664    i.HAL_TIM_IRQHandler  stm32g0xx_hal_tim.o
    0x08006494   0x08006494   0x00000002   Code   RO         3667    i.HAL_TIM_OC_DelayElapsedCallback  stm32g0xx_hal_tim.o
    0x08006496   0x08006496   0x00000002   Code   RO         3694    i.HAL_TIM_PWM_PulseFinishedCallback  stm32g0xx_hal_tim.o
    0x08006498   0x08006498   0x00000002   Code   RO         3702    i.HAL_TIM_PeriodElapsedCallback  stm32g0xx_hal_tim.o
    0x0800649a   0x0800649a   0x00000002   Code   RO         3707    i.HAL_TIM_TriggerCallback  stm32g0xx_hal_tim.o
    0x0800649c   0x0800649c   0x00000054   Code   RO         5071    i.HAL_UARTEx_DisableFifoMode  stm32g0xx_hal_uart_ex.o
    0x080064f0   0x080064f0   0x00000002   Code   RO         4649    i.HAL_UARTEx_RxEventCallback  stm32g0xx_hal_uart.o
    0x080064f2   0x080064f2   0x00000002   Code   RO         5079    i.HAL_UARTEx_RxFifoFullCallback  stm32g0xx_hal_uart_ex.o
    0x080064f4   0x080064f4   0x00000060   Code   RO         5080    i.HAL_UARTEx_SetRxFifoThreshold  stm32g0xx_hal_uart_ex.o
    0x08006554   0x08006554   0x0000005e   Code   RO         5081    i.HAL_UARTEx_SetTxFifoThreshold  stm32g0xx_hal_uart_ex.o
    0x080065b2   0x080065b2   0x00000002   Code   RO         5083    i.HAL_UARTEx_TxFifoEmptyCallback  stm32g0xx_hal_uart_ex.o
    0x080065b4   0x080065b4   0x00000002   Code   RO         5084    i.HAL_UARTEx_WakeupCallback  stm32g0xx_hal_uart_ex.o
    0x080065b6   0x080065b6   0x00000002   PAD
    0x080065b8   0x080065b8   0x000000fc   Code   RO         4652    i.HAL_UART_AbortReceive  stm32g0xx_hal_uart.o
    0x080066b4   0x080066b4   0x00000002   Code   RO         4665    i.HAL_UART_ErrorCallback  stm32g0xx_hal_uart.o
    0x080066b6   0x080066b6   0x00000002   PAD
    0x080066b8   0x080066b8   0x00000446   Code   RO         4668    i.HAL_UART_IRQHandler  stm32g0xx_hal_uart.o
    0x08006afe   0x08006afe   0x00000082   Code   RO         4669    i.HAL_UART_Init     stm32g0xx_hal_uart.o
    0x08006b80   0x08006b80   0x00000134   Code   RO          599    i.HAL_UART_MspInit  usart.o
    0x08006cb4   0x08006cb4   0x00000150   Code   RO         4672    i.HAL_UART_Receive  stm32g0xx_hal_uart.o
    0x08006e04   0x08006e04   0x0000007e   Code   RO         4674    i.HAL_UART_Receive_IT  stm32g0xx_hal_uart.o
    0x08006e82   0x08006e82   0x00000002   Code   RO         4676    i.HAL_UART_RxCpltCallback  stm32g0xx_hal_uart.o
    0x08006e84   0x08006e84   0x000000f2   Code   RO         4678    i.HAL_UART_Transmit  stm32g0xx_hal_uart.o
    0x08006f76   0x08006f76   0x00000002   Code   RO         4681    i.HAL_UART_TxCpltCallback  stm32g0xx_hal_uart.o
    0x08006f78   0x08006f78   0x0000003c   Code   RO          647    i.HardFault_Handler  stm32g0xx_it.o
    0x08006fb4   0x08006fb4   0x00000028   Code   RO          648    i.I2C1_IRQHandler   stm32g0xx_it.o
    0x08006fdc   0x08006fdc   0x00000026   Code   RO         2321    i.I2C_DMAAbort      stm32g0xx_hal_i2c.o
    0x08007002   0x08007002   0x00000074   Code   RO         2327    i.I2C_Disable_IRQ   stm32g0xx_hal_i2c.o
    0x08007076   0x08007076   0x00000032   Code   RO         2329    i.I2C_Flush_TXDR    stm32g0xx_hal_i2c.o
    0x080070a8   0x080070a8   0x000000d0   Code   RO         2330    i.I2C_ITAddrCplt    stm32g0xx_hal_i2c.o
    0x08007178   0x08007178   0x0000015c   Code   RO         2331    i.I2C_ITError       stm32g0xx_hal_i2c.o
    0x080072d4   0x080072d4   0x00000078   Code   RO         2332    i.I2C_ITListenCplt  stm32g0xx_hal_i2c.o
    0x0800734c   0x0800734c   0x0000022c   Code   RO         2335    i.I2C_ITSlaveCplt   stm32g0xx_hal_i2c.o
    0x08007578   0x08007578   0x0000009c   Code   RO         2336    i.I2C_ITSlaveSeqCplt  stm32g0xx_hal_i2c.o
    0x08007614   0x08007614   0x0000015c   Code   RO         2337    i.I2C_IsErrorOccurred  stm32g0xx_hal_i2c.o
    0x08007770   0x08007770   0x00000180   Code   RO         2345    i.I2C_Slave_ISR_IT  stm32g0xx_hal_i2c.o
    0x080078f0   0x080078f0   0x0000003c   Code   RO         2346    i.I2C_TransferConfig  stm32g0xx_hal_i2c.o
    0x0800792c   0x0800792c   0x0000003e   Code   RO         2347    i.I2C_TreatErrorCallback  stm32g0xx_hal_i2c.o
    0x0800796a   0x0800796a   0x0000007e   Code   RO         2348    i.I2C_WaitOnFlagUntilTimeout  stm32g0xx_hal_i2c.o
    0x080079e8   0x080079e8   0x000000dc   Code   RO         2349    i.I2C_WaitOnRXNEFlagUntilTimeout  stm32g0xx_hal_i2c.o
    0x08007ac4   0x08007ac4   0x00000066   Code   RO         2350    i.I2C_WaitOnSTOPFlagUntilTimeout  stm32g0xx_hal_i2c.o
    0x08007b2a   0x08007b2a   0x0000006e   Code   RO         2351    i.I2C_WaitOnTXISFlagUntilTimeout  stm32g0xx_hal_i2c.o
    0x08007b98   0x08007b98   0x00000010   Code   RO          810    i.LL_ADC_Disable    stm32g0xx_hal_adc.o
    0x08007ba8   0x08007ba8   0x00000010   Code   RO          811    i.LL_ADC_Enable     stm32g0xx_hal_adc.o
    0x08007bb8   0x08007bb8   0x0000000c   Code   RO          812    i.LL_ADC_GetCommonPathInternalCh  stm32g0xx_hal_adc.o
    0x08007bc4   0x08007bc4   0x0000000c   Code   RO          813    i.LL_ADC_IsDisableOngoing  stm32g0xx_hal_adc.o
    0x08007bd0   0x08007bd0   0x00000010   Code   RO          814    i.LL_ADC_IsEnabled  stm32g0xx_hal_adc.o
    0x08007be0   0x08007be0   0x00000010   Code   RO         1034    i.LL_ADC_IsEnabled  stm32g0xx_hal_adc_ex.o
    0x08007bf0   0x08007bf0   0x0000000e   Code   RO          815    i.LL_ADC_IsInternalRegulatorEnabled  stm32g0xx_hal_adc.o
    0x08007bfe   0x08007bfe   0x0000000c   Code   RO          816    i.LL_ADC_REG_IsConversionOngoing  stm32g0xx_hal_adc.o
    0x08007c0a   0x08007c0a   0x00000016   Code   RO          817    i.LL_ADC_REG_IsTriggerSourceSWStart  stm32g0xx_hal_adc.o
    0x08007c20   0x08007c20   0x00000010   Code   RO          818    i.LL_ADC_REG_StartConversion  stm32g0xx_hal_adc.o
    0x08007c30   0x08007c30   0x0000000e   Code   RO          820    i.LL_ADC_SetCommonPathInternalCh  stm32g0xx_hal_adc.o
    0x08007c3e   0x08007c3e   0x0000001e   Code   RO          821    i.LL_ADC_SetSamplingTimeCommonChannels  stm32g0xx_hal_adc.o
    0x08007c5c   0x08007c5c   0x00000048   Code   RO         6099    i.MFRC522_Anticoll  mfrc522.o
    0x08007ca4   0x08007ca4   0x0000002a   Code   RO         6101    i.MFRC522_Halt      mfrc522.o
    0x08007cce   0x08007cce   0x00000042   Code   RO         6102    i.MFRC522_Init      mfrc522.o
    0x08007d10   0x08007d10   0x00000032   Code   RO         6104    i.MFRC522_Request   mfrc522.o
    0x08007d42   0x08007d42   0x0000000c   Code   RO         6105    i.MFRC522_Reset     mfrc522.o
    0x08007d4e   0x08007d4e   0x00000126   Code   RO         6108    i.MFRC522_ToCard    mfrc522.o
    0x08007e74   0x08007e74   0x00000090   Code   RO          349    i.MX_ADC1_Init      adc.o
    0x08007f04   0x08007f04   0x00000034   Code   RO          386    i.MX_DMA_Init       dma.o
    0x08007f38   0x08007f38   0x000001d8   Code   RO          321    i.MX_GPIO_Init      gpio.o
    0x08008110   0x08008110   0x0000005c   Code   RO          410    i.MX_I2C1_Init      i2c.o
    0x0800816c   0x0800816c   0x00000030   Code   RO          447    i.MX_IWDG_Init      iwdg.o
    0x0800819c   0x0800819c   0x000000e8   Code   RO          476    i.MX_RTC_Init       rtc.o
    0x08008284   0x08008284   0x00000054   Code   RO          516    i.MX_SPI1_Init      spi.o
    0x080082d8   0x080082d8   0x00000054   Code   RO          517    i.MX_SPI2_Init      spi.o
    0x0800832c   0x0800832c   0x00000078   Code   RO          561    i.MX_TIM3_Init      tim.o
    0x080083a4   0x080083a4   0x00000074   Code   RO          600    i.MX_USART1_UART_Init  usart.o
    0x08008418   0x08008418   0x00000074   Code   RO          601    i.MX_USART2_UART_Init  usart.o
    0x0800848c   0x0800848c   0x00000038   Code   RO         5585    i.Make_CMD          fp_driver.o
    0x080084c4   0x080084c4   0x000000d0   Code   RO         5586    i.Match_User        fp_driver.o
    0x08008594   0x08008594   0x00000048   Code   RO          649    i.NMI_Handler       stm32g0xx_it.o
    0x080085dc   0x080085dc   0x0000002c   Code   RO         6690    i.Next_step         tsm12.o
    0x08008608   0x08008608   0x0000002c   Code   RO         6691    i.Next_step1        tsm12.o
    0x08008634   0x08008634   0x00000002   Code   RO          650    i.PendSV_Handler    stm32g0xx_it.o
    0x08008636   0x08008636   0x00000002   PAD
    0x08008638   0x08008638   0x0000004c   Code   RO         5239    i.Play_Voice        ap23xxx_g0x.o
    0x08008684   0x08008684   0x00000040   Code   RO         6301    i.Queue_Read_Byte   system.o
    0x080086c4   0x080086c4   0x00000214   Code   RO         6110    i.RFID_Task_F       mfrc522.o
    0x080088d8   0x080088d8   0x0000001c   Code   RO         2844    i.RTC_ByteToBcd2    stm32g0xx_hal_rtc.o
    0x080088f4   0x080088f4   0x00000050   Code   RO         2845    i.RTC_EnterInitMode  stm32g0xx_hal_rtc.o
    0x08008944   0x08008944   0x00000064   Code   RO         2846    i.RTC_ExitInitMode  stm32g0xx_hal_rtc.o
    0x080089a8   0x080089a8   0x00000020   Code   RO          651    i.RTC_TAMP_IRQHandler  stm32g0xx_it.o
    0x080089c8   0x080089c8   0x000000f4   Code   RO         5306    i.Read_BAT          battery.o
    0x08008abc   0x08008abc   0x00000030   Code   RO         6111    i.Read_Card         mfrc522.o
    0x08008aec   0x08008aec   0x0000001c   Code   RO         5507    i.Read_DB           flash.o
    0x08008b08   0x08008b08   0x00000054   Code   RO         6112    i.Read_MFRC522      mfrc522.o
    0x08008b5c   0x08008b5c   0x000000d8   Code   RO         5508    i.Read_When_Run     flash.o
    0x08008c34   0x08008c34   0x00000174   Code   RO         5587    i.Register_User     fp_driver.o
    0x08008da8   0x08008da8   0x00000174   Code   RO         6266    i.Run_Motor         motor_driver.o
    0x08008f1c   0x08008f1c   0x00000110   Code   RO         5711    i.Run_RGB           leds.o
    0x0800902c   0x0800902c   0x00000010   Code   RO          652    i.SPI1_IRQHandler   stm32g0xx_it.o
    0x0800903c   0x0800903c   0x00000018   Code   RO         3305    i.SPI_DMAAbortOnError  stm32g0xx_hal_spi.o
    0x08009054   0x08009054   0x0000008e   Code   RO         3315    i.SPI_EndRxTransaction  stm32g0xx_hal_spi.o
    0x080090e2   0x080090e2   0x0000006a   Code   RO         3316    i.SPI_EndRxTxTransaction  stm32g0xx_hal_spi.o
    0x0800914c   0x0800914c   0x000000fc   Code   RO         3321    i.SPI_WaitFifoStateUntilTimeout  stm32g0xx_hal_spi.o
    0x08009248   0x08009248   0x000000dc   Code   RO         3322    i.SPI_WaitFlagStateUntilTimeout  stm32g0xx_hal_spi.o
    0x08009324   0x08009324   0x00000002   Code   RO          653    i.SVC_Handler       stm32g0xx_it.o
    0x08009326   0x08009326   0x00000002   PAD
    0x08009328   0x08009328   0x00000094   Code   RO         6607    i.Save_Temp_Online_pass1  temp_pass.o
    0x080093bc   0x080093bc   0x0000001c   Code   RO         6113    i.SetBitMask        mfrc522.o
    0x080093d8   0x080093d8   0x0000000c   Code   RO         5240    i.Set_AP23xxx_Active_State  ap23xxx_g0x.o
    0x080093e4   0x080093e4   0x0000000c   Code   RO         5588    i.Set_FP_Active_State  fp_driver.o
    0x080093f0   0x080093f0   0x0000000c   Code   RO         5509    i.Set_Flash_Write_Active  flash.o
    0x080093fc   0x080093fc   0x0000000c   Code   RO         6114    i.Set_MFRC522_Active_State  mfrc522.o
    0x08009408   0x08009408   0x0000000c   Code   RO         6267    i.Set_Motor_Active_State  motor_driver.o
    0x08009414   0x08009414   0x00000064   Code   RO         5712    i.Set_RGB           leds.o
    0x08009478   0x08009478   0x00000014   Code   RO         5241    i.Set_Voice_Add     ap23xxx_g0x.o
    0x0800948c   0x0800948c   0x00000354   Code   RO         6748    i.Smart_Lock_IO     tuya_app.o
    0x080097e0   0x080097e0   0x000002d8   Code   RO           13    i.Smart_Lock_Task   main.o
    0x08009ab8   0x08009ab8   0x000001b8   Code   RO          654    i.SysTick_Handler   stm32g0xx_it.o
    0x08009c70   0x08009c70   0x0000007c   Code   RO           14    i.SystemClock_Config  main.o
    0x08009cec   0x08009cec   0x0000006c   Code   RO           15    i.SystemClock_Config_For_Sleep  main.o
    0x08009d58   0x08009d58   0x00000002   Code   RO         5202    i.SystemInit        system_stm32g0xx.o
    0x08009d5a   0x08009d5a   0x00000002   PAD
    0x08009d5c   0x08009d5c   0x00000010   Code   RO          655    i.TIM3_IRQHandler   stm32g0xx_it.o
    0x08009d6c   0x08009d6c   0x000000b0   Code   RO         3709    i.TIM_Base_SetConfig  stm32g0xx_hal_tim.o
    0x08009e1c   0x08009e1c   0x0000001c   Code   RO         3720    i.TIM_ETR_SetConfig  stm32g0xx_hal_tim.o
    0x08009e38   0x08009e38   0x00000018   Code   RO         3721    i.TIM_ITRx_SetConfig  stm32g0xx_hal_tim.o
    0x08009e50   0x08009e50   0x00000032   Code   RO         3729    i.TIM_TI1_ConfigInputStage  stm32g0xx_hal_tim.o
    0x08009e82   0x08009e82   0x00000032   Code   RO         3731    i.TIM_TI2_ConfigInputStage  stm32g0xx_hal_tim.o
    0x08009eb4   0x08009eb4   0x00000c70   Code   RO         6692    i.TSM_Data_Process  tsm12.o
    0x0800ab24   0x0800ab24   0x00000330   Code   RO         6693    i.TSM_Init          tsm12.o
    0x0800ae54   0x0800ae54   0x000000a4   Code   RO         6694    i.Touch_Pad_check   tsm12.o
    0x0800aef8   0x0800aef8   0x000000f4   Code   RO         6749    i.Tuya_loop         tuya_app.o
    0x0800afec   0x0800afec   0x00000068   Code   RO         5085    i.UARTEx_SetNbDataToProcess  stm32g0xx_hal_uart_ex.o
    0x0800b054   0x0800b054   0x000000f0   Code   RO         4683    i.UART_AdvFeatureConfig  stm32g0xx_hal_uart.o
    0x0800b144   0x0800b144   0x00000104   Code   RO         4684    i.UART_CheckIdleState  stm32g0xx_hal_uart.o
    0x0800b248   0x0800b248   0x00000018   Code   RO         4685    i.UART_DMAAbortOnError  stm32g0xx_hal_uart.o
    0x0800b260   0x0800b260   0x00000084   Code   RO         4695    i.UART_EndRxTransfer  stm32g0xx_hal_uart.o
    0x0800b2e4   0x0800b2e4   0x00000038   Code   RO         4696    i.UART_EndTransmit_IT  stm32g0xx_hal_uart.o
    0x0800b31c   0x0800b31c   0x0000011c   Code   RO         4698    i.UART_RxISR_16BIT  stm32g0xx_hal_uart.o
    0x0800b438   0x0800b438   0x00000240   Code   RO         4699    i.UART_RxISR_16BIT_FIFOEN  stm32g0xx_hal_uart.o
    0x0800b678   0x0800b678   0x0000011c   Code   RO         4700    i.UART_RxISR_8BIT   stm32g0xx_hal_uart.o
    0x0800b794   0x0800b794   0x00000240   Code   RO         4701    i.UART_RxISR_8BIT_FIFOEN  stm32g0xx_hal_uart.o
    0x0800b9d4   0x0800b9d4   0x00000230   Code   RO         4702    i.UART_SetConfig    stm32g0xx_hal_uart.o
    0x0800bc04   0x0800bc04   0x000001a0   Code   RO         4704    i.UART_Start_Receive_IT  stm32g0xx_hal_uart.o
    0x0800bda4   0x0800bda4   0x000000b4   Code   RO         4709    i.UART_WaitOnFlagUntilTimeout  stm32g0xx_hal_uart.o
    0x0800be58   0x0800be58   0x00000024   Code   RO          656    i.USART2_IRQHandler  stm32g0xx_it.o
    0x0800be7c   0x0800be7c   0x000000e8   Code   RO         6750    i.Unlock_remotly    tuya_app.o
    0x0800bf64   0x0800bf64   0x00000048   Code   RO         6115    i.Write_MFRC522     mfrc522.o
    0x0800bfac   0x0800bfac   0x0000003a   Code   RO         5405    i.Write_To_DB       buffer.o
    0x0800bfe6   0x0800bfe6   0x00000046   Code   RO         5510    i.Write_page        flash.o
    0x0800c02c   0x0800c02c   0x0000001c   Code   RO         1633    i.__ARM_common_switch8  stm32g0xx_hal_dma.o
    0x0800c048   0x0800c048   0x00000078   Code   RO         1903    i.__NVIC_SetPriority  stm32g0xx_hal_cortex.o
    0x0800c0c0   0x0800c0c0   0x00000006   Code   RO         4710    i.__get_PRIMASK     stm32g0xx_hal_uart.o
    0x0800c0c6   0x0800c0c6   0x00000006   Code   RO         4711    i.__set_PRIMASK     stm32g0xx_hal_uart.o
    0x0800c0cc   0x0800c0cc   0x0000003c   Code   RO         5447    i.active_dis_device  common.o
    0x0800c108   0x0800c108   0x0000001a   Code   RO         5893    i.byte_to_int       mcu_api.o
    0x0800c122   0x0800c122   0x00000002   PAD
    0x0800c124   0x0800c124   0x0000002c   Code   RO         6751    i.check_communcation  tuya_app.o
    0x0800c150   0x0800c150   0x000001f0   Code   RO         6610    i.check_valid_pass  temp_pass.o
    0x0800c340   0x0800c340   0x00000038   Code   RO         6695    i.clear_and_warrning  tsm12.o
    0x0800c378   0x0800c378   0x00000026   Code   RO         6611    i.compare_id        temp_pass.o
    0x0800c39e   0x0800c39e   0x0000001c   Code   RO         6612    i.convert_date_value  temp_pass.o
    0x0800c3ba   0x0800c3ba   0x00000002   PAD
    0x0800c3bc   0x0800c3bc   0x0000019c   Code   RO         6302    i.data_handle       system.o
    0x0800c558   0x0800c558   0x00000040   Code   RO         6303    i.data_point_handle  system.o
    0x0800c598   0x0800c598   0x00000048   Code   RO         5448    i.delete_id         common.o
    0x0800c5e0   0x0800c5e0   0x00000024   Code   RO         6394    i.dp_download_auto_lock_time_handle  protocol.o
    0x0800c604   0x0800c604   0x00000024   Code   RO         6395    i.dp_download_automatic_lock_handle  protocol.o
    0x0800c628   0x0800c628   0x00000024   Code   RO         6396    i.dp_download_battery_percentage_handle  protocol.o
    0x0800c64c   0x0800c64c   0x00000024   Code   RO         6397    i.dp_download_create_ok_handle  protocol.o
    0x0800c670   0x0800c670   0x0000004e   Code   RO         6398    i.dp_download_create_type_ack_handle  protocol.o
    0x0800c6be   0x0800c6be   0x0000001c   Code   RO         6399    i.dp_download_door_input_ok_kit_handle  protocol.o
    0x0800c6da   0x0800c6da   0x000001f6   Code   RO         6400    i.dp_download_handle  protocol.o
    0x0800c8d0   0x0800c8d0   0x0000001c   Code   RO         6401    i.dp_download_initiative_message_handle  protocol.o
    0x0800c8ec   0x0800c8ec   0x0000003c   Code   RO         6402    i.dp_download_link_mode_handle  protocol.o
    0x0800c928   0x0800c928   0x0000001c   Code   RO         6403    i.dp_download_local_capacity_link_handle  protocol.o
    0x0800c944   0x0800c944   0x0000001c   Code   RO         6404    i.dp_download_lock_local_record_handle  protocol.o
    0x0800c960   0x0800c960   0x00000036   Code   RO         6405    i.dp_download_lock_motor_direction_handle  protocol.o
    0x0800c996   0x0800c996   0x00000024   Code   RO         6406    i.dp_download_lock_motor_state_handle  protocol.o
    0x0800c9ba   0x0800c9ba   0x0000001c   Code   RO         6407    i.dp_download_lock_record_handle  protocol.o
    0x0800c9d6   0x0800c9d6   0x00000024   Code   RO         6408    i.dp_download_message_handle  protocol.o
    0x0800c9fa   0x0800c9fa   0x00000024   Code   RO         6409    i.dp_download_remote_delete_cd_handle  protocol.o
    0x0800ca1e   0x0800ca1e   0x00000024   Code   RO         6410    i.dp_download_remote_delete_fp_handle  protocol.o
    0x0800ca42   0x0800ca42   0x00000002   PAD
    0x0800ca44   0x0800ca44   0x00000054   Code   RO         6411    i.dp_download_remote_no_dp_key_handle  protocol.o
    0x0800ca98   0x0800ca98   0x00000068   Code   RO         6412    i.dp_download_remote_no_pd_setkey_handle  protocol.o
    0x0800cb00   0x0800cb00   0x0000001c   Code   RO         6413    i.dp_download_synch_method_handle  protocol.o
    0x0800cb1c   0x0800cb1c   0x0000001c   Code   RO         6414    i.dp_download_temporary_password_creat_handle  protocol.o
    0x0800cb38   0x0800cb38   0x0000001c   Code   RO         6415    i.dp_download_temporary_password_delete_handle  protocol.o
    0x0800cb54   0x0800cb54   0x0000001c   Code   RO         6416    i.dp_download_temporary_password_modify_handle  protocol.o
    0x0800cb70   0x0800cb70   0x0000001c   Code   RO         6417    i.dp_download_unlock_method_create_handle  protocol.o
    0x0800cb8c   0x0800cb8c   0x0000001c   Code   RO         6418    i.dp_download_unlock_method_delete_handle  protocol.o
    0x0800cba8   0x0800cba8   0x0000001c   Code   RO         6419    i.dp_download_unlock_method_modify_handle  protocol.o
    0x0800cbc4   0x0800cbc4   0x00000024   Code   RO         6420    i.dp_download_unlock_phone_remote_handle  protocol.o
    0x0800cbe8   0x0800cbe8   0x00000024   Code   RO         6421    i.dp_download_unlock_voice_remote_handle  protocol.o
    0x0800cc0c   0x0800cc0c   0x0000002c   Code   RO         5511    i.erase_page        flash.o
    0x0800cc38   0x0800cc38   0x00000044   Code   RO         5449    i.fail_ademin_login  common.o
    0x0800cc7c   0x0800cc7c   0x00000078   Code   RO         5307    i.getADCValues      battery.o
    0x0800ccf4   0x0800ccf4   0x0000000c   Code   RO         5589    i.get_blink_color   fp_driver.o
    0x0800cd00   0x0800cd00   0x0000001c   Code   RO         6304    i.get_check_sum     system.o
    0x0800cd1c   0x0800cd1c   0x0000002c   Code   RO         6305    i.get_dowmload_dpid_index  system.o
    0x0800cd48   0x0800cd48   0x00000004   Code   RO         6422    i.get_download_cmd_total  protocol.o
    0x0800cd4c   0x0800cd4c   0x0000001c   Code   RO         6307    i.get_queue_total_data  system.o
    0x0800cd68   0x0800cd68   0x00000038   Code   RO         5713    i.get_temp_pass     leds.o
    0x0800cda0   0x0800cda0   0x00000044   Code   RO         5714    i.led_all_reset     leds.o
    0x0800cde4   0x0800cde4   0x00000044   Code   RO         5715    i.led_all_set       leds.o
    0x0800ce28   0x0800ce28   0x000000d0   Code   RO         5716    i.led_blink_start   leds.o
    0x0800cef8   0x0800cef8   0x0000002c   Code   RO         5717    i.led_blink_stop    leds.o
    0x0800cf24   0x0800cf24   0x00000428   Code   RO           16    i.main              main.o
    0x0800d34c   0x0800d34c   0x00000068   Code   RO         5897    i.mcu_dp_bool_update  mcu_api.o
    0x0800d3b4   0x0800d3b4   0x00000058   Code   RO         5898    i.mcu_dp_enum_update  mcu_api.o
    0x0800d40c   0x0800d40c   0x00000070   Code   RO         5900    i.mcu_dp_raw_update  mcu_api.o
    0x0800d47c   0x0800d47c   0x00000078   Code   RO         5902    i.mcu_dp_value_update  mcu_api.o
    0x0800d4f4   0x0800d4f4   0x00000006   Code   RO         5903    i.mcu_get_dp_download_bool  mcu_api.o
    0x0800d4fa   0x0800d4fa   0x00000006   Code   RO         5904    i.mcu_get_dp_download_enum  mcu_api.o
    0x0800d500   0x0800d500   0x0000000e   Code   RO         5905    i.mcu_get_dp_download_value  mcu_api.o
    0x0800d50e   0x0800d50e   0x0000000c   Code   RO         5906    i.mcu_get_gelin_time  mcu_api.o
    0x0800d51a   0x0800d51a   0x0000000c   Code   RO         5790    i.mcu_get_schedule_temp_pass  lock_api.o
    0x0800d526   0x0800d526   0x00000002   PAD
    0x0800d528   0x0800d528   0x0000000c   Code   RO         5909    i.mcu_get_wifi_work_state  mcu_api.o
    0x0800d534   0x0800d534   0x00000018   Code   RO         5911    i.mcu_reset_wifi    mcu_api.o
    0x0800d54c   0x0800d54c   0x00000024   Code   RO         5912    i.mcu_set_wifi_mode  mcu_api.o
    0x0800d570   0x0800d570   0x000001d0   Code   RO         6423    i.mcu_write_gltime  protocol.o
    0x0800d740   0x0800d740   0x00000002   Code   RO         6424    i.mcu_write_rtctime  protocol.o
    0x0800d742   0x0800d742   0x00000002   PAD
    0x0800d744   0x0800d744   0x0000000c   Code   RO         5308    i.measureMicrosecondsGet  battery.o
    0x0800d750   0x0800d750   0x00000018   Code   RO         5309    i.measureMicrosecondsStart  battery.o
    0x0800d768   0x0800d768   0x00000010   Code   RO         5310    i.measureMicrosecondsStop  battery.o
    0x0800d778   0x0800d778   0x0000008e   Code   RO         5311    i.movingAvg         battery.o
    0x0800d806   0x0800d806   0x00000008   Code   RO         5792    i.mul_temp_pass_data  lock_api.o
    0x0800d80e   0x0800d80e   0x00000072   Code   RO         5793    i.mul_temp_pass_handle  lock_api.o
    0x0800d880   0x0800d880   0x0000004c   Code   RO         5914    i.my_memcpy         mcu_api.o
    0x0800d8cc   0x0800d8cc   0x0000001c   Code   RO         5918    i.my_strlen         mcu_api.o
    0x0800d8e8   0x0800d8e8   0x00000036   Code   RO         5794    i.offline_dynamic_password  lock_api.o
    0x0800d91e   0x0800d91e   0x00000002   PAD
    0x0800d920   0x0800d920   0x0000004c   Code   RO         5795    i.offline_dynamic_password_result  lock_api.o
    0x0800d96c   0x0800d96c   0x00000020   Code   RO         5796    i.pass_check_handle  lock_api.o
    0x0800d98c   0x0800d98c   0x00000108   Code   RO         6308    i.product_info_update  system.o
    0x0800da94   0x0800da94   0x000000c8   Code   RO         5450    i.registrtion_id    common.o
    0x0800db5c   0x0800db5c   0x0000002c   Code   RO         5718    i.reset_leds        leds.o
    0x0800db88   0x0800db88   0x0000001c   Code   RO         5797    i.schedule_data_process  lock_api.o
    0x0800dba4   0x0800dba4   0x000001fc   Code   RO         5798    i.schedule_temp_pass_data  lock_api.o
    0x0800dda0   0x0800dda0   0x00000096   Code   RO         5799    i.schedule_temp_pass_handle  lock_api.o
    0x0800de36   0x0800de36   0x00000002   PAD
    0x0800de38   0x0800de38   0x00000030   Code   RO         6752    i.send_battery_state  tuya_app.o
    0x0800de68   0x0800de68   0x0000000c   Code   RO         5590    i.set_blink_color   fp_driver.o
    0x0800de74   0x0800de74   0x00000024   Code   RO         6309    i.set_wifi_uart_buffer  system.o
    0x0800de98   0x0800de98   0x00000010   Code   RO         6310    i.set_wifi_uart_byte  system.o
    0x0800dea8   0x0800dea8   0x00000214   Code   RO           17    i.sleep_init        main.o
    0x0800e0bc   0x0800e0bc   0x0000004c   Code   RO         5451    i.success_admin_login  common.o
    0x0800e108   0x0800e108   0x000000ec   Code   RO         5452    i.system_reset      common.o
    0x0800e1f4   0x0800e1f4   0x00000002   Code   RO         5800    i.temp_pass_handle  lock_api.o
    0x0800e1f6   0x0800e1f6   0x00000002   PAD
    0x0800e1f8   0x0800e1f8   0x00000124   Code   RO         5719    i.touch_led         leds.o
    0x0800e31c   0x0800e31c   0x00000040   Code   RO         6753    i.tuya_init         tuya_app.o
    0x0800e35c   0x0800e35c   0x00000060   Code   RO         5919    i.uart_receive_input  mcu_api.o
    0x0800e3bc   0x0800e3bc   0x000000f8   Code   RO         5591    i.wait_blinking     fp_driver.o
    0x0800e4b4   0x0800e4b4   0x000002f8   Code   RO           18    i.wakeup_init       main.o
    0x0800e7ac   0x0800e7ac   0x0000002c   Code   RO         5920    i.wifi_protocol_init  mcu_api.o
    0x0800e7d8   0x0800e7d8   0x0000002c   Code   RO         6426    i.wifi_reset_notice  protocol.o
    0x0800e804   0x0800e804   0x0000000c   Code   RO         6427    i.wifi_test_result  protocol.o
    0x0800e810   0x0800e810   0x000000fc   Code   RO         5921    i.wifi_uart_service  mcu_api.o
    0x0800e90c   0x0800e90c   0x00000070   Code   RO         6312    i.wifi_uart_write_frame  system.o
    0x0800e97c   0x0800e97c   0x00000020   Code   RO         6428    i.wifi_update_handle  protocol.o
    0x0800e99c   0x0800e99c   0x00000064   Code   RO         7157    x$fpl$dleqf         fz_ps.l(dlef.o)
    0x0800ea00   0x0800ea00   0x00000068   Code   RO         7161    x$fpl$drleqf        fz_ps.l(drlef.o)
    0x0800ea68   0x0800ea68   0x00000000   Code   RO         7266    x$fpl$usenofp       fz_ps.l(usenofp.o)
    0x0800ea68   0x0800ea68   0x00000020   Data   RO         4712    .constdata          stm32g0xx_hal_uart.o
    0x0800ea88   0x0800ea88   0x00000017   Data   RO         5089    .constdata          stm32g0xx_hal_uart_ex.o
    0x0800ea9f   0x0800ea9f   0x00000001   PAD
    0x0800eaa0   0x0800eaa0   0x00000068   Data   RO         5203    .constdata          system_stm32g0xx.o
    0x0800eb08   0x0800eb08   0x000000a8   Data   RO         6430    .constdata          protocol.o
    0x0800ebb0   0x0800ebb0   0x00000080   Data   RO         7153    .constdata          fz_ps.l(ddiv.o)
    0x0800ec30   0x0800ec30   0x00000020   Data   RO         7407    Region$$Table       anon$$obj.o


    Execution Region RW_IRAM1 (Exec base: 0x20000000, Load base: 0x0800ec50, Size: 0x000033f8, Max: 0x00009000, ABSOLUTE, COMPRESSED[0x0000006c])

    Exec Addr    Load Addr    Size         Type   Attr      Idx    E Section Name        Object

    0x20000000   COMPRESSED   0x00000058   Data   RW           21    .data               main.o
    0x20000058   COMPRESSED   0x0000000b   Data   RW          658    .data               stm32g0xx_it.o
    0x20000063   COMPRESSED   0x00000001   PAD
    0x20000064   COMPRESSED   0x00000009   Data   RW         2041    .data               stm32g0xx_hal.o
    0x2000006d   COMPRESSED   0x00000003   PAD
    0x20000070   COMPRESSED   0x00000004   Data   RW         5204    .data               system_stm32g0xx.o
    0x20000074   COMPRESSED   0x00000004   Data   RW         5243    .data               ap23xxx_g0x.o
    0x20000078   COMPRESSED   0x00000056   Data   RW         5314    .data               battery.o
    0x200000ce   COMPRESSED   0x00000006   Data   RW         5454    .data               common.o
    0x200000d4   COMPRESSED   0x00000002   Data   RW         5514    .data               flash.o
    0x200000d6   COMPRESSED   0x00000002   PAD
    0x200000d8   COMPRESSED   0x00000044   Data   RW         5593    .data               fp_driver.o
    0x2000011c   COMPRESSED   0x00000022   Data   RW         5721    .data               leds.o
    0x2000013e   COMPRESSED   0x00000002   Data   RW         5924    .data               mcu_api.o
    0x20000140   COMPRESSED   0x00000018   Data   RW         6118    .data               mfrc522.o
    0x20000158   COMPRESSED   0x00000008   Data   RW         6269    .data               motor_driver.o
    0x20000160   COMPRESSED   0x0000000e   Data   RW         6315    .data               system.o
    0x2000016e   COMPRESSED   0x00000002   PAD
    0x20000170   COMPRESSED   0x000000e2   Data   RW         6431    .data               protocol.o
    0x20000252   COMPRESSED   0x00000002   PAD
    0x20000254   COMPRESSED   0x0000003a   Data   RW         6698    .data               tsm12.o
    0x2000028e   COMPRESSED   0x00000002   PAD
    0x20000290   COMPRESSED   0x00000024   Data   RW         6757    .data               tuya_app.o
    0x200002b4        -       0x00000014   Zero   RW           19    .bss                main.o
    0x200002c8        -       0x000000c0   Zero   RW          350    .bss                adc.o
    0x20000388        -       0x00000054   Zero   RW          411    .bss                i2c.o
    0x200003dc        -       0x00000010   Zero   RW          448    .bss                iwdg.o
    0x200003ec        -       0x0000002c   Zero   RW          477    .bss                rtc.o
    0x20000418        -       0x000000c8   Zero   RW          518    .bss                spi.o
    0x200004e0        -       0x0000004c   Zero   RW          562    .bss                tim.o
    0x2000052c        -       0x00000128   Zero   RW          602    .bss                usart.o
    0x20000654        -       0x0000001c   Zero   RW         1279    .bss                stm32g0xx_hal_flash.o
    0x20000670        -       0x00000258   Zero   RW         5312    .bss                battery.o
    0x200008c8        -       0x00000010   Zero   RW         5512    .bss                flash.o
    0x200008d8        -       0x00000320   Zero   RW         6116    .bss                mfrc522.o
    0x20000bf8        -       0x00000525   Zero   RW         6313    .bss                system.o
    0x2000111d   COMPRESSED   0x00000003   PAD
    0x20001120        -       0x0000041d   Zero   RW         6429    .bss                protocol.o
    0x2000153d   COMPRESSED   0x00000003   PAD
    0x20001540        -       0x00000320   Zero   RW         6616    .bss                temp_pass.o
    0x20001860        -       0x0000032b   Zero   RW         6696    .bss                tsm12.o
    0x20001b8b        -       0x0000000a   Zero   RW         6755    .bss                tuya_app.o
    0x20001b95   COMPRESSED   0x00000003   PAD
    0x20001b98        -       0x00000060   Zero   RW         7270    .bss                c_p.l(libspace.o)
    0x20001bf8        -       0x00000600   Zero   RW            2    HEAP                startup_stm32g070xx.o
    0x200021f8        -       0x00001200   Zero   RW            1    STACK               startup_stm32g070xx.o


==============================================================================

Image component sizes


      Code (inc. data)   RO Data    RW Data    ZI Data      Debug   Object Name

       408         40          0          0        192       2683   adc.o
       236         40          0          4          0       4040   ap23xxx_g0x.o
      1118        138          0         86        600       8911   battery.o
       490          4          0          0          0       5191   buffer.o
       712        116          0          6          0       6315   common.o
        52          4          0          0          0        882   dma.o
       518         96          0          2         16       6915   flash.o
      2336        274          0         68          0      18092   fp_driver.o
       472         34          0          0          0       5715   gpio.o
       264         24          0          0         84       2001   i2c.o
        48         14          0          0         16        847   iwdg.o
      1204        208          0         34          0       7163   leds.o
       984          4          0          0          0       9772   lock_api.o
      3322        390          0         88         20     535744   main.o
      1056         90          0          2          0      11426   mcu_api.o
      1462         98          0         24        800      14598   mfrc522.o
       396         60          0          8          0       2134   motor_driver.o
      2136         70        168        226       1053      46272   protocol.o
       352         16          0          0         44       2087   rtc.o
       444         36          0          0        200       2658   spi.o
        56         26        184          0       6144        708   startup_stm32g070xx.o
       284         56          0          9          0      18651   stm32g0xx_hal.o
      3372        134          0          0          0      52558   stm32g0xx_hal_adc.o
       452         18          0          0          0      37599   stm32g0xx_hal_adc_ex.o
       290         32          0          0          0      13243   stm32g0xx_hal_cortex.o
      1354         46          0          0          0       8681   stm32g0xx_hal_dma.o
       472         52          0          0         28      17038   stm32g0xx_hal_flash.o
       224         24          0          0          0       2670   stm32g0xx_hal_flash_ex.o
       846         40          0          0          0       6354   stm32g0xx_hal_gpio.o
      4190         80          0          0          0      24286   stm32g0xx_hal_i2c.o
       222          0          0          0          0       2107   stm32g0xx_hal_i2c_ex.o
       124         14          0          0          0       1420   stm32g0xx_hal_iwdg.o
        76          4          0          0          0        978   stm32g0xx_hal_msp.o
        80          8          0          0          0        684   stm32g0xx_hal_pwr.o
        88         12          0          0          0        818   stm32g0xx_hal_pwr_ex.o
      2200         96          0          0          0      21585   stm32g0xx_hal_rcc.o
       516         12          0          0          0       1744   stm32g0xx_hal_rcc_ex.o
       944         22          0          0          0       6252   stm32g0xx_hal_rtc.o
       308         10          0          0          0       2789   stm32g0xx_hal_rtc_ex.o
      3014         16          0          0          0      11947   stm32g0xx_hal_spi.o
      1310         58          0          0          0      11644   stm32g0xx_hal_tim.o
       158         12          0          0          0       3364   stm32g0xx_hal_tim_ex.o
      5788        114         32          0          0      43471   stm32g0xx_hal_uart.o
       384         10         23          0          0       6094   stm32g0xx_hal_uart_ex.o
      1000        210          0         11          0      18029   stm32g0xx_it.o
      1068        156          0         14       1317       9522   system.o
         2          0        104          4          0       1359   system_stm32g0xx.o
       914         32          0          0        800      26148   temp_pass.o
       184         22          0          0         76       1954   tim.o
      4308        270          0         58        811      11189   tsm12.o
      1684        208          0         36         10      12396   tuya_app.o
       540         34          0          0        296       2811   usart.o

    ----------------------------------------------------------------------
     54524       3584        544        692      12516    1073539   Object Totals
         0          0         32          0          0          0   (incl. Generated)
        62          0          1         12          9          0   (incl. Padding)

    ----------------------------------------------------------------------

      Code (inc. data)   RO Data    RW Data    ZI Data      Debug   Library Member Name

        86          0          0          0          0          0   __dczerorl2.o
         8          0          0          0          0         68   __main.o
       108          0          0          0          0         76   __printf.o
         0          0          0          0          0          0   __rtentry.o
        12          0          0          0          0          0   __rtentry2.o
         6          0          0          0          0          0   __rtentry4.o
        60          8          0          0          0          0   __scatter.o
        28          0          0          0          0          0   __scatter_zi.o
        48          6          0          0          0         88   _printf_char_common.o
        10          0          0          0          0          0   _printf_d.o
       108         18          0          0          0         76   _printf_dec.o
       176          0          0          0          0         84   _printf_intcommon.o
         2          0          0          0          0          0   _printf_percent.o
         4          0          0          0          0          0   _printf_percent_end.o
        10          0          0          0          0         60   _sputc.o
        18          0          0          0          0         68   aeabi_memset.o
       346          0          0          0          0         92   aeabi_sdiv.o
        12          0          0          0          0         68   defsig_exit.o
        52          0          0          0          0         72   defsig_general.o
        80         58          0          0          0         68   defsig_rtmem_inner.o
        12          0          0          0          0         68   defsig_rtmem_outer.o
        16          0          0          0          0         68   exit.o
        98          0          0          0          0         72   h1_alloc.o
        52          0          0          0          0         68   h1_extend.o
        76          0          0          0          0         72   h1_free.o
        14          0          0          0          0         76   h1_init.o
         6          0          0          0          0        136   heapauxi.o
         4          0          0          0          0        120   hguard.o
         0          0          0          0          0          0   indicate_semi.o
       136          0          0          0          0        160   init_alloc.o
         2          0          0          0          0          0   libinit.o
        10          0          0          0          0          0   libinit2.o
         2          0          0          0          0          0   libshutdown.o
         2          0          0          0          0          0   libshutdown2.o
         8          4          0          0         96         68   libspace.o
         0          0          0          0          0          0   maybetermalloc1.o
        40          4          0          0          0         84   noretval__2sprintf.o
         8          4          0          0          0         68   rt_heap_descriptor_intlibspace.o
        64          0          0          0          0        108   rt_memclr.o
         2          0          0          0          0          0   rtexit.o
        10          0          0          0          0          0   rtexit2.o
        40          0          0          0          0         60   rtudiv10.o
       108          4          0          0          0         76   strncpy.o
        12          4          0          0          0         60   sys_exit.o
        62          0          0          0          0         80   sys_stackheap_outer.o
        12          0          0          0          0         68   sys_wrch.o
         2          0          0          0          0         68   use_no_semi.o
        46          0          0          0          0         60   cmpret.o
       856         20          0          0          0        208   daddsub.o
       144          4          0          0          0         76   dcmpin.o
      1096         26        128          0          0        112   ddiv.o
        88          0          0          0          0         92   dflti.o
       100          4          0          0          0         92   dlef.o
       584         26          0          0          0         84   dmul.o
        20          6          0          0          0         68   dnan2.o
       104          4          0          0          0        104   drlef.o
        84          4          0          0          0         60   f2d.o
        94          0          0          0          0         92   fflti.o
        94          0          0          0          0         68   retnan.o
         0          0          0          0          0          0   usenofp.o

    ----------------------------------------------------------------------
      5300        204        128          0         96       3516   Library Totals
        18          0          0          0          0          0   (incl. Padding)

    ----------------------------------------------------------------------

      Code (inc. data)   RO Data    RW Data    ZI Data      Debug   Library Name

      1972        110          0          0         96       2400   c_p.l
      3310         94        128          0          0       1116   fz_ps.l

    ----------------------------------------------------------------------
      5300        204        128          0         96       3516   Library Totals

    ----------------------------------------------------------------------

==============================================================================


      Code (inc. data)   RO Data    RW Data    ZI Data      Debug   

     59824       3788        672        692      12612    1058411   Grand Totals
     59824       3788        672        108      12612    1058411   ELF Image Totals (compressed)
     59824       3788        672        108          0          0   ROM Totals

==============================================================================

    Total RO  Size (Code + RO Data)                60496 (  59.08kB)
    Total RW  Size (RW Data + ZI Data)             13304 (  12.99kB)
    Total ROM Size (Code + RO Data + RW Data)      60604 (  59.18kB)

==============================================================================

